Archive member included to satisfy reference by file (symbol)

c:/program files/microchip/xc32/v4.60/bin/bin/../../lib/gcc/pic32c/8.3.1/../../../../pic32c/lib/thumb/v7e-m+fp/hard\libpic32c.a(data_init.o)
                              build/sam_e54_cult/production/_ext/67477800/startup_xc32.o (__pic32c_data_initialization)
c:/program files/microchip/xc32/v4.60/bin/bin/../../lib/gcc/pic32c/8.3.1/../../../../pic32c/lib/thumb/v7e-m+fp/hard\libc-size-musl.a(memcpy.o)
                              build/sam_e54_cult/production/_ext/1320929860/plib_nvmctrl.o (memcpy)
c:/program files/microchip/xc32/v4.60/bin/bin/../../lib/gcc/pic32c/8.3.1/../../../../pic32c/lib/thumb/v7e-m+fp/hard\libc-size-musl.a(memset.o)
                              build/sam_e54_cult/production/_ext/1360937237/ptp.o (memset)
c:/program files/microchip/xc32/v4.60/bin/bin/../../lib/gcc/pic32c/8.3.1/../../../../pic32c/lib/thumb/v7e-m+fp/hard\libc-size-musl.a(strlen.o)
                              build/sam_e54_cult/production/_ext/1360937237/main.o (strlen)
c:/program files/microchip/xc32/v4.60/bin/bin/../../lib/gcc/pic32c/8.3.1/../../../../pic32c/lib/thumb/v7e-m+fp/hard\libc-musl.a(__libc_start_main.o)
                              build/sam_e54_cult/production/_ext/67477800/startup_xc32.o (__libc_init_array)
c:/program files/microchip/xc32/v4.60/bin/bin/../../lib/gcc/pic32c/8.3.1/../../../../pic32c/lib/thumb/v7e-m+fp/hard\libc-musl.a(libc.o)
                              c:/program files/microchip/xc32/v4.60/bin/bin/../../lib/gcc/pic32c/8.3.1/../../../../pic32c/lib/thumb/v7e-m+fp/hard\libc-musl.a(__libc_start_main.o) (__progname_full)
c:/program files/microchip/xc32/v4.60/bin/bin/../../lib/gcc/pic32c/8.3.1/../../../../pic32c/lib/thumb/v7e-m+fp/hard\libc-musl.a(__environ.o)
                              c:/program files/microchip/xc32/v4.60/bin/bin/../../lib/gcc/pic32c/8.3.1/../../../../pic32c/lib/thumb/v7e-m+fp/hard\libc-musl.a(__libc_start_main.o) (__environ)
c:/program files/microchip/xc32/v4.60/bin/bin/../../lib/gcc/pic32c/8.3.1/thumb/v7e-m+fp/hard\libgcc.a(_aeabi_uldivmod.o)
                              build/sam_e54_cult/production/_ext/1820158563/plib_sercom1_usart.o (__aeabi_uldivmod)
c:/program files/microchip/xc32/v4.60/bin/bin/../../lib/gcc/pic32c/8.3.1/thumb/v7e-m+fp/hard\libgcc.a(_udivmoddi4.o)
                              c:/program files/microchip/xc32/v4.60/bin/bin/../../lib/gcc/pic32c/8.3.1/thumb/v7e-m+fp/hard\libgcc.a(_aeabi_uldivmod.o) (__udivmoddi4)
c:/program files/microchip/xc32/v4.60/bin/bin/../../lib/gcc/pic32c/8.3.1/thumb/v7e-m+fp/hard\libgcc.a(_dvmd_tls.o)
                              c:/program files/microchip/xc32/v4.60/bin/bin/../../lib/gcc/pic32c/8.3.1/thumb/v7e-m+fp/hard\libgcc.a(_aeabi_uldivmod.o) (__aeabi_ldiv0)

Allocating common symbols
Common symbol       size              file

neg                 0x1               build/sam_e54_cult/production/_ext/1360937237/ptp_algo.o
rx_descriptor_list  0xf0              build/sam_e54_cult/production/_ext/67477800/interrupts.o
tx_descriptor_list  0xf0              build/sam_e54_cult/production/_ext/67477800/interrupts.o
offset_prev         0x8               build/sam_e54_cult/production/_ext/1360937237/ptp_algo.o
rx_frame_buffer     0xb400            build/sam_e54_cult/production/_ext/67477800/interrupts.o
task_2_offset       0x8               build/sam_e54_cult/production/_ext/1360937237/main.o
curr_time           0x8               build/sam_e54_cult/production/_ext/1360937237/main.o
TS_SYNC             0x60              build/sam_e54_cult/production/_ext/1360937237/ptp_algo.o
tx_frame_buffer     0xb2d4            build/sam_e54_cult/production/_ext/67477800/interrupts.o
neg_prev            0x1               build/sam_e54_cult/production/_ext/1360937237/ptp_algo.o
task_1_offset       0x8               build/sam_e54_cult/production/_ext/1360937237/main.o
task_3_offset       0x8               build/sam_e54_cult/production/_ext/1360937237/main.o
offset              0x8               build/sam_e54_cult/production/_ext/1360937237/ptp_algo.o
c:/program files/microchip/xc32/v4.60/bin/bin/../../lib/gcc/pic32c/8.3.1/../../../../pic32c/lib/thumb/v7e-m+fp/hard\libpic32c.a(pic32_data_init_clear.o)
                              (__dinit_clear_needed)
c:/program files/microchip/xc32/v4.60/bin/bin/../../lib/gcc/pic32c/8.3.1/../../../../pic32c/lib/thumb/v7e-m+fp/hard\libpic32c.a(pic32_data_init_copy.o)
                              (__dinit_copy_needed)

Microchip PIC32 Memory-Usage Report

ROM Program-Memory Usage
section                    address  length [bytes]      (dec)  Description
-------                 ----------  -------------------------  -----------
.vectors                         0          0x264         612   
.text                        0x264           0x20          32  App's exec code 
.ARM.exidx                   0x284            0x8           8   
.text                        0x28c          0x2bc         700  App's exec code 
[...]
Memory Configuration

Name             Origin             Length             Attributes
rom              0x0000000000000000 0x0000000000100000 xrl
ram              0x0000000020000000 0x0000000000040000 xw !r
tcm              0x0000000003000000 0x0000000000000000 xw
bkupram          0x0000000047000000 0x0000000000002000
config_00804000  0x0000000000804000 0x0000000000000004
config_00804004  0x0000000000804004 0x0000000000000004
config_00804008  0x0000000000804008 0x0000000000000004
*default*        0x0000000000000000 0xffffffffffffffff

Linker script and memory map

LOAD c:/program files/microchip/xc32/v4.60/bin/bin/../../lib/gcc/pic32c/8.3.1/thumb/v7e-m+fp/hard/crti.o
LOAD c:/program files/microchip/xc32/v4.60/bin/bin/../../lib/gcc/pic32c/8.3.1/thumb/v7e-m+fp/hard/crtbegin.o
LOAD build/sam_e54_cult/production/_ext/49303614/plib_clock.o
LOAD build/sam_e54_cult/production/_ext/417231850/plib_cmcc.o
LOAD build/sam_e54_cult/production/_ext/417202121/plib_dmac.o
LOAD build/sam_e54_cult/production/_ext/125090035/plib_eic.o
LOAD build/sam_e54_cult/production/_ext/47154128/plib_evsys.o
LOAD build/sam_e54_cult/production/_ext/416895314/plib_nvic.o
LOAD build/sam_e54_cult/production/_ext/1320929860/plib_nvmctrl.o
LOAD build/sam_e54_cult/production/_ext/416842163/plib_port.o
LOAD build/sam_e54_cult/production/_ext/125102869/plib_rtc_timer.o
LOAD build/sam_e54_cult/production/_ext/666506505/plib_sercom6_i2c_master.o
LOAD build/sam_e54_cult/production/_ext/1820158563/plib_sercom1_usart.o
LOAD build/sam_e54_cult/production/_ext/1841252638/xc32_monitor.o
LOAD build/sam_e54_cult/production/_ext/67477800/initialization.o
LOAD build/sam_e54_cult/production/_ext/67477800/interrupts.o
LOAD build/sam_e54_cult/production/_ext/67477800/exceptions.o
LOAD build/sam_e54_cult/production/_ext/67477800/startup_xc32.o
LOAD build/sam_e54_cult/production/_ext/67477800/libc_syscalls.o
LOAD build/sam_e54_cult/production/_ext/1360937237/main.o
LOAD build/sam_e54_cult/production/_ext/1360937237/port.o
LOAD build/sam_e54_cult/production/_ext/1360937237/phy_driver.o
LOAD build/sam_e54_cult/production/_ext/1360937237/mclk.o
LOAD build/sam_e54_cult/production/_ext/1360937237/glck.o
LOAD build/sam_e54_cult/production/_ext/1360937237/gmac.o
LOAD build/sam_e54_cult/production/_ext/1360937237/ptp.o
LOAD build/sam_e54_cult/production/_ext/1360937237/ethernet.o
LOAD build/sam_e54_cult/production/_ext/1360937237/ptp_algo.o
                0x0000000000000001                __MPLAB_BUILD = 0x1
                0x0000000000100000                __rom_end = (ORIGIN (rom) + LENGTH (rom))
                0x0000000020040000                __ram_end = (ORIGIN (ram) + LENGTH (ram))

.config_00804000
 *(.config_00804000)

.config_00804004
 *(.config_00804004)

.config_00804008
 *(.config_00804008)

.vectors        0x0000000000000000      0x264
                0x0000000000000000                . = ALIGN (0x4)
                0x0000000000000000                _sfixed = .
 *(.vectors .vectors.* .vectors_default .vectors_default.*)
 .vectors.exception_table
                0x0000000000000000      0x264 build/sam_e54_cult/production/_ext/67477800/interrupts.o
                0x0000000000000000                exception_table
 *(.isr_vector)
 *(.reset*)
 *(.after_vectors)

.text           0x0000000000000264       0x20
                0x0000000000000264                . = ALIGN (0x4)
 *(.glue_7t)
 .glue_7t       0x0000000000000264        0x0 linker stubs
 *(.glue_7)
 .glue_7        0x0000000000000264        0x0 linker stubs
 *(.gnu.linkonce.r.*)
 *(.ARM.extab* .gnu.linkonce.armextab.*)
                0x0000000000000264                . = ALIGN (0x4)
 *(.init)
 .init          0x0000000000000264        0x4 c:/program files/microchip/xc32/v4.60/bin/bin/../../lib/gcc/pic32c/8.3.1/thumb/v7e-m+fp/hard/crti.o
                0x0000000000000264                _init
 .init          0x0000000000000268        0x8 c:/program files/microchip/xc32/v4.60/bin/bin/../../lib/gcc/pic32c/8.3.1/thumb/v7e-m+fp/hard/crtn.o
                0x0000000000000270                . = ALIGN (0x4)
                0x0000000000000270                __preinit_array_start = .
 *(.preinit_array)
                0x0000000000000270                __preinit_array_end = .
                0x0000000000000270                . = ALIGN (0x4)
                0x0000000000000270                __init_array_start = .
 *(SORT_BY_NAME(.init_array.*))
 *(.init_array)
 .init_array    0x0000000000000270        0x4 c:/program files/microchip/xc32/v4.60/bin/bin/../../lib/gcc/pic32c/8.3.1/thumb/v7e-m+fp/hard/crtbegin.o
                0x0000000000000274                __init_array_end = .
                0x0000000000000274                . = ALIGN (0x4)
 *crtbegin.o(.ctors)
 *(EXCLUDE_FILE(*crtend.o) .ctors)
 *(SORT_BY_NAME(.ctors.*))
 *crtend.o(.ctors)
                0x0000000000000274                . = ALIGN (0x4)
 *(.fini)
 .fini          0x0000000000000274        0x4 c:/program files/microchip/xc32/v4.60/bin/bin/../../lib/gcc/pic32c/8.3.1/thumb/v7e-m+fp/hard/crti.o
                0x0000000000000274                _fini
 .fini          0x0000000000000278        0x8 c:/program files/microchip/xc32/v4.60/bin/bin/../../lib/gcc/pic32c/8.3.1/thumb/v7e-m+fp/hard/crtn.o
                0x0000000000000280                . = ALIGN (0x4)
                0x0000000000000280                __fini_array_start = .
 *(.fini_array)
 .fini_array    0x0000000000000280        0x4 c:/program files/microchip/xc32/v4.60/bin/bin/../../lib/gcc/pic32c/8.3.1/thumb/v7e-m+fp/hard/crtbegin.o
 *(SORT_BY_NAME(.fini_array.*))
                0x0000000000000284                __fini_array_end = .
 *crtbegin.o(.dtors)
 *(EXCLUDE_FILE(*crtend.o) .dtors)
 *(SORT_BY_NAME(.dtors.*))
 *crtend.o(.dtors)
                0x0000000000000284                . = ALIGN (0x4)
                0x0000000000000284                _efixed = .
                [!provide]                        PROVIDE (__exidx_start = .)

.ARM.exidx      0x0000000000000284        0x8
 *(.ARM.exidx* .gnu.linkonce.armexidx.*)
 .ARM.exidx     0x0000000000000284        0x8 c:/program files/microchip/xc32/v4.60/bin/bin/../../lib/gcc/pic32c/8.3.1/thumb/v7e-m+fp/hard\libgcc.a(_udivmoddi4.o)
                [!provide]                        PROVIDE (__exidx_end = .)
                0x000000000000028c                . = ALIGN (0x4)
                0x000000000000028c                _etext = .

.bss            0x0000000020000000    0x16958
                0x0000000020000000                . = ALIGN (0x4)
                0x0000000020000000                __bss_start__ = .
                0x0000000020000000                _sbss = .
                0x0000000020000000                _szero = .
 *(COMMON)
 COMMON         0x0000000020000000    0x168b4 build/sam_e54_cult/production/_ext/67477800/interrupts.o
                0x0000000020000000                rx_descriptor_list
                0x00000000200000f0                tx_descriptor_list
                0x00000000200001e0                rx_frame_buffer
                0x000000002000b5e0                tx_frame_buffer
 *fill*         0x00000000200168b4        0x4 
 COMMON         0x00000000200168b8       0x20 build/sam_e54_cult/production/_ext/1360937237/main.o
                0x00000000200168b8                task_2_offset
                0x00000000200168c0                curr_time
                0x00000000200168c8                task_1_offset
                0x00000000200168d0                task_3_offset
 COMMON         0x00000000200168d8       0x80 build/sam_e54_cult/production/_ext/1360937237/ptp_algo.o
                0x00000000200168d8                neg
                0x00000000200168e0                offset_prev
                0x00000000200168e8                TS_SYNC
                0x0000000020016948                neg_prev
                0x0000000020016950                offset
                0x0000000020016958                . = ALIGN (0x4)
                0x0000000020016958                __bss_end__ = .
                0x0000000020016958                _ebss = .
                0x0000000020016958                _ezero = .
                0x0000000020016958                . = ALIGN (0x4)
                0x0000000020016958                _end = .
                0x000000002003ffff                _ram_end_ = ((ORIGIN (ram) + LENGTH (ram)) - 0x1)

.bkupram_bss
 *(.bkupram_bss .bkupram_bss.*)
 *(.pbss .pbss.*)
                0x0000000000000200                _min_heap_size = 0x200
START GROUP
LOAD c:/program files/microchip/xc32/v4.60/bin/bin/../../lib/gcc/pic32c/8.3.1/../../../../pic32c/lib/thumb/v7e-m+fp/hard\libpic32c.a
LOAD c:/program files/microchip/xc32/v4.60/bin/bin/../../lib/gcc/pic32c/8.3.1/../../../../pic32c/lib/thumb/v7e-m+fp/hard\libc-size-musl.a
LOAD c:/program files/microchip/xc32/v4.60/bin/bin/../../lib/gcc/pic32c/8.3.1/../../../../pic32c/lib/thumb/v7e-m+fp/hard\liblmalloc-musl.a
LOAD c:/program files/microchip/xc32/v4.60/bin/bin/../../lib/gcc/pic32c/8.3.1/../../../../pic32c/lib/thumb/v7e-m+fp/hard\libm-fast-emfloat.a
LOAD c:/program files/microchip/xc32/v4.60/bin/bin/../../lib/gcc/pic32c/8.3.1/../../../../pic32c/lib/thumb/v7e-m+fp/hard\libm-musl.a
LOAD c:/program files/microchip/xc32/v4.60/bin/bin/../../lib/gcc/pic32c/8.3.1/../../../../pic32c/lib/thumb/v7e-m+fp/hard\libc-musl.a
LOAD c:/program files/microchip/xc32/v4.60/bin/bin/../../lib/gcc/pic32c/8.3.1/../../../../pic32c/lib/thumb/v7e-m+fp/hard\libm-fast-emfloat.a
LOAD c:/program files/microchip/xc32/v4.60/bin/bin/../../lib/gcc/pic32c/8.3.1/../../../../pic32c/lib/thumb/v7e-m+fp/hard\libm-musl.a
LOAD c:/program files/microchip/xc32/v4.60/bin/bin/../../lib/gcc/pic32c/8.3.1/thumb/v7e-m+fp/hard\libgcc.a
END GROUP
LOAD c:/program files/microchip/xc32/v4.60/bin/bin/../../lib/gcc/pic32c/8.3.1/thumb/v7e-m+fp/hard/crtend.o
LOAD c:/program files/microchip/xc32/v4.60/bin/bin/../../lib/gcc/pic32c/8.3.1/thumb/v7e-m+fp/hard/crtn.o
OUTPUT(dist/sam_e54_cult/production/10Base.X.production.elf elf32-littlearm)
LOAD data_init
LOAD stack

.ARM.attributes
                0x0000000000000000       0x34
 .ARM.attributes
                0x0000000000000000       0x1e c:/program files/microchip/xc32/v4.60/bin/bin/../../lib/gcc/pic32c/8.3.1/thumb/v7e-m+fp/hard/crti.o
 .ARM.attributes
                0x000000000000001e       0x34 c:/program files/microchip/xc32/v4.60/bin/bin/../../lib/gcc/pic32c/8.3.1/thumb/v7e-m+fp/hard/crtbegin.o
 .ARM.attributes
                0x0000000000000052       0x34 build/sam_e54_cult/production/_ext/49303614/plib_clock.o
 .ARM.attributes
                0x0000000000000086       0x34 build/sam_e54_cult/production/_ext/417202121/plib_dmac.o
 .ARM.attributes
                0x00000000000000ba       0x34 build/sam_e54_cult/production/_ext/125090035/plib_eic.o
 .ARM.attributes
                0x00000000000000ee       0x34 build/sam_e54_cult/production/_ext/47154128/plib_evsys.o
 .ARM.attributes
                0x0000000000000122       0x34 build/sam_e54_cult/production/_ext/416895314/plib_nvic.o
 .ARM.attributes
                0x0000000000000156       0x34 build/sam_e54_cult/production/_ext/1320929860/plib_nvmctrl.o
 .ARM.attributes
                0x000000000000018a       0x34 build/sam_e54_cult/production/_ext/416842163/plib_port.o
 .ARM.attributes
                0x00000000000001be       0x34 build/sam_e54_cult/production/_ext/125102869/plib_rtc_timer.o
 .ARM.attributes
                0x00000000000001f2       0x34 build/sam_e54_cult/production/_ext/666506505/plib_sercom6_i2c_master.o
 .ARM.attributes
                0x0000000000000226       0x34 build/sam_e54_cult/production/_ext/1820158563/plib_sercom1_usart.o
 .ARM.attributes
                0x000000000000025a       0x34 build/sam_e54_cult/production/_ext/67477800/initialization.o
 .ARM.attributes
                0x000000000000028e       0x34 build/sam_e54_cult/production/_ext/67477800/interrupts.o
 .ARM.attributes
                0x00000000000002c2       0x34 build/sam_e54_cult/production/_ext/67477800/exceptions.o
 .ARM.attributes
                0x00000000000002f6       0x34 build/sam_e54_cult/production/_ext/67477800/startup_xc32.o
 .ARM.attributes
                0x000000000000032a       0x34 build/sam_e54_cult/production/_ext/1360937237/main.o
 .ARM.attributes
                0x000000000000035e       0x34 build/sam_e54_cult/production/_ext/1360937237/port.o
 .ARM.attributes
                0x0000000000000392       0x34 build/sam_e54_cult/production/_ext/1360937237/phy_driver.o
 .ARM.attributes
                0x00000000000003c6       0x34 build/sam_e54_cult/production/_ext/1360937237/mclk.o
 .ARM.attributes
                0x00000000000003fa       0x34 build/sam_e54_cult/production/_ext/1360937237/gmac.o
 .ARM.attributes
                0x000000000000042e       0x34 build/sam_e54_cult/production/_ext/1360937237/ptp.o
 .ARM.attributes
                0x0000000000000462       0x34 build/sam_e54_cult/production/_ext/1360937237/ethernet.o
 .ARM.attributes
                0x0000000000000496       0x34 build/sam_e54_cult/production/_ext/1360937237/ptp_algo.o
 .ARM.attributes
                0x00000000000004ca       0x34 c:/program files/microchip/xc32/v4.60/bin/bin/../../lib/gcc/pic32c/8.3.1/../../../../pic32c/lib/thumb/v7e-m+fp/hard\libpic32c.a(data_init.o)
 .ARM.attributes
                0x00000000000004fe       0x36 c:/program files/microchip/xc32/v4.60/bin/bin/../../lib/gcc/pic32c/8.3.1/../../../../pic32c/lib/thumb/v7e-m+fp/hard\libc-size-musl.a(memcpy.o)
 .ARM.attributes
                0x0000000000000534       0x36 c:/program files/microchip/xc32/v4.60/bin/bin/../../lib/gcc/pic32c/8.3.1/../../../../pic32c/lib/thumb/v7e-m+fp/hard\libc-size-musl.a(memset.o)
 .ARM.attributes
                0x000000000000056a       0x36 c:/program files/microchip/xc32/v4.60/bin/bin/../../lib/gcc/pic32c/8.3.1/../../../../pic32c/lib/thumb/v7e-m+fp/hard\libc-size-musl.a(strlen.o)
 .ARM.attributes
                0x00000000000005a0       0x36 c:/program files/microchip/xc32/v4.60/bin/bin/../../lib/gcc/pic32c/8.3.1/../../../../pic32c/lib/thumb/v7e-m+fp/hard\libc-musl.a(__libc_start_main.o)
 .ARM.attributes
                0x00000000000005d6       0x34 c:/program files/microchip/xc32/v4.60/bin/bin/../../lib/gcc/pic32c/8.3.1/../../../../pic32c/lib/thumb/v7e-m+fp/hard\libc-musl.a(libc.o)
 .ARM.attributes
                0x000000000000060a       0x34 c:/program files/microchip/xc32/v4.60/bin/bin/../../lib/gcc/pic32c/8.3.1/../../../../pic32c/lib/thumb/v7e-m+fp/hard\libc-musl.a(__environ.o)
 .ARM.attributes
                0x000000000000063e       0x1e c:/program files/microchip/xc32/v4.60/bin/bin/../../lib/gcc/pic32c/8.3.1/thumb/v7e-m+fp/hard\libgcc.a(_aeabi_uldivmod.o)
 .ARM.attributes
                0x000000000000065c       0x34 c:/program files/microchip/xc32/v4.60/bin/bin/../../lib/gcc/pic32c/8.3.1/thumb/v7e-m+fp/hard\libgcc.a(_udivmoddi4.o)
 .ARM.attributes
                0x0000000000000690       0x1e c:/program files/microchip/xc32/v4.60/bin/bin/../../lib/gcc/pic32c/8.3.1/thumb/v7e-m+fp/hard\libgcc.a(_dvmd_tls.o)
 .ARM.attributes
                0x00000000000006ae       0x1e c:/program files/microchip/xc32/v4.60/bin/bin/../../lib/gcc/pic32c/8.3.1/thumb/v7e-m+fp/hard/crtn.o
 .ARM.attributes
                0x00000000000006cc       0x34 c:/program files/microchip/xc32/v4.60/bin/bin/../../lib/gcc/pic32c/8.3.1/../../../../pic32c/lib/thumb/v7e-m+fp/hard\libpic32c.a(pic32_data_init_clear.o)
 .ARM.attributes
                0x0000000000000700       0x34 c:/program files/microchip/xc32/v4.60/bin/bin/../../lib/gcc/pic32c/8.3.1/../../../../pic32c/lib/thumb/v7e-m+fp/hard\libpic32c.a(pic32_data_init_copy.o)

.comment        0x0000000000000000       0x2b
 .comment       0x0000000000000000       0x2b c:/program files/microchip/xc32/v4.60/bin/bin/../../lib/gcc/pic32c/8.3.1/thumb/v7e-m+fp/hard/crtbegin.o
                                         0x2c (size before relaxing)
 .comment       0x000000000000002b       0x2c build/sam_e54_cult/production/_ext/49303614/plib_clock.o
 .comment       0x000000000000002b       0x2c build/sam_e54_cult/production/_ext/417202121/plib_dmac.o
 .comment       0x000000000000002b       0x2c build/sam_e54_cult/production/_ext/125090035/plib_eic.o
 .comment       0x000000000000002b       0x2c build/sam_e54_cult/production/_ext/47154128/plib_evsys.o
 .comment       0x000000000000002b       0x2c build/sam_e54_cult/production/_ext/416895314/plib_nvic.o
 .comment       0x000000000000002b       0x2c build/sam_e54_cult/production/_ext/1320929860/plib_nvmctrl.o
 .comment       0x000000000000002b       0x2c build/sam_e54_cult/production/_ext/416842163/plib_port.o
 .comment       0x000000000000002b       0x2c build/sam_e54_cult/production/_ext/125102869/plib_rtc_timer.o
 .comment       0x000000000000002b       0x2c build/sam_e54_cult/production/_ext/666506505/plib_sercom6_i2c_master.o
 .comment       0x000000000000002b       0x2c build/sam_e54_cult/production/_ext/1820158563/plib_sercom1_usart.o
 .comment       0x000000000000002b       0x2c build/sam_e54_cult/production/_ext/67477800/initialization.o
 .comment       0x000000000000002b       0x2c build/sam_e54_cult/production/_ext/67477800/interrupts.o
 .comment       0x000000000000002b       0x2c build/sam_e54_cult/production/_ext/67477800/exceptions.o
 .comment       0x000000000000002b       0x2c build/sam_e54_cult/production/_ext/67477800/startup_xc32.o
 .comment       0x000000000000002b       0x2c build/sam_e54_cult/production/_ext/1360937237/main.o
 .comment       0x000000000000002b       0x2c build/sam_e54_cult/production/_ext/1360937237/port.o
 .comment       0x000000000000002b       0x2c build/sam_e54_cult/production/_ext/1360937237/phy_driver.o
 .comment       0x000000000000002b       0x2c build/sam_e54_cult/production/_ext/1360937237/mclk.o
 .comment       0x000000000000002b       0x2c build/sam_e54_cult/production/_ext/1360937237/gmac.o
 .comment       0x000000000000002b       0x2c build/sam_e54_cult/production/_ext/1360937237/ptp.o
 .comment       0x000000000000002b       0x2c build/sam_e54_cult/production/_ext/1360937237/ethernet.o
 .comment       0x000000000000002b       0x2c build/sam_e54_cult/production/_ext/1360937237/ptp_algo.o
 .comment       0x000000000000002b       0x2c c:/program files/microchip/xc32/v4.60/bin/bin/../../lib/gcc/pic32c/8.3.1/../../../../pic32c/lib/thumb/v7e-m+fp/hard\libpic32c.a(data_init.o)
 .comment       0x000000000000002b       0x2c c:/program files/microchip/xc32/v4.60/bin/bin/../../lib/gcc/pic32c/8.3.1/../../../../pic32c/lib/thumb/v7e-m+fp/hard\libc-size-musl.a(memcpy.o)
 .comment       0x000000000000002b       0x2c c:/program files/microchip/xc32/v4.60/bin/bin/../../lib/gcc/pic32c/8.3.1/../../../../pic32c/lib/thumb/v7e-m+fp/hard\libc-size-musl.a(memset.o)
 .comment       0x000000000000002b       0x2c c:/program files/microchip/xc32/v4.60/bin/bin/../../lib/gcc/pic32c/8.3.1/../../../../pic32c/lib/thumb/v7e-m+fp/hard\libc-size-musl.a(strlen.o)
 .comment       0x000000000000002b       0x2c c:/program files/microchip/xc32/v4.60/bin/bin/../../lib/gcc/pic32c/8.3.1/../../../../pic32c/lib/thumb/v7e-m+fp/hard\libc-musl.a(__libc_start_main.o)
 .comment       0x000000000000002b       0x2c c:/program files/microchip/xc32/v4.60/bin/bin/../../lib/gcc/pic32c/8.3.1/../../../../pic32c/lib/thumb/v7e-m+fp/hard\libc-musl.a(libc.o)
 .comment       0x000000000000002b       0x2c c:/program files/microchip/xc32/v4.60/bin/bin/../../lib/gcc/pic32c/8.3.1/../../../../pic32c/lib/thumb/v7e-m+fp/hard\libc-musl.a(__environ.o)
 .comment       0x000000000000002b       0x2c c:/program files/microchip/xc32/v4.60/bin/bin/../../lib/gcc/pic32c/8.3.1/thumb/v7e-m+fp/hard\libgcc.a(_udivmoddi4.o)
 .comment       0x000000000000002b       0x2c c:/program files/microchip/xc32/v4.60/bin/bin/../../lib/gcc/pic32c/8.3.1/../../../../pic32c/lib/thumb/v7e-m+fp/hard\libpic32c.a(pic32_data_init_clear.o)
 .comment       0x000000000000002b       0x2c c:/program files/microchip/xc32/v4.60/bin/bin/../../lib/gcc/pic32c/8.3.1/../../../../pic32c/lib/thumb/v7e-m+fp/hard\libpic32c.a(pic32_data_init_copy.o)

.debug_info     0x0000000000000000     0xe4df
 .debug_info    0x0000000000000000      0x639 build/sam_e54_cult/production/_ext/49303614/plib_clock.o
 .debug_info    0x0000000000000639      0xb9c build/sam_e54_cult/production/_ext/417202121/plib_dmac.o
 .debug_info    0x00000000000011d5      0x3c4 build/sam_e54_cult/production/_ext/125090035/plib_eic.o
 .debug_info    0x0000000000001599       0x9b build/sam_e54_cult/production/_ext/47154128/plib_evsys.o
 .debug_info    0x0000000000001634      0xd93 build/sam_e54_cult/production/_ext/416895314/plib_nvic.o
 .debug_info    0x00000000000023c7      0x8e5 build/sam_e54_cult/production/_ext/1320929860/plib_nvmctrl.o
 .debug_info    0x0000000000002cac      0x7f7 build/sam_e54_cult/production/_ext/416842163/plib_port.o
 .debug_info    0x00000000000034a3      0xad8 build/sam_e54_cult/production/_ext/125102869/plib_rtc_timer.o
 .debug_info    0x0000000000003f7b     0x12c1 build/sam_e54_cult/production/_ext/666506505/plib_sercom6_i2c_master.o
 .debug_info    0x000000000000523c      0xe33 build/sam_e54_cult/production/_ext/1820158563/plib_sercom1_usart.o
 .debug_info    0x000000000000606f      0x1a5 build/sam_e54_cult/production/_ext/67477800/initialization.o
 .debug_info    0x0000000000006214      0xb67 build/sam_e54_cult/production/_ext/67477800/interrupts.o
 .debug_info    0x0000000000006d7b      0x116 build/sam_e54_cult/production/_ext/67477800/exceptions.o
 .debug_info    0x0000000000006e91      0x55b build/sam_e54_cult/production/_ext/67477800/startup_xc32.o
 .debug_info    0x00000000000073ec     0x1b11 build/sam_e54_cult/production/_ext/1360937237/main.o
 .debug_info    0x0000000000008efd      0x2af build/sam_e54_cult/production/_ext/1360937237/port.o
 .debug_info    0x00000000000091ac      0xdd9 build/sam_e54_cult/production/_ext/1360937237/phy_driver.o
 .debug_info    0x0000000000009f85      0x2cf build/sam_e54_cult/production/_ext/1360937237/mclk.o
 .debug_info    0x000000000000a254      0xfac build/sam_e54_cult/production/_ext/1360937237/gmac.o
 .debug_info    0x000000000000b200      0x808 build/sam_e54_cult/production/_ext/1360937237/ptp.o
 .debug_info    0x000000000000ba08      0x250 build/sam_e54_cult/production/_ext/1360937237/ethernet.o
 .debug_info    0x000000000000bc58     0x19d0 build/sam_e54_cult/production/_ext/1360937237/ptp_algo.o
 .debug_info    0x000000000000d628       0x68 c:/program files/microchip/xc32/v4.60/bin/bin/../../lib/gcc/pic32c/8.3.1/../../../../pic32c/lib/thumb/v7e-m+fp/hard\libpic32c.a(data_init.o)
 .debug_info    0x000000000000d690       0xf3 c:/program files/microchip/xc32/v4.60/bin/bin/../../lib/gcc/pic32c/8.3.1/../../../../pic32c/lib/thumb/v7e-m+fp/hard\libc-size-musl.a(memcpy.o)
 .debug_info    0x000000000000d783       0xbb c:/program files/microchip/xc32/v4.60/bin/bin/../../lib/gcc/pic32c/8.3.1/../../../../pic32c/lib/thumb/v7e-m+fp/hard\libc-size-musl.a(memset.o)
 .debug_info    0x000000000000d83e       0xa4 c:/program files/microchip/xc32/v4.60/bin/bin/../../lib/gcc/pic32c/8.3.1/../../../../pic32c/lib/thumb/v7e-m+fp/hard\libc-size-musl.a(strlen.o)
 .debug_info    0x000000000000d8e2      0x2fb c:/program files/microchip/xc32/v4.60/bin/bin/../../lib/gcc/pic32c/8.3.1/../../../../pic32c/lib/thumb/v7e-m+fp/hard\libc-musl.a(__libc_start_main.o)
 .debug_info    0x000000000000dbdd      0x276 c:/program files/microchip/xc32/v4.60/bin/bin/../../lib/gcc/pic32c/8.3.1/../../../../pic32c/lib/thumb/v7e-m+fp/hard\libc-musl.a(libc.o)
 .debug_info    0x000000000000de53       0x97 c:/program files/microchip/xc32/v4.60/bin/bin/../../lib/gcc/pic32c/8.3.1/../../../../pic32c/lib/thumb/v7e-m+fp/hard\libc-musl.a(__environ.o)
 .debug_info    0x000000000000deea       0x26 c:/program files/microchip/xc32/v4.60/bin/bin/../../lib/gcc/pic32c/8.3.1/thumb/v7e-m+fp/hard\libgcc.a(_aeabi_uldivmod.o)
 .debug_info    0x000000000000df10      0x52a c:/program files/microchip/xc32/v4.60/bin/bin/../../lib/gcc/pic32c/8.3.1/thumb/v7e-m+fp/hard\libgcc.a(_udivmoddi4.o)
 .debug_info    0x000000000000e43a       0x26 c:/program files/microchip/xc32/v4.60/bin/bin/../../lib/gcc/pic32c/8.3.1/thumb/v7e-m+fp/hard\libgcc.a(_dvmd_tls.o)
 .debug_info    0x000000000000e460       0x3f c:/program files/microchip/xc32/v4.60/bin/bin/../../lib/gcc/pic32c/8.3.1/../../../../pic32c/lib/thumb/v7e-m+fp/hard\libpic32c.a(pic32_data_init_clear.o)
 .debug_info    0x000000000000e49f       0x40 c:/program files/microchip/xc32/v4.60/bin/bin/../../lib/gcc/pic32c/8.3.1/../../../../pic32c/lib/thumb/v7e-m+fp/hard\libpic32c.a(pic32_data_init_copy.o)

.debug_abbrev   0x0000000000000000     0x2cbe
 .debug_abbrev  0x0000000000000000      0x10b build/sam_e54_cult/production/_ext/49303614/plib_clock.o
 .debug_abbrev  0x000000000000010b      0x35b build/sam_e54_cult/production/_ext/417202121/plib_dmac.o
 .debug_abbrev  0x0000000000000466      0x184 build/sam_e54_cult/production/_ext/125090035/plib_eic.o
 .debug_abbrev  0x00000000000005ea       0x46 build/sam_e54_cult/production/_ext/47154128/plib_evsys.o
 .debug_abbrev  0x0000000000000630      0x21a build/sam_e54_cult/production/_ext/416895314/plib_nvic.o
 .debug_abbrev  0x000000000000084a      0x23c build/sam_e54_cult/production/_ext/1320929860/plib_nvmctrl.o
 .debug_abbrev  0x0000000000000a86      0x1cd build/sam_e54_cult/production/_ext/416842163/plib_port.o
 .debug_abbrev  0x0000000000000c53      0x1f0 build/sam_e54_cult/production/_ext/125102869/plib_rtc_timer.o
 .debug_abbrev  0x0000000000000e43      0x3a5 build/sam_e54_cult/production/_ext/666506505/plib_sercom6_i2c_master.o
 .debug_abbrev  0x00000000000011e8      0x290 build/sam_e54_cult/production/_ext/1820158563/plib_sercom1_usart.o
 .debug_abbrev  0x0000000000001478       0x96 build/sam_e54_cult/production/_ext/67477800/initialization.o
 .debug_abbrev  0x000000000000150e      0x113 build/sam_e54_cult/production/_ext/67477800/interrupts.o
 .debug_abbrev  0x0000000000001621       0x49 build/sam_e54_cult/production/_ext/67477800/exceptions.o
 .debug_abbrev  0x000000000000166a      0x1e3 build/sam_e54_cult/production/_ext/67477800/startup_xc32.o
 .debug_abbrev  0x000000000000184d      0x2a9 build/sam_e54_cult/production/_ext/1360937237/main.o
 .debug_abbrev  0x0000000000001af6       0xc6 build/sam_e54_cult/production/_ext/1360937237/port.o
 .debug_abbrev  0x0000000000001bbc      0x1bc build/sam_e54_cult/production/_ext/1360937237/phy_driver.o
 .debug_abbrev  0x0000000000001d78       0xe8 build/sam_e54_cult/production/_ext/1360937237/mclk.o
 .debug_abbrev  0x0000000000001e60      0x2d7 build/sam_e54_cult/production/_ext/1360937237/gmac.o
 .debug_abbrev  0x0000000000002137      0x13d build/sam_e54_cult/production/_ext/1360937237/ptp.o
 .debug_abbrev  0x0000000000002274      0x134 build/sam_e54_cult/production/_ext/1360937237/ethernet.o
 .debug_abbrev  0x00000000000023a8      0x2d5 build/sam_e54_cult/production/_ext/1360937237/ptp_algo.o
 .debug_abbrev  0x000000000000267d       0x44 c:/program files/microchip/xc32/v4.60/bin/bin/../../lib/gcc/pic32c/8.3.1/../../../../pic32c/lib/thumb/v7e-m+fp/hard\libpic32c.a(data_init.o)
 .debug_abbrev  0x00000000000026c1       0xbb c:/program files/microchip/xc32/v4.60/bin/bin/../../lib/gcc/pic32c/8.3.1/../../../../pic32c/lib/thumb/v7e-m+fp/hard\libc-size-musl.a(memcpy.o)
 .debug_abbrev  0x000000000000277c       0xa2 c:/program files/microchip/xc32/v4.60/bin/bin/../../lib/gcc/pic32c/8.3.1/../../../../pic32c/lib/thumb/v7e-m+fp/hard\libc-size-musl.a(memset.o)
 .debug_abbrev  0x000000000000281e       0x91 c:/program files/microchip/xc32/v4.60/bin/bin/../../lib/gcc/pic32c/8.3.1/../../../../pic32c/lib/thumb/v7e-m+fp/hard\libc-size-musl.a(strlen.o)
 .debug_abbrev  0x00000000000028af      0x133 c:/program files/microchip/xc32/v4.60/bin/bin/../../lib/gcc/pic32c/8.3.1/../../../../pic32c/lib/thumb/v7e-m+fp/hard\libc-musl.a(__libc_start_main.o)
 .debug_abbrev  0x00000000000029e2       0xd4 c:/program files/microchip/xc32/v4.60/bin/bin/../../lib/gcc/pic32c/8.3.1/../../../../pic32c/lib/thumb/v7e-m+fp/hard\libc-musl.a(libc.o)
 .debug_abbrev  0x0000000000002ab6       0x62 c:/program files/microchip/xc32/v4.60/bin/bin/../../lib/gcc/pic32c/8.3.1/../../../../pic32c/lib/thumb/v7e-m+fp/hard\libc-musl.a(__environ.o)
 .debug_abbrev  0x0000000000002b18       0x14 c:/program files/microchip/xc32/v4.60/bin/bin/../../lib/gcc/pic32c/8.3.1/thumb/v7e-m+fp/hard\libgcc.a(_aeabi_uldivmod.o)
 .debug_abbrev  0x0000000000002b2c      0x122 c:/program files/microchip/xc32/v4.60/bin/bin/../../lib/gcc/pic32c/8.3.1/thumb/v7e-m+fp/hard\libgcc.a(_udivmoddi4.o)
 .debug_abbrev  0x0000000000002c4e       0x14 c:/program files/microchip/xc32/v4.60/bin/bin/../../lib/gcc/pic32c/8.3.1/thumb/v7e-m+fp/hard\libgcc.a(_dvmd_tls.o)
 .debug_abbrev  0x0000000000002c62       0x2e c:/program files/microchip/xc32/v4.60/bin/bin/../../lib/gcc/pic32c/8.3.1/../../../../pic32c/lib/thumb/v7e-m+fp/hard\libpic32c.a(pic32_data_init_clear.o)
 .debug_abbrev  0x0000000000002c90       0x2e c:/program files/microchip/xc32/v4.60/bin/bin/../../lib/gcc/pic32c/8.3.1/../../../../pic32c/lib/thumb/v7e-m+fp/hard\libpic32c.a(pic32_data_init_copy.o)

.debug_aranges  0x0000000000000000      0x8d0
 .debug_aranges
                0x0000000000000000       0x20 build/sam_e54_cult/production/_ext/49303614/plib_clock.o
 .debug_aranges
                0x0000000000000020       0xa0 build/sam_e54_cult/production/_ext/417202121/plib_dmac.o
 .debug_aranges
                0x00000000000000c0       0x48 build/sam_e54_cult/production/_ext/125090035/plib_eic.o
 .debug_aranges
                0x0000000000000108       0x20 build/sam_e54_cult/production/_ext/47154128/plib_evsys.o
 .debug_aranges
                0x0000000000000128       0x38 build/sam_e54_cult/production/_ext/416895314/plib_nvic.o
 .debug_aranges
                0x0000000000000160       0xd8 build/sam_e54_cult/production/_ext/1320929860/plib_nvmctrl.o
 .debug_aranges
                0x0000000000000238       0x70 build/sam_e54_cult/production/_ext/416842163/plib_port.o
 .debug_aranges
                0x00000000000002a8       0xb0 build/sam_e54_cult/production/_ext/125102869/plib_rtc_timer.o
 .debug_aranges
                0x0000000000000358       0x70 build/sam_e54_cult/production/_ext/666506505/plib_sercom6_i2c_master.o
 .debug_aranges
                0x00000000000003c8       0x78 build/sam_e54_cult/production/_ext/1820158563/plib_sercom1_usart.o
 .debug_aranges
                0x0000000000000440       0x20 build/sam_e54_cult/production/_ext/67477800/initialization.o
 .debug_aranges
                0x0000000000000460       0x20 build/sam_e54_cult/production/_ext/67477800/interrupts.o
 .debug_aranges
                0x0000000000000480       0x48 build/sam_e54_cult/production/_ext/67477800/exceptions.o
 .debug_aranges
                0x00000000000004c8       0x28 build/sam_e54_cult/production/_ext/67477800/startup_xc32.o
 .debug_aranges
                0x00000000000004f0       0x48 build/sam_e54_cult/production/_ext/1360937237/main.o
 .debug_aranges
                0x0000000000000538       0x48 build/sam_e54_cult/production/_ext/1360937237/port.o
 .debug_aranges
                0x0000000000000580       0x50 build/sam_e54_cult/production/_ext/1360937237/phy_driver.o
 .debug_aranges
                0x00000000000005d0       0x40 build/sam_e54_cult/production/_ext/1360937237/mclk.o
 .debug_aranges
                0x0000000000000610       0x70 build/sam_e54_cult/production/_ext/1360937237/gmac.o
 .debug_aranges
                0x0000000000000680       0x60 build/sam_e54_cult/production/_ext/1360937237/ptp.o
 .debug_aranges
                0x00000000000006e0       0x20 build/sam_e54_cult/production/_ext/1360937237/ethernet.o
 .debug_aranges
                0x0000000000000700       0x48 build/sam_e54_cult/production/_ext/1360937237/ptp_algo.o
 .debug_aranges
                0x0000000000000748       0x30 c:/program files/microchip/xc32/v4.60/bin/bin/../../lib/gcc/pic32c/8.3.1/../../../../pic32c/lib/thumb/v7e-m+fp/hard\libpic32c.a(data_init.o)
 .debug_aranges
                0x0000000000000778       0x20 c:/program files/microchip/xc32/v4.60/bin/bin/../../lib/gcc/pic32c/8.3.1/../../../../pic32c/lib/thumb/v7e-m+fp/hard\libc-size-musl.a(memcpy.o)
 .debug_aranges
                0x0000000000000798       0x20 c:/program files/microchip/xc32/v4.60/bin/bin/../../lib/gcc/pic32c/8.3.1/../../../../pic32c/lib/thumb/v7e-m+fp/hard\libc-size-musl.a(memset.o)
 .debug_aranges
                0x00000000000007b8       0x20 c:/program files/microchip/xc32/v4.60/bin/bin/../../lib/gcc/pic32c/8.3.1/../../../../pic32c/lib/thumb/v7e-m+fp/hard\libc-size-musl.a(strlen.o)
 .debug_aranges
                0x00000000000007d8       0x28 c:/program files/microchip/xc32/v4.60/bin/bin/../../lib/gcc/pic32c/8.3.1/../../../../pic32c/lib/thumb/v7e-m+fp/hard\libc-musl.a(__libc_start_main.o)
 .debug_aranges
                0x0000000000000800       0x18 c:/program files/microchip/xc32/v4.60/bin/bin/../../lib/gcc/pic32c/8.3.1/../../../../pic32c/lib/thumb/v7e-m+fp/hard\libc-musl.a(libc.o)
 .debug_aranges
                0x0000000000000818       0x18 c:/program files/microchip/xc32/v4.60/bin/bin/../../lib/gcc/pic32c/8.3.1/../../../../pic32c/lib/thumb/v7e-m+fp/hard\libc-musl.a(__environ.o)
 .debug_aranges
                0x0000000000000830       0x20 c:/program files/microchip/xc32/v4.60/bin/bin/../../lib/gcc/pic32c/8.3.1/thumb/v7e-m+fp/hard\libgcc.a(_aeabi_uldivmod.o)
 .debug_aranges
                0x0000000000000850       0x20 c:/program files/microchip/xc32/v4.60/bin/bin/../../lib/gcc/pic32c/8.3.1/thumb/v7e-m+fp/hard\libgcc.a(_udivmoddi4.o)
 .debug_aranges
                0x0000000000000870       0x20 c:/program files/microchip/xc32/v4.60/bin/bin/../../lib/gcc/pic32c/8.3.1/thumb/v7e-m+fp/hard\libgcc.a(_dvmd_tls.o)
 .debug_aranges
                0x0000000000000890       0x20 c:/program files/microchip/xc32/v4.60/bin/bin/../../lib/gcc/pic32c/8.3.1/../../../../pic32c/lib/thumb/v7e-m+fp/hard\libpic32c.a(pic32_data_init_clear.o)
 .debug_aranges
                0x00000000000008b0       0x20 c:/program files/microchip/xc32/v4.60/bin/bin/../../lib/gcc/pic32c/8.3.1/../../../../pic32c/lib/thumb/v7e-m+fp/hard\libpic32c.a(pic32_data_init_copy.o)

.debug_ranges   0x0000000000000000      0x878
 .debug_ranges  0x0000000000000000       0x10 build/sam_e54_cult/production/_ext/49303614/plib_clock.o
 .debug_ranges  0x0000000000000010       0xc8 build/sam_e54_cult/production/_ext/417202121/plib_dmac.o
 .debug_ranges  0x00000000000000d8       0x38 build/sam_e54_cult/production/_ext/125090035/plib_eic.o
 .debug_ranges  0x0000000000000110       0x10 build/sam_e54_cult/production/_ext/47154128/plib_evsys.o
 .debug_ranges  0x0000000000000120       0x28 build/sam_e54_cult/production/_ext/416895314/plib_nvic.o
 .debug_ranges  0x0000000000000148       0xc8 build/sam_e54_cult/production/_ext/1320929860/plib_nvmctrl.o
 .debug_ranges  0x0000000000000210       0x60 build/sam_e54_cult/production/_ext/416842163/plib_port.o
 .debug_ranges  0x0000000000000270       0xa0 build/sam_e54_cult/production/_ext/125102869/plib_rtc_timer.o
 .debug_ranges  0x0000000000000310      0x110 build/sam_e54_cult/production/_ext/666506505/plib_sercom6_i2c_master.o
 .debug_ranges  0x0000000000000420       0x68 build/sam_e54_cult/production/_ext/1820158563/plib_sercom1_usart.o
 .debug_ranges  0x0000000000000488       0x10 build/sam_e54_cult/production/_ext/67477800/initialization.o
 .debug_ranges  0x0000000000000498       0x10 build/sam_e54_cult/production/_ext/67477800/interrupts.o
 .debug_ranges  0x00000000000004a8       0x38 build/sam_e54_cult/production/_ext/67477800/exceptions.o
 .debug_ranges  0x00000000000004e0       0x18 build/sam_e54_cult/production/_ext/67477800/startup_xc32.o
 .debug_ranges  0x00000000000004f8       0x38 build/sam_e54_cult/production/_ext/1360937237/main.o
 .debug_ranges  0x0000000000000530       0x38 build/sam_e54_cult/production/_ext/1360937237/port.o
 .debug_ranges  0x0000000000000568       0x40 build/sam_e54_cult/production/_ext/1360937237/phy_driver.o
 .debug_ranges  0x00000000000005a8       0x30 build/sam_e54_cult/production/_ext/1360937237/mclk.o
 .debug_ranges  0x00000000000005d8       0x60 build/sam_e54_cult/production/_ext/1360937237/gmac.o
 .debug_ranges  0x0000000000000638       0x50 build/sam_e54_cult/production/_ext/1360937237/ptp.o
 .debug_ranges  0x0000000000000688       0x28 build/sam_e54_cult/production/_ext/1360937237/ethernet.o
 .debug_ranges  0x00000000000006b0       0x68 build/sam_e54_cult/production/_ext/1360937237/ptp_algo.o
 .debug_ranges  0x0000000000000718       0x20 c:/program files/microchip/xc32/v4.60/bin/bin/../../lib/gcc/pic32c/8.3.1/../../../../pic32c/lib/thumb/v7e-m+fp/hard\libpic32c.a(data_init.o)
 .debug_ranges  0x0000000000000738       0x10 c:/program files/microchip/xc32/v4.60/bin/bin/../../lib/gcc/pic32c/8.3.1/../../../../pic32c/lib/thumb/v7e-m+fp/hard\libc-size-musl.a(memcpy.o)
 .debug_ranges  0x0000000000000748       0x10 c:/program files/microchip/xc32/v4.60/bin/bin/../../lib/gcc/pic32c/8.3.1/../../../../pic32c/lib/thumb/v7e-m+fp/hard\libc-size-musl.a(memset.o)
 .debug_ranges  0x0000000000000758       0x10 c:/program files/microchip/xc32/v4.60/bin/bin/../../lib/gcc/pic32c/8.3.1/../../../../pic32c/lib/thumb/v7e-m+fp/hard\libc-size-musl.a(strlen.o)
 .debug_ranges  0x0000000000000768       0x40 c:/program files/microchip/xc32/v4.60/bin/bin/../../lib/gcc/pic32c/8.3.1/../../../../pic32c/lib/thumb/v7e-m+fp/hard\libc-musl.a(__libc_start_main.o)
 .debug_ranges  0x00000000000007a8       0xb0 c:/program files/microchip/xc32/v4.60/bin/bin/../../lib/gcc/pic32c/8.3.1/thumb/v7e-m+fp/hard\libgcc.a(_udivmoddi4.o)
 .debug_ranges  0x0000000000000858       0x10 c:/program files/microchip/xc32/v4.60/bin/bin/../../lib/gcc/pic32c/8.3.1/../../../../pic32c/lib/thumb/v7e-m+fp/hard\libpic32c.a(pic32_data_init_clear.o)
 .debug_ranges  0x0000000000000868       0x10 c:/program files/microchip/xc32/v4.60/bin/bin/../../lib/gcc/pic32c/8.3.1/../../../../pic32c/lib/thumb/v7e-m+fp/hard\libpic32c.a(pic32_data_init_copy.o)

.debug_line     0x0000000000000000     0x5ce6
 .debug_line    0x0000000000000000      0x292 build/sam_e54_cult/production/_ext/49303614/plib_clock.o
 .debug_line    0x0000000000000292      0x642 build/sam_e54_cult/production/_ext/417202121/plib_dmac.o
 .debug_line    0x00000000000008d4      0x2c2 build/sam_e54_cult/production/_ext/125090035/plib_eic.o
 .debug_line    0x0000000000000b96       0x6b build/sam_e54_cult/production/_ext/47154128/plib_evsys.o
 .debug_line    0x0000000000000c01      0x4f9 build/sam_e54_cult/production/_ext/416895314/plib_nvic.o
 .debug_line    0x00000000000010fa      0x5be build/sam_e54_cult/production/_ext/1320929860/plib_nvmctrl.o
 .debug_line    0x00000000000016b8      0x2ce build/sam_e54_cult/production/_ext/416842163/plib_port.o
 .debug_line    0x0000000000001986      0x439 build/sam_e54_cult/production/_ext/125102869/plib_rtc_timer.o
 .debug_line    0x0000000000001dbf      0x817 build/sam_e54_cult/production/_ext/666506505/plib_sercom6_i2c_master.o
 .debug_line    0x00000000000025d6      0x509 build/sam_e54_cult/production/_ext/1820158563/plib_sercom1_usart.o
 .debug_line    0x0000000000002adf      0x2e9 build/sam_e54_cult/production/_ext/67477800/initialization.o
 .debug_line    0x0000000000002dc8      0x12f build/sam_e54_cult/production/_ext/67477800/interrupts.o
 .debug_line    0x0000000000002ef7       0xcb build/sam_e54_cult/production/_ext/67477800/exceptions.o
 .debug_line    0x0000000000002fc2      0x240 build/sam_e54_cult/production/_ext/67477800/startup_xc32.o
 .debug_line    0x0000000000003202      0x505 build/sam_e54_cult/production/_ext/1360937237/main.o
 .debug_line    0x0000000000003707      0x1e7 build/sam_e54_cult/production/_ext/1360937237/port.o
 .debug_line    0x00000000000038ee      0x314 build/sam_e54_cult/production/_ext/1360937237/phy_driver.o
 .debug_line    0x0000000000003c02      0x5dd build/sam_e54_cult/production/_ext/1360937237/mclk.o
 .debug_line    0x00000000000041df      0x65c build/sam_e54_cult/production/_ext/1360937237/gmac.o
 .debug_line    0x000000000000483b      0x214 build/sam_e54_cult/production/_ext/1360937237/ptp.o
 .debug_line    0x0000000000004a4f      0x124 build/sam_e54_cult/production/_ext/1360937237/ethernet.o
 .debug_line    0x0000000000004b73      0x525 build/sam_e54_cult/production/_ext/1360937237/ptp_algo.o
 .debug_line    0x0000000000005098       0xa7 c:/program files/microchip/xc32/v4.60/bin/bin/../../lib/gcc/pic32c/8.3.1/../../../../pic32c/lib/thumb/v7e-m+fp/hard\libpic32c.a(data_init.o)
 .debug_line    0x000000000000513f       0xf9 c:/program files/microchip/xc32/v4.60/bin/bin/../../lib/gcc/pic32c/8.3.1/../../../../pic32c/lib/thumb/v7e-m+fp/hard\libc-size-musl.a(memcpy.o)
 .debug_line    0x0000000000005238       0xe3 c:/program files/microchip/xc32/v4.60/bin/bin/../../lib/gcc/pic32c/8.3.1/../../../../pic32c/lib/thumb/v7e-m+fp/hard\libc-size-musl.a(memset.o)
 .debug_line    0x000000000000531b       0xe6 c:/program files/microchip/xc32/v4.60/bin/bin/../../lib/gcc/pic32c/8.3.1/../../../../pic32c/lib/thumb/v7e-m+fp/hard\libc-size-musl.a(strlen.o)
 .debug_line    0x0000000000005401      0x1c7 c:/program files/microchip/xc32/v4.60/bin/bin/../../lib/gcc/pic32c/8.3.1/../../../../pic32c/lib/thumb/v7e-m+fp/hard\libc-musl.a(__libc_start_main.o)
 .debug_line    0x00000000000055c8       0xb5 c:/program files/microchip/xc32/v4.60/bin/bin/../../lib/gcc/pic32c/8.3.1/../../../../pic32c/lib/thumb/v7e-m+fp/hard\libc-musl.a(libc.o)
 .debug_line    0x000000000000567d       0xfb c:/program files/microchip/xc32/v4.60/bin/bin/../../lib/gcc/pic32c/8.3.1/../../../../pic32c/lib/thumb/v7e-m+fp/hard\libc-musl.a(__environ.o)
 .debug_line    0x0000000000005778       0x91 c:/program files/microchip/xc32/v4.60/bin/bin/../../lib/gcc/pic32c/8.3.1/thumb/v7e-m+fp/hard\libgcc.a(_aeabi_uldivmod.o)
 .debug_line    0x0000000000005809      0x360 c:/program files/microchip/xc32/v4.60/bin/bin/../../lib/gcc/pic32c/8.3.1/thumb/v7e-m+fp/hard\libgcc.a(_udivmoddi4.o)
 .debug_line    0x0000000000005b69       0x91 c:/program files/microchip/xc32/v4.60/bin/bin/../../lib/gcc/pic32c/8.3.1/thumb/v7e-m+fp/hard\libgcc.a(_dvmd_tls.o)
 .debug_line    0x0000000000005bfa       0x72 c:/program files/microchip/xc32/v4.60/bin/bin/../../lib/gcc/pic32c/8.3.1/../../../../pic32c/lib/thumb/v7e-m+fp/hard\libpic32c.a(pic32_data_init_clear.o)
 .debug_line    0x0000000000005c6c       0x7a c:/program files/microchip/xc32/v4.60/bin/bin/../../lib/gcc/pic32c/8.3.1/../../../../pic32c/lib/thumb/v7e-m+fp/hard\libpic32c.a(pic32_data_init_copy.o)

.debug_str      0x0000000000000000     0xb11e
 .debug_str     0x0000000000000000      0x638 build/sam_e54_cult/production/_ext/49303614/plib_clock.o
 .debug_str     0x0000000000000638      0x8cf build/sam_e54_cult/production/_ext/417202121/plib_dmac.o
 .debug_str     0x0000000000000f07      0x438 build/sam_e54_cult/production/_ext/125090035/plib_eic.o
 .debug_str     0x000000000000133f      0x294 build/sam_e54_cult/production/_ext/47154128/plib_evsys.o
 .debug_str     0x00000000000015d3      0xcb4 build/sam_e54_cult/production/_ext/416895314/plib_nvic.o
 .debug_str     0x0000000000002287      0x695 build/sam_e54_cult/production/_ext/1320929860/plib_nvmctrl.o
 .debug_str     0x000000000000291c      0xb46 build/sam_e54_cult/production/_ext/416842163/plib_port.o
 .debug_str     0x0000000000003462      0x737 build/sam_e54_cult/production/_ext/125102869/plib_rtc_timer.o
 .debug_str     0x0000000000003b99      0x8fa build/sam_e54_cult/production/_ext/666506505/plib_sercom6_i2c_master.o
 .debug_str     0x0000000000004493      0x7fc build/sam_e54_cult/production/_ext/1820158563/plib_sercom1_usart.o
 .debug_str     0x0000000000004c8f      0x343 build/sam_e54_cult/production/_ext/67477800/initialization.o
 .debug_str     0x0000000000004fd2      0xf73 build/sam_e54_cult/production/_ext/67477800/interrupts.o
 .debug_str     0x0000000000005f45      0x2f3 build/sam_e54_cult/production/_ext/67477800/exceptions.o
 .debug_str     0x0000000000006238      0x42d build/sam_e54_cult/production/_ext/67477800/startup_xc32.o
 .debug_str     0x0000000000006665      0xad0 build/sam_e54_cult/production/_ext/1360937237/main.o
 .debug_str     0x0000000000007135      0x37c build/sam_e54_cult/production/_ext/1360937237/port.o
 .debug_str     0x00000000000074b1      0x5b3 build/sam_e54_cult/production/_ext/1360937237/phy_driver.o
 .debug_str     0x0000000000007a64      0x390 build/sam_e54_cult/production/_ext/1360937237/mclk.o
 .debug_str     0x0000000000007df4      0x7be build/sam_e54_cult/production/_ext/1360937237/gmac.o
 .debug_str     0x00000000000085b2      0x4ca build/sam_e54_cult/production/_ext/1360937237/ptp.o
 .debug_str     0x0000000000008a7c      0x314 build/sam_e54_cult/production/_ext/1360937237/ethernet.o
 .debug_str     0x0000000000008d90      0x992 build/sam_e54_cult/production/_ext/1360937237/ptp_algo.o
 .debug_str     0x0000000000009722      0x206 c:/program files/microchip/xc32/v4.60/bin/bin/../../lib/gcc/pic32c/8.3.1/../../../../pic32c/lib/thumb/v7e-m+fp/hard\libpic32c.a(data_init.o)
 .debug_str     0x0000000000009928      0x22f c:/program files/microchip/xc32/v4.60/bin/bin/../../lib/gcc/pic32c/8.3.1/../../../../pic32c/lib/thumb/v7e-m+fp/hard\libc-size-musl.a(memcpy.o)
 .debug_str     0x0000000000009b57      0x21b c:/program files/microchip/xc32/v4.60/bin/bin/../../lib/gcc/pic32c/8.3.1/../../../../pic32c/lib/thumb/v7e-m+fp/hard\libc-size-musl.a(memset.o)
 .debug_str     0x0000000000009d72      0x221 c:/program files/microchip/xc32/v4.60/bin/bin/../../lib/gcc/pic32c/8.3.1/../../../../pic32c/lib/thumb/v7e-m+fp/hard\libc-size-musl.a(strlen.o)
 .debug_str     0x0000000000009f93      0x3d4 c:/program files/microchip/xc32/v4.60/bin/bin/../../lib/gcc/pic32c/8.3.1/../../../../pic32c/lib/thumb/v7e-m+fp/hard\libc-musl.a(__libc_start_main.o)
 .debug_str     0x000000000000a367      0x33f c:/program files/microchip/xc32/v4.60/bin/bin/../../lib/gcc/pic32c/8.3.1/../../../../pic32c/lib/thumb/v7e-m+fp/hard\libc-musl.a(libc.o)
 .debug_str     0x000000000000a6a6      0x23f c:/program files/microchip/xc32/v4.60/bin/bin/../../lib/gcc/pic32c/8.3.1/../../../../pic32c/lib/thumb/v7e-m+fp/hard\libc-musl.a(__environ.o)
 .debug_str     0x000000000000a8e5       0xd6 c:/program files/microchip/xc32/v4.60/bin/bin/../../lib/gcc/pic32c/8.3.1/thumb/v7e-m+fp/hard\libgcc.a(_aeabi_uldivmod.o)
 .debug_str     0x000000000000a9bb      0x2cd c:/program files/microchip/xc32/v4.60/bin/bin/../../lib/gcc/pic32c/8.3.1/thumb/v7e-m+fp/hard\libgcc.a(_udivmoddi4.o)
 .debug_str     0x000000000000ac88       0xda c:/program files/microchip/xc32/v4.60/bin/bin/../../lib/gcc/pic32c/8.3.1/thumb/v7e-m+fp/hard\libgcc.a(_dvmd_tls.o)
 .debug_str     0x000000000000ad62      0x1df c:/program files/microchip/xc32/v4.60/bin/bin/../../lib/gcc/pic32c/8.3.1/../../../../pic32c/lib/thumb/v7e-m+fp/hard\libpic32c.a(pic32_data_init_clear.o)
 .debug_str     0x000000000000af41      0x1dd c:/program files/microchip/xc32/v4.60/bin/bin/../../lib/gcc/pic32c/8.3.1/../../../../pic32c/lib/thumb/v7e-m+fp/hard\libpic32c.a(pic32_data_init_copy.o)

.debug_frame    0x0000000000000000     0x10b4
 .debug_frame   0x0000000000000000       0x20 build/sam_e54_cult/production/_ext/49303614/plib_clock.o
 .debug_frame   0x0000000000000020      0x178 build/sam_e54_cult/production/_ext/417202121/plib_dmac.o
 .debug_frame   0x0000000000000198       0x90 build/sam_e54_cult/production/_ext/125090035/plib_eic.o
 .debug_frame   0x0000000000000228       0x20 build/sam_e54_cult/production/_ext/47154128/plib_evsys.o
 .debug_frame   0x0000000000000248       0x5c build/sam_e54_cult/production/_ext/416895314/plib_nvic.o
 .debug_frame   0x00000000000002a4      0x1d8 build/sam_e54_cult/production/_ext/1320929860/plib_nvmctrl.o
 .debug_frame   0x000000000000047c       0xcc build/sam_e54_cult/production/_ext/416842163/plib_port.o
 .debug_frame   0x0000000000000548      0x148 build/sam_e54_cult/production/_ext/125102869/plib_rtc_timer.o
 .debug_frame   0x0000000000000690       0xe8 build/sam_e54_cult/production/_ext/666506505/plib_sercom6_i2c_master.o
 .debug_frame   0x0000000000000778      0x100 build/sam_e54_cult/production/_ext/1820158563/plib_sercom1_usart.o
 .debug_frame   0x0000000000000878       0x28 build/sam_e54_cult/production/_ext/67477800/initialization.o
 .debug_frame   0x00000000000008a0       0x20 build/sam_e54_cult/production/_ext/67477800/interrupts.o
 .debug_frame   0x00000000000008c0       0x70 build/sam_e54_cult/production/_ext/67477800/exceptions.o
 .debug_frame   0x0000000000000930       0x38 build/sam_e54_cult/production/_ext/67477800/startup_xc32.o
 .debug_frame   0x0000000000000968       0xa0 build/sam_e54_cult/production/_ext/1360937237/main.o
 .debug_frame   0x0000000000000a08       0x70 build/sam_e54_cult/production/_ext/1360937237/port.o
 .debug_frame   0x0000000000000a78       0xd4 build/sam_e54_cult/production/_ext/1360937237/phy_driver.o
 .debug_frame   0x0000000000000b4c       0x68 build/sam_e54_cult/production/_ext/1360937237/mclk.o
 .debug_frame   0x0000000000000bb4      0x134 build/sam_e54_cult/production/_ext/1360937237/gmac.o
 .debug_frame   0x0000000000000ce8      0x138 build/sam_e54_cult/production/_ext/1360937237/ptp.o
 .debug_frame   0x0000000000000e20       0x38 build/sam_e54_cult/production/_ext/1360937237/ethernet.o
 .debug_frame   0x0000000000000e58       0xbc build/sam_e54_cult/production/_ext/1360937237/ptp_algo.o
 .debug_frame   0x0000000000000f14       0x4c c:/program files/microchip/xc32/v4.60/bin/bin/../../lib/gcc/pic32c/8.3.1/../../../../pic32c/lib/thumb/v7e-m+fp/hard\libpic32c.a(data_init.o)
 .debug_frame   0x0000000000000f60       0x2c c:/program files/microchip/xc32/v4.60/bin/bin/../../lib/gcc/pic32c/8.3.1/../../../../pic32c/lib/thumb/v7e-m+fp/hard\libc-size-musl.a(memcpy.o)
 .debug_frame   0x0000000000000f8c       0x20 c:/program files/microchip/xc32/v4.60/bin/bin/../../lib/gcc/pic32c/8.3.1/../../../../pic32c/lib/thumb/v7e-m+fp/hard\libc-size-musl.a(memset.o)
 .debug_frame   0x0000000000000fac       0x20 c:/program files/microchip/xc32/v4.60/bin/bin/../../lib/gcc/pic32c/8.3.1/../../../../pic32c/lib/thumb/v7e-m+fp/hard\libc-size-musl.a(strlen.o)
 .debug_frame   0x0000000000000fcc       0x3c c:/program files/microchip/xc32/v4.60/bin/bin/../../lib/gcc/pic32c/8.3.1/../../../../pic32c/lib/thumb/v7e-m+fp/hard\libc-musl.a(__libc_start_main.o)
 .debug_frame   0x0000000000001008       0x2c c:/program files/microchip/xc32/v4.60/bin/bin/../../lib/gcc/pic32c/8.3.1/thumb/v7e-m+fp/hard\libgcc.a(_aeabi_uldivmod.o)
 .debug_frame   0x0000000000001034       0x38 c:/program files/microchip/xc32/v4.60/bin/bin/../../lib/gcc/pic32c/8.3.1/thumb/v7e-m+fp/hard\libgcc.a(_udivmoddi4.o)
 .debug_frame   0x000000000000106c       0x20 c:/program files/microchip/xc32/v4.60/bin/bin/../../lib/gcc/pic32c/8.3.1/../../../../pic32c/lib/thumb/v7e-m+fp/hard\libpic32c.a(pic32_data_init_clear.o)
 .debug_frame   0x000000000000108c       0x28 c:/program files/microchip/xc32/v4.60/bin/bin/../../lib/gcc/pic32c/8.3.1/../../../../pic32c/lib/thumb/v7e-m+fp/hard\libpic32c.a(pic32_data_init_copy.o)

.debug_loc      0x0000000000000000     0x635f
 .debug_loc     0x0000000000000000      0x8e1 build/sam_e54_cult/production/_ext/417202121/plib_dmac.o
 .debug_loc     0x00000000000008e1      0x12e build/sam_e54_cult/production/_ext/125090035/plib_eic.o
 .debug_loc     0x0000000000000a0f      0x33f build/sam_e54_cult/production/_ext/416895314/plib_nvic.o
 .debug_loc     0x0000000000000d4e      0x83e build/sam_e54_cult/production/_ext/1320929860/plib_nvmctrl.o
 .debug_loc     0x000000000000158c      0x1bc build/sam_e54_cult/production/_ext/416842163/plib_port.o
 .debug_loc     0x0000000000001748       0xde build/sam_e54_cult/production/_ext/125102869/plib_rtc_timer.o
 .debug_loc     0x0000000000001826      0xcf9 build/sam_e54_cult/production/_ext/666506505/plib_sercom6_i2c_master.o
 .debug_loc     0x000000000000251f      0x649 build/sam_e54_cult/production/_ext/1820158563/plib_sercom1_usart.o
 .debug_loc     0x0000000000002b68       0x45 build/sam_e54_cult/production/_ext/67477800/initialization.o
 .debug_loc     0x0000000000002bad       0x4a build/sam_e54_cult/production/_ext/67477800/startup_xc32.o
 .debug_loc     0x0000000000002bf7      0x215 build/sam_e54_cult/production/_ext/1360937237/main.o
 .debug_loc     0x0000000000002e0c      0x702 build/sam_e54_cult/production/_ext/1360937237/phy_driver.o
 .debug_loc     0x000000000000350e      0xa3e build/sam_e54_cult/production/_ext/1360937237/mclk.o
 .debug_loc     0x0000000000003f4c      0x61f build/sam_e54_cult/production/_ext/1360937237/gmac.o
 .debug_loc     0x000000000000456b      0x5d7 build/sam_e54_cult/production/_ext/1360937237/ptp.o
 .debug_loc     0x0000000000004b42      0x170 build/sam_e54_cult/production/_ext/1360937237/ethernet.o
 .debug_loc     0x0000000000004cb2      0x5b3 build/sam_e54_cult/production/_ext/1360937237/ptp_algo.o
 .debug_loc     0x0000000000005265       0x14 c:/program files/microchip/xc32/v4.60/bin/bin/../../lib/gcc/pic32c/8.3.1/../../../../pic32c/lib/thumb/v7e-m+fp/hard\libpic32c.a(data_init.o)
 .debug_loc     0x0000000000005279      0x10b c:/program files/microchip/xc32/v4.60/bin/bin/../../lib/gcc/pic32c/8.3.1/../../../../pic32c/lib/thumb/v7e-m+fp/hard\libc-size-musl.a(memcpy.o)
 .debug_loc     0x0000000000005384       0x7d c:/program files/microchip/xc32/v4.60/bin/bin/../../lib/gcc/pic32c/8.3.1/../../../../pic32c/lib/thumb/v7e-m+fp/hard\libc-size-musl.a(memset.o)
 .debug_loc     0x0000000000005401       0x90 c:/program files/microchip/xc32/v4.60/bin/bin/../../lib/gcc/pic32c/8.3.1/../../../../pic32c/lib/thumb/v7e-m+fp/hard\libc-size-musl.a(strlen.o)
 .debug_loc     0x0000000000005491       0x51 c:/program files/microchip/xc32/v4.60/bin/bin/../../lib/gcc/pic32c/8.3.1/../../../../pic32c/lib/thumb/v7e-m+fp/hard\libc-musl.a(__libc_start_main.o)
 .debug_loc     0x00000000000054e2      0xe69 c:/program files/microchip/xc32/v4.60/bin/bin/../../lib/gcc/pic32c/8.3.1/thumb/v7e-m+fp/hard\libgcc.a(_udivmoddi4.o)
 .debug_loc     0x000000000000634b       0x14 c:/program files/microchip/xc32/v4.60/bin/bin/../../lib/gcc/pic32c/8.3.1/../../../../pic32c/lib/thumb/v7e-m+fp/hard\libpic32c.a(pic32_data_init_copy.o)

.note.GNU-stack
                0x0000000000000000        0x0
 .note.GNU-stack
                0x0000000000000000        0x0 c:/program files/microchip/xc32/v4.60/bin/bin/../../lib/gcc/pic32c/8.3.1/../../../../pic32c/lib/thumb/v7e-m+fp/hard\libc-size-musl.a(memcpy.o)
 .note.GNU-stack
                0x0000000000000000        0x0 c:/program files/microchip/xc32/v4.60/bin/bin/../../lib/gcc/pic32c/8.3.1/../../../../pic32c/lib/thumb/v7e-m+fp/hard\libc-size-musl.a(memset.o)
 .note.GNU-stack
                0x0000000000000000        0x0 c:/program files/microchip/xc32/v4.60/bin/bin/../../lib/gcc/pic32c/8.3.1/../../../../pic32c/lib/thumb/v7e-m+fp/hard\libc-size-musl.a(strlen.o)
 .note.GNU-stack
                0x0000000000000000        0x0 c:/program files/microchip/xc32/v4.60/bin/bin/../../lib/gcc/pic32c/8.3.1/../../../../pic32c/lib/thumb/v7e-m+fp/hard\libc-musl.a(__libc_start_main.o)
 .note.GNU-stack
                0x0000000000000000        0x0 c:/program files/microchip/xc32/v4.60/bin/bin/../../lib/gcc/pic32c/8.3.1/../../../../pic32c/lib/thumb/v7e-m+fp/hard\libc-musl.a(libc.o)
 .note.GNU-stack
                0x0000000000000000        0x0 c:/program files/microchip/xc32/v4.60/bin/bin/../../lib/gcc/pic32c/8.3.1/../../../../pic32c/lib/thumb/v7e-m+fp/hard\libc-musl.a(__environ.o)

.stack          0x0000000020016e08      0x100
 .stack         0x0000000020016e08      0x100 stack

.bss.uartLocalTxBuffer%1
                0x0000000020016958       0xc8
 .bss.uartLocalTxBuffer
                0x0000000020016958       0xc8 build/sam_e54_cult/production/_ext/1360937237/main.o

.bss.eicCallbackObject%2
                0x0000000020016a20       0xc0
 .bss.eicCallbackObject
                0x0000000020016a20       0xc0 build/sam_e54_cult/production/_ext/125090035/plib_eic.o

.bss%3          0x0000000020016ae0       0x50
 .bss           0x0000000020016ae0       0x50 c:/program files/microchip/xc32/v4.60/bin/bin/../../lib/gcc/pic32c/8.3.1/../../../../pic32c/lib/thumb/v7e-m+fp/hard\libc-musl.a(libc.o)
                0x0000000020016ae0                __progname_full
                0x0000000020016ae0                program_invocation_name
                0x0000000020016ae4                program_invocation_short_name
                0x0000000020016ae4                __progname
                0x0000000020016ae8                __sysinfo
                0x0000000020016aec                __hwcap
                0x0000000020016af0                __libc

.bss.sercom6I2CObj%4
                0x0000000020016b30       0x2c
 .bss.sercom6I2CObj
                0x0000000020016b30       0x2c build/sam_e54_cult/production/_ext/666506505/plib_sercom6_i2c_master.o

.bss%5          0x0000000020016b5c       0x1c
 .bss           0x0000000020016b5c       0x1c c:/program files/microchip/xc32/v4.60/bin/bin/../../lib/gcc/pic32c/8.3.1/thumb/v7e-m+fp/hard/crtbegin.o

.bss.descriptor_section%6
                0x0000000020016b78       0x10
 .bss.descriptor_section
                0x0000000020016b78       0x10 build/sam_e54_cult/production/_ext/417202121/plib_dmac.o

.bss.dmacChannelObj%7
                0x0000000020016b88       0x10
 .bss.dmacChannelObj
                0x0000000020016b88       0x10 build/sam_e54_cult/production/_ext/417202121/plib_dmac.o

.bss.write_back_section%8
                0x0000000020016b98       0x10
 .bss.write_back_section
                0x0000000020016b98       0x10 build/sam_e54_cult/production/_ext/417202121/plib_dmac.o

.bss.rtcObj%9   0x0000000020016ba8        0xc
 .bss.rtcObj    0x0000000020016ba8        0xc build/sam_e54_cult/production/_ext/125102869/plib_rtc_timer.o

.bss.op_number%10
                0x0000000020016bb4        0x4
 .bss.op_number
                0x0000000020016bb4        0x4 build/sam_e54_cult/production/_ext/1360937237/main.o
                0x0000000020016bb4                op_number

.bss.nanoseconds%11
                0x0000000020016bb8        0x4
 .bss.nanoseconds
                0x0000000020016bb8        0x4 build/sam_e54_cult/production/_ext/1360937237/gmac.o
                0x0000000020016bb8                nanoseconds

.bss.seconds_low%12
                0x0000000020016bbc        0x4
 .bss.seconds_low
                0x0000000020016bbc        0x4 build/sam_e54_cult/production/_ext/1360937237/gmac.o
                0x0000000020016bbc                seconds_low

.bss%13         0x0000000020016bc0        0x4
 .bss           0x0000000020016bc0        0x4 c:/program files/microchip/xc32/v4.60/bin/bin/../../lib/gcc/pic32c/8.3.1/../../../../pic32c/lib/thumb/v7e-m+fp/hard\libpic32c.a(data_init.o)

.bss%14         0x0000000020016bc4        0x4
 .bss           0x0000000020016bc4        0x4 c:/program files/microchip/xc32/v4.60/bin/bin/../../lib/gcc/pic32c/8.3.1/../../../../pic32c/lib/thumb/v7e-m+fp/hard\libc-musl.a(__environ.o)
                0x0000000020016bc4                __environ
                0x0000000020016bc4                environ
                0x0000000020016bc4                ___environ
                0x0000000020016bc4                _environ

.bss.rx_dequeue%15
                0x0000000020016bc8        0x1
 .bss.rx_dequeue
                0x0000000020016bc8        0x1 build/sam_e54_cult/production/_ext/1360937237/main.o
                0x0000000020016bc8                rx_dequeue

.bss.stop%16    0x0000000020016bc9        0x1
 .bss.stop      0x0000000020016bc9        0x1 build/sam_e54_cult/production/_ext/1360937237/main.o
                0x0000000020016bc9                stop

.bss.free_next%17
                0x0000000020016bca        0x1
 .bss.free_next
                0x0000000020016bca        0x1 build/sam_e54_cult/production/_ext/1360937237/gmac.o
                0x0000000020016bca                free_next

.bss.rx_descr_idx%18
                0x0000000020016bcb        0x1
 .bss.rx_descr_idx
                0x0000000020016bcb        0x1 build/sam_e54_cult/production/_ext/1360937237/gmac.o
                0x0000000020016bcb                rx_descr_idx

.bss.rx_enqueue%19
                0x0000000020016bcc        0x1
 .bss.rx_enqueue
                0x0000000020016bcc        0x1 build/sam_e54_cult/production/_ext/1360937237/gmac.o
                0x0000000020016bcc                rx_enqueue

.bss.tsr_status%20
                0x0000000020016bcd        0x1
 .bss.tsr_status
                0x0000000020016bcd        0x1 build/sam_e54_cult/production/_ext/1360937237/gmac.o
                0x0000000020016bcd                tsr_status

.bss.tx_queue_idx%21
                0x0000000020016bce        0x1
 .bss.tx_queue_idx
                0x0000000020016bce        0x1 build/sam_e54_cult/production/_ext/1360937237/gmac.o
                0x0000000020016bce                tx_queue_idx

.bss.use_next%22
                0x0000000020016bcf        0x1
 .bss.use_next  0x0000000020016bcf        0x1 build/sam_e54_cult/production/_ext/1360937237/gmac.o
                0x0000000020016bcf                use_next

.bss.a%23       0x0000000020016bd0        0x1
 .bss.a         0x0000000020016bd0        0x1 build/sam_e54_cult/production/_ext/1360937237/ptp_algo.o
                0x0000000020016bd0                a

.bss.skip_print%24
                0x0000000020016bd1        0x1
 .bss.skip_print
                0x0000000020016bd1        0x1 build/sam_e54_cult/production/_ext/1360937237/ptp_algo.o
                0x0000000020016bd1                skip_print

.bss.syncReceived%25
                0x0000000020016bd2        0x1
 .bss.syncReceived
                0x0000000020016bd2        0x1 build/sam_e54_cult/production/_ext/1360937237/ptp_algo.o
                0x0000000020016bd2                syncReceived

.bss.synched%26
                0x0000000020016bd3        0x1
 .bss.synched   0x0000000020016bd3        0x1 build/sam_e54_cult/production/_ext/1360937237/ptp_algo.o
                0x0000000020016bd3                synched

.data.inc_t%27  0x0000000020016bd8        0x8
 .data.inc_t    0x0000000020016bd8        0x8 build/sam_e54_cult/production/_ext/1360937237/ptp_algo.o
                0x0000000020016bd8                inc_t

.data.max_offset%28
                0x0000000020016be0        0x8
 .data.max_offset
                0x0000000020016be0        0x8 build/sam_e54_cult/production/_ext/1360937237/ptp_algo.o
                0x0000000020016be0                max_offset

.data.ptp_sync_sequenceId%29
                0x0000000020016bd4        0x4
 .data.ptp_sync_sequenceId
                0x0000000020016bd4        0x4 build/sam_e54_cult/production/_ext/1360937237/ptp_algo.o

.data.isUARTTxComplete%30
                0x0000000020016be8        0x1
 .data.isUARTTxComplete
                0x0000000020016be8        0x1 build/sam_e54_cult/production/_ext/1360937237/main.o

.data.send%31   0x0000000020016be9        0x1
 .data.send     0x0000000020016be9        0x1 build/sam_e54_cult/production/_ext/1360937237/main.o
                0x0000000020016be9                send

.data.buffer_space%32
                0x0000000020016bea        0x1
 .data.buffer_space
                0x0000000020016bea        0x1 build/sam_e54_cult/production/_ext/1360937237/gmac.o
                0x0000000020016bea                buffer_space

.data.match_freq%33
                0x0000000020016beb        0x1
 .data.match_freq
                0x0000000020016beb        0x1 build/sam_e54_cult/production/_ext/1360937237/ptp_algo.o
                0x0000000020016beb                match_freq

.eh_frame%z1    0x0000000000000000        0x0
 .eh_frame      0x0000000000000000        0x0 c:/program files/microchip/xc32/v4.60/bin/bin/../../lib/gcc/pic32c/8.3.1/thumb/v7e-m+fp/hard/crtbegin.o

.config_00804000.__config_00804000%34
                0x0000000000804000        0x4
 .config_00804000.__config_00804000
                0x0000000000804000        0x4 build/sam_e54_cult/production/_ext/67477800/initialization.o
                0x0000000000804000                __config_00804000

.config_00804004.__config_00804004%35
                0x0000000000804004        0x4
 .config_00804004.__config_00804004
                0x0000000000804004        0x4 build/sam_e54_cult/production/_ext/67477800/initialization.o
                0x0000000000804004                __config_00804004

.config_00804008.__config_00804008%36
                0x0000000000804008        0x4
 .config_00804008.__config_00804008
                0x0000000000804008        0x4 build/sam_e54_cult/production/_ext/67477800/initialization.o
                0x0000000000804008                __config_00804008

.text%37        0x000000000000028c      0x2bc
 .text          0x000000000000028c      0x2bc c:/program files/microchip/xc32/v4.60/bin/bin/../../lib/gcc/pic32c/8.3.1/thumb/v7e-m+fp/hard\libgcc.a(_udivmoddi4.o)
                0x000000000000028c                __udivmoddi4

.text.correct_clock%38
                0x0000000000000548      0x1cc
 .text.correct_clock
                0x0000000000000548      0x1cc build/sam_e54_cult/production/_ext/1360937237/ptp_algo.o
                0x0000000000000548                correct_clock

.text.SERCOM6_I2C_InterruptHandler%39
                0x0000000000000714      0x1bc
 .text.SERCOM6_I2C_InterruptHandler
                0x0000000000000714      0x1bc build/sam_e54_cult/production/_ext/666506505/plib_sercom6_i2c_master.o
                0x0000000000000714                SERCOM6_I2C_InterruptHandler

.text.main%40   0x00000000000008d0      0x1b8
 .text.main     0x00000000000008d0      0x1b8 build/sam_e54_cult/production/_ext/1360937237/main.o
                0x00000000000008d0                main

.text.Service_PTP%41
                0x0000000000000a88      0x1ac
 .text.Service_PTP
                0x0000000000000a88      0x1ac build/sam_e54_cult/production/_ext/1360937237/main.o
                0x0000000000000a88                Service_PTP

.text._mclk_enable_apba_peripheral%42
                0x0000000000000c34      0x190
 .text._mclk_enable_apba_peripheral
                0x0000000000000c34      0x190 build/sam_e54_cult/production/_ext/1360937237/mclk.o
                0x0000000000000c34                _mclk_enable_apba_peripheral

.text._mclk_enable_apbb_peripheral%43
                0x0000000000000dc4      0x180
 .text._mclk_enable_apbb_peripheral
                0x0000000000000dc4      0x180 build/sam_e54_cult/production/_ext/1360937237/mclk.o
                0x0000000000000dc4                _mclk_enable_apbb_peripheral

.dinit%44       0x0000000000000f44      0x170
 .dinit         0x0000000000000f44      0x170 data_init

.text._mclk_enable_apbc_peripheral%45
                0x00000000000010b4      0x148
 .text._mclk_enable_apbc_peripheral
                0x00000000000010b4      0x148 build/sam_e54_cult/production/_ext/1360937237/mclk.o
                0x00000000000010b4                _mclk_enable_apbc_peripheral

.text._mclk_enable_apbd_peripheral%46
                0x00000000000011fc      0x128
 .text._mclk_enable_apbd_peripheral
                0x00000000000011fc      0x128 build/sam_e54_cult/production/_ext/1360937237/mclk.o
                0x00000000000011fc                _mclk_enable_apbd_peripheral

.text.gmac_config_address_registers%47
                0x0000000000001324      0x124
 .text.gmac_config_address_registers
                0x0000000000001324      0x124 build/sam_e54_cult/production/_ext/1360937237/gmac.o
                0x0000000000001324                gmac_config_address_registers

.text.LAN867x_init%48
                0x0000000000001448      0x11c
 .text.LAN867x_init
                0x0000000000001448      0x11c build/sam_e54_cult/production/_ext/1360937237/phy_driver.o
                0x0000000000001448                LAN867x_init

.text.GMAC_Handler%49
                0x0000000000001564      0x114
 .text.GMAC_Handler
                0x0000000000001564      0x114 build/sam_e54_cult/production/_ext/1360937237/gmac.o
                0x0000000000001564                GMAC_Handler

.text.CLOCK_Initialize%50
                0x0000000000001678      0x100
 .text.CLOCK_Initialize
                0x0000000000001678      0x100 build/sam_e54_cult/production/_ext/49303614/plib_clock.o
                0x0000000000001678                CLOCK_Initialize

.text.port_set_rmii_pins%51
                0x0000000000001778       0xf8
 .text.port_set_rmii_pins
                0x0000000000001778       0xf8 build/sam_e54_cult/production/_ext/1360937237/port.o
                0x0000000000001778                port_set_rmii_pins

.text.DMAC_ChannelTransfer%52
                0x0000000000001870       0xe8
 .text.DMAC_ChannelTransfer
                0x0000000000001870       0xe8 build/sam_e54_cult/production/_ext/417202121/plib_dmac.o
                0x0000000000001870                DMAC_ChannelTransfer

.text.gmac_send_frame%53
                0x0000000000001958       0xbc
 .text.gmac_send_frame
                0x0000000000001958       0xbc build/sam_e54_cult/production/_ext/1360937237/gmac.o
                0x0000000000001958                gmac_send_frame

.text.NVIC_Initialize%54
                0x0000000000001a14       0xb0
 .text.NVIC_Initialize
                0x0000000000001a14       0xb0 build/sam_e54_cult/production/_ext/416895314/plib_nvic.o
                0x0000000000001a14                NVIC_Initialize

.text.processFollowUp_v1%55
                0x0000000000001ac4       0xa8
 .text.processFollowUp_v1
                0x0000000000001ac4       0xa8 build/sam_e54_cult/production/_ext/1360937237/ptp_algo.o
                0x0000000000001ac4                processFollowUp_v1

.text.LAN867x_op45%56
                0x0000000000001b6c       0x94
 .text.LAN867x_op45
                0x0000000000001b6c       0x94 build/sam_e54_cult/production/_ext/1360937237/phy_driver.o
                0x0000000000001b6c                LAN867x_op45

.text.create_ethernet_frame%57
                0x0000000000001c00       0x90
 .text.create_ethernet_frame
                0x0000000000001c00       0x90 build/sam_e54_cult/production/_ext/1360937237/ethernet.o
                0x0000000000001c00                create_ethernet_frame

.text.DMAC_channel_interruptHandler%58
                0x0000000000001c90       0x84
 .text.DMAC_channel_interruptHandler
                0x0000000000001c90       0x84 build/sam_e54_cult/production/_ext/417202121/plib_dmac.o

.text.EIC_Initialize%59
                0x0000000000001d14       0x84
 .text.EIC_Initialize
                0x0000000000001d14       0x84 build/sam_e54_cult/production/_ext/125090035/plib_eic.o
                0x0000000000001d14                EIC_Initialize

.text.Reset_Handler%60
                0x0000000000001d98       0x84
 .text.Reset_Handler
                0x0000000000001d98       0x84 build/sam_e54_cult/production/_ext/67477800/startup_xc32.o
                0x0000000000001d98                Reset_Handler

.text.gmac_config%61
                0x0000000000001e1c       0x7c
 .text.gmac_config
                0x0000000000001e1c       0x7c build/sam_e54_cult/production/_ext/1360937237/gmac.o
                0x0000000000001e1c                gmac_config

.text.handlePtp_v1%62
                0x0000000000001e98       0x70
 .text.handlePtp_v1
                0x0000000000001e98       0x70 build/sam_e54_cult/production/_ext/1360937237/ptp_algo.o
                0x0000000000001e98                handlePtp_v1

.text.SERCOM6_I2C_Initialize%63
                0x0000000000001f08       0x60
 .text.SERCOM6_I2C_Initialize
                0x0000000000001f08       0x60 build/sam_e54_cult/production/_ext/666506505/plib_sercom6_i2c_master.o
                0x0000000000001f08                SERCOM6_I2C_Initialize

.rodata.Service_PTP.str1.4%64
                0x0000000000001f68       0x5c
 .rodata.Service_PTP.str1.4
                0x0000000000001f68       0x5c build/sam_e54_cult/production/_ext/1360937237/main.o

.text.__libc_start_init%65
                0x0000000000001fc4       0x5c
 .text.__libc_start_init
                0x0000000000001fc4       0x5c c:/program files/microchip/xc32/v4.60/bin/bin/../../lib/gcc/pic32c/8.3.1/../../../../pic32c/lib/thumb/v7e-m+fp/hard\libc-musl.a(__libc_start_main.o)
                0x0000000000001fc4                __libc_init_array

.text.DMAC_Initialize%66
                0x0000000000002020       0x58
 .text.DMAC_Initialize
                0x0000000000002020       0x58 build/sam_e54_cult/production/_ext/417202121/plib_dmac.o
                0x0000000000002020                DMAC_Initialize

.text.gmac_config_receive_buffers%67
                0x0000000000002078       0x58
 .text.gmac_config_receive_buffers
                0x0000000000002078       0x58 build/sam_e54_cult/production/_ext/1360937237/gmac.o
                0x0000000000002078                gmac_config_receive_buffers

.text.LAN867x_op45_helper%68
                0x00000000000020d0       0x56
 .text.LAN867x_op45_helper
                0x00000000000020d0       0x56 build/sam_e54_cult/production/_ext/1360937237/phy_driver.o
                0x00000000000020d0                LAN867x_op45_helper

.text.create_ptp_frame%69
                0x0000000000002126       0x56
 .text.create_ptp_frame
                0x0000000000002126       0x56 build/sam_e54_cult/production/_ext/1360937237/ptp.o
                0x0000000000002126                create_ptp_frame

.text.RTC_Initialize%70
                0x000000000000217c       0x54
 .text.RTC_Initialize
                0x000000000000217c       0x54 build/sam_e54_cult/production/_ext/125102869/plib_rtc_timer.o
                0x000000000000217c                RTC_Initialize

.text.SERCOM6_I2C_InitiateTransfer%71
                0x00000000000021d0       0x4c
 .text.SERCOM6_I2C_InitiateTransfer
                0x00000000000021d0       0x4c build/sam_e54_cult/production/_ext/666506505/plib_sercom6_i2c_master.o

.text.PORT_Initialize%72
                0x000000000000221c       0x48
 .text.PORT_Initialize
                0x000000000000221c       0x48 build/sam_e54_cult/production/_ext/416842163/plib_port.o
                0x000000000000221c                PORT_Initialize

.text.gmac_config_transmit_buffers%73
                0x0000000000002264       0x48
 .text.gmac_config_transmit_buffers
                0x0000000000002264       0x48 build/sam_e54_cult/production/_ext/1360937237/gmac.o
                0x0000000000002264                gmac_config_transmit_buffers

.text%74        0x00000000000022ac       0x40
 .text          0x00000000000022ac       0x40 c:/program files/microchip/xc32/v4.60/bin/bin/../../lib/gcc/pic32c/8.3.1/thumb/v7e-m+fp/hard/crtbegin.o

.text.__pic32c_data_initialization%75
                0x00000000000022ec       0x38
 .text.__pic32c_data_initialization
                0x00000000000022ec       0x38 c:/program files/microchip/xc32/v4.60/bin/bin/../../lib/gcc/pic32c/8.3.1/../../../../pic32c/lib/thumb/v7e-m+fp/hard\libpic32c.a(data_init.o)
                0x00000000000022ec                __pic32c_data_initialization

.text.mclk_enable_peripheral_clock%76
                0x0000000000002324       0x36
 .text.mclk_enable_peripheral_clock
                0x0000000000002324       0x36 build/sam_e54_cult/production/_ext/1360937237/mclk.o
                0x0000000000002324                mclk_enable_peripheral_clock

.text.SERCOM1_USART_Initialize%77
                0x000000000000235c       0x34
 .text.SERCOM1_USART_Initialize
                0x000000000000235c       0x34 build/sam_e54_cult/production/_ext/1820158563/plib_sercom1_usart.o
                0x000000000000235c                SERCOM1_USART_Initialize

.text.processSync_v1%78
                0x0000000000002390       0x34
 .text.processSync_v1
                0x0000000000002390       0x34 build/sam_e54_cult/production/_ext/1360937237/ptp_algo.o
                0x0000000000002390                processSync_v1

.text.EIC_CallbackRegister%79
                0x00000000000023c4       0x30
 .text.EIC_CallbackRegister
                0x00000000000023c4       0x30 build/sam_e54_cult/production/_ext/125090035/plib_eic.o
                0x00000000000023c4                EIC_CallbackRegister

.text.gmac_set_macaddress%80
                0x00000000000023f4       0x30
 .text.gmac_set_macaddress
                0x00000000000023f4       0x30 build/sam_e54_cult/production/_ext/1360937237/gmac.o
                0x00000000000023f4                gmac_set_macaddress

.text.create_ptp_802_1as_Pdelay_Req_frame%81
                0x0000000000002424       0x30
 .text.create_ptp_802_1as_Pdelay_Req_frame
                0x0000000000002424       0x30 build/sam_e54_cult/production/_ext/1360937237/ptp.o
                0x0000000000002424                create_ptp_802_1as_Pdelay_Req_frame

.text%82        0x0000000000002454       0x30
 .text          0x0000000000002454       0x30 c:/program files/microchip/xc32/v4.60/bin/bin/../../lib/gcc/pic32c/8.3.1/thumb/v7e-m+fp/hard\libgcc.a(_aeabi_uldivmod.o)
                0x0000000000002454                __aeabi_uldivmod

.text.RTC_InterruptHandler%83
                0x0000000000002484       0x2c
 .text.RTC_InterruptHandler
                0x0000000000002484       0x2c build/sam_e54_cult/production/_ext/125102869/plib_rtc_timer.o
                0x0000000000002484                RTC_InterruptHandler

.text.SYS_Initialize%84
                0x00000000000024b0       0x2c
 .text.SYS_Initialize
                0x00000000000024b0       0x2c build/sam_e54_cult/production/_ext/67477800/initialization.o
                0x00000000000024b0                SYS_Initialize

.text.LAN867x_write45%85
                0x00000000000024dc       0x26
 .text.LAN867x_write45
                0x00000000000024dc       0x26 build/sam_e54_cult/production/_ext/1360937237/phy_driver.o
                0x00000000000024dc                LAN867x_write45

.text.LAN867x_read22%86
                0x0000000000002504       0x24
 .text.LAN867x_read22
                0x0000000000002504       0x24 build/sam_e54_cult/production/_ext/1360937237/phy_driver.o
                0x0000000000002504                LAN867x_read22

.text.tsToInternal_v1%87
                0x0000000000002528       0x24
 .text.tsToInternal_v1
                0x0000000000002528       0x24 build/sam_e54_cult/production/_ext/1360937237/ptp_algo.o
                0x0000000000002528                tsToInternal_v1

.text.EIC_EXTINT_0_InterruptHandler%88
                0x000000000000254c       0x20
 .text.EIC_EXTINT_0_InterruptHandler
                0x000000000000254c       0x20 build/sam_e54_cult/production/_ext/125090035/plib_eic.o
                0x000000000000254c                EIC_EXTINT_0_InterruptHandler

.text.EIC_EXTINT_1_InterruptHandler%89
                0x000000000000256c       0x20
 .text.EIC_EXTINT_1_InterruptHandler
                0x000000000000256c       0x20 build/sam_e54_cult/production/_ext/125090035/plib_eic.o
                0x000000000000256c                EIC_EXTINT_1_InterruptHandler

.text.get_time%90
                0x000000000000258c       0x20
 .text.get_time
                0x000000000000258c       0x20 build/sam_e54_cult/production/_ext/1360937237/main.o
                0x000000000000258c                get_time

.text.LAN867x_write22%91
                0x00000000000025ac       0x20
 .text.LAN867x_write22
                0x00000000000025ac       0x20 build/sam_e54_cult/production/_ext/1360937237/phy_driver.o
                0x00000000000025ac                LAN867x_write22

.text.LAN867x_read45%92
                0x00000000000025cc       0x1e
 .text.LAN867x_read45
                0x00000000000025cc       0x1e build/sam_e54_cult/production/_ext/1360937237/phy_driver.o
                0x00000000000025cc                LAN867x_read45

.text.__dinit_copy%93
                0x00000000000025ea       0x1e
 .text.__dinit_copy
                0x00000000000025ea       0x1e c:/program files/microchip/xc32/v4.60/bin/bin/../../lib/gcc/pic32c/8.3.1/../../../../pic32c/lib/thumb/v7e-m+fp/hard\libpic32c.a(pic32_data_init_copy.o)
                0x00000000000025ea                __dinit_copy_needed
                0x00000000000025ea                __dinit_copy

.text.EIC_SW0_User_Handler%94
                0x0000000000002608       0x1c
 .text.EIC_SW0_User_Handler
                0x0000000000002608       0x1c build/sam_e54_cult/production/_ext/1360937237/main.o

.text.EIC_SW1_User_Handler%95
                0x0000000000002624       0x1c
 .text.EIC_SW1_User_Handler
                0x0000000000002624       0x1c build/sam_e54_cult/production/_ext/1360937237/main.o

.text.memcpy%96
                0x0000000000002640       0x1c
 .text.memcpy   0x0000000000002640       0x1c c:/program files/microchip/xc32/v4.60/bin/bin/../../lib/gcc/pic32c/8.3.1/../../../../pic32c/lib/thumb/v7e-m+fp/hard\libc-size-musl.a(memcpy.o)
                0x0000000000002640                memcpy

.rodata%97      0x000000000000265c       0x18
 .rodata        0x000000000000265c       0x18 build/sam_e54_cult/production/_ext/1360937237/main.o

.text.reset%98  0x0000000000002674       0x18
 .text.reset    0x0000000000002674       0x18 build/sam_e54_cult/production/_ext/1360937237/ptp_algo.o
                0x0000000000002674                reset

.text.strlen%99
                0x000000000000268c       0x18
 .text.strlen   0x000000000000268c       0x18 c:/program files/microchip/xc32/v4.60/bin/bin/../../lib/gcc/pic32c/8.3.1/../../../../pic32c/lib/thumb/v7e-m+fp/hard\libc-size-musl.a(strlen.o)
                0x000000000000268c                strlen

.text.usartDmaChannelHandler%100
                0x00000000000026a4       0x14
 .text.usartDmaChannelHandler
                0x00000000000026a4       0x14 build/sam_e54_cult/production/_ext/1360937237/main.o

.text.gmac_reset%101
                0x00000000000026b8       0x14
 .text.gmac_reset
                0x00000000000026b8       0x14 build/sam_e54_cult/production/_ext/1360937237/gmac.o
                0x00000000000026b8                gmac_reset

.rodata%102     0x00000000000026cc       0x14
 .rodata        0x00000000000026cc       0x14 c:/program files/microchip/xc32/v4.60/bin/bin/../../lib/gcc/pic32c/8.3.1/../../../../pic32c/lib/thumb/v7e-m+fp/hard\libpic32c.a(data_init.o)

.text.memset%103
                0x00000000000026e0       0x14
 .text.memset   0x00000000000026e0       0x14 c:/program files/microchip/xc32/v4.60/bin/bin/../../lib/gcc/pic32c/8.3.1/../../../../pic32c/lib/thumb/v7e-m+fp/hard\libc-size-musl.a(memset.o)
                0x00000000000026e0                memset

.text.__dinit_clear%104
                0x00000000000026f4       0x12
 .text.__dinit_clear
                0x00000000000026f4       0x12 c:/program files/microchip/xc32/v4.60/bin/bin/../../lib/gcc/pic32c/8.3.1/../../../../pic32c/lib/thumb/v7e-m+fp/hard\libpic32c.a(pic32_data_init_clear.o)
                0x00000000000026f4                __dinit_clear
                0x00000000000026f4                __dinit_clear_needed

.text.DMAC_ChannelCallbackRegister%105
                0x0000000000002708       0x10
 .text.DMAC_ChannelCallbackRegister
                0x0000000000002708       0x10 build/sam_e54_cult/production/_ext/417202121/plib_dmac.o
                0x0000000000002708                DMAC_ChannelCallbackRegister

.text.NVMCTRL_Initialize%106
                0x0000000000002718       0x10
 .text.NVMCTRL_Initialize
                0x0000000000002718       0x10 build/sam_e54_cult/production/_ext/1320929860/plib_nvmctrl.o
                0x0000000000002718                NVMCTRL_Initialize

.rodata%107     0x0000000000002728       0x10
 .rodata        0x0000000000002728       0x10 build/sam_e54_cult/production/_ext/1360937237/ptp.o

.text.DMAC_0_InterruptHandler%108
                0x0000000000002738        0xa
 .text.DMAC_0_InterruptHandler
                0x0000000000002738        0xa build/sam_e54_cult/production/_ext/417202121/plib_dmac.o
                0x0000000000002738                DMAC_0_InterruptHandler

.rodata%109     0x0000000000002744        0x8
 .rodata        0x0000000000002744        0x8 build/sam_e54_cult/production/_ext/1360937237/gmac.o

.text.__dummy_decompress%110
                0x000000000000274c        0x4
 .text.__dummy_decompress
                0x000000000000274c        0x4 c:/program files/microchip/xc32/v4.60/bin/bin/../../lib/gcc/pic32c/8.3.1/../../../../pic32c/lib/thumb/v7e-m+fp/hard\libpic32c.a(data_init.o)
                0x000000000000274c                __dinit_decompress
                0x000000000000274c                __dinit_copy_val_data
                0x000000000000274c                __dinit_copy_emb

.text%111       0x0000000000002750        0x4
 .text          0x0000000000002750        0x4 c:/program files/microchip/xc32/v4.60/bin/bin/../../lib/gcc/pic32c/8.3.1/thumb/v7e-m+fp/hard\libgcc.a(_dvmd_tls.o)
                0x0000000000002750                __aeabi_idiv0
                0x0000000000002750                __aeabi_ldiv0

.text.EVSYS_Initialize%112
                0x000000000000235a        0x2
 .text.EVSYS_Initialize
                0x000000000000235a        0x2 build/sam_e54_cult/production/_ext/47154128/plib_evsys.o
                0x000000000000235a                EVSYS_Initialize

.text.Dummy_Handler%113
                0x0000000000002502        0x2
 .text.Dummy_Handler
                0x0000000000002502        0x2 build/sam_e54_cult/production/_ext/67477800/interrupts.o
                0x0000000000002502                EIC_EXTINT_9_Handler
                0x0000000000002502                TCC0_MC5_Handler
                0x0000000000002502                SVCall_Handler
                0x0000000000002502                SERCOM0_2_Handler
                0x0000000000002502                USB_SOF_HSOF_Handler
                0x0000000000002502                TCC4_OTHER_Handler
                0x0000000000002502                TCC2_MC2_Handler
                0x0000000000002502                EVSYS_0_Handler
                0x0000000000002502                TRNG_Handler
                0x0000000000002502                TC2_Handler
                0x0000000000002502                USB_TRCPT0_Handler
                0x0000000000002502                DAC_OTHER_Handler
                0x0000000000002502                AC_Handler
                0x0000000000002502                DAC_EMPTY_0_Handler
                0x0000000000002502                DMAC_OTHER_Handler
                0x0000000000002502                EIC_EXTINT_5_Handler
                0x0000000000002502                SERCOM3_1_Handler
                0x0000000000002502                SysTick_Handler
                0x0000000000002502                SERCOM4_OTHER_Handler
                0x0000000000002502                SERCOM3_2_Handler
                0x0000000000002502                EIC_EXTINT_6_Handler
                0x0000000000002502                PendSV_Handler
                0x0000000000002502                TC7_Handler
                0x0000000000002502                TCC4_MC0_Handler
                0x0000000000002502                EVSYS_3_Handler
                0x0000000000002502                QSPI_Handler
                0x0000000000002502                TCC2_MC0_Handler
                0x0000000000002502                PDEC_OTHER_Handler
                0x0000000000002502                TCC3_MC0_Handler
                0x0000000000002502                PDEC_MC1_Handler
                0x0000000000002502                TCC2_MC1_Handler
                0x0000000000002502                OSCCTRL_XOSC1_Handler
                0x0000000000002502                PDEC_MC0_Handler
                0x0000000000002502                EIC_EXTINT_4_Handler
                0x0000000000002502                EIC_EXTINT_7_Handler
                0x0000000000002502                SERCOM0_OTHER_Handler
                0x0000000000002502                EVSYS_OTHER_Handler
                0x0000000000002502                SERCOM0_0_Handler
                0x0000000000002502                SERCOM4_0_Handler
                0x0000000000002502                TCC1_MC0_Handler
                0x0000000000002502                SERCOM1_OTHER_Handler
                0x0000000000002502                TCC2_OTHER_Handler
                0x0000000000002502                EIC_EXTINT_11_Handler
                0x0000000000002502                SUPC_BODDET_Handler
                0x0000000000002502                EIC_EXTINT_14_Handler
                0x0000000000002502                OSC32KCTRL_Handler
                0x0000000000002502                EVSYS_1_Handler
                0x0000000000002502                TC6_Handler
                0x0000000000002502                TCC4_MC1_Handler
                0x0000000000002502                SUPC_OTHER_Handler
                0x0000000000002502                WDT_Handler
                0x0000000000002502                CAN0_Handler
                0x0000000000002502                EIC_EXTINT_15_Handler
                0x0000000000002502                TCC3_MC1_Handler
                0x0000000000002502                SERCOM5_0_Handler
                0x0000000000002502                TC4_Handler
                0x0000000000002502                TC1_Handler
                0x0000000000002502                TCC1_MC1_Handler
                0x0000000000002502                TCC1_OTHER_Handler
                0x0000000000002502                PAC_Handler
                0x0000000000002502                SERCOM4_1_Handler
                0x0000000000002502                TC3_Handler
                0x0000000000002502                Dummy_Handler
                0x0000000000002502                DAC_RESRDY_0_Handler
                0x0000000000002502                SERCOM5_1_Handler
                0x0000000000002502                DMAC_2_Handler
                0x0000000000002502                TCC0_MC4_Handler
                0x0000000000002502                USB_TRCPT1_Handler
                0x0000000000002502                SERCOM0_1_Handler
                0x0000000000002502                TCC0_MC3_Handler
                0x0000000000002502                EIC_EXTINT_12_Handler
                0x0000000000002502                OSCCTRL_DPLL0_Handler
                0x0000000000002502                SERCOM7_1_Handler
                0x0000000000002502                SERCOM5_OTHER_Handler
                0x0000000000002502                PM_Handler
                0x0000000000002502                OSCCTRL_DFLL_Handler
                0x0000000000002502                SERCOM7_0_Handler
                0x0000000000002502                DAC_RESRDY_1_Handler
                0x0000000000002502                DMAC_1_Handler
                0x0000000000002502                USB_OTHER_Handler
                0x0000000000002502                SDHC1_Handler
                0x0000000000002502                SERCOM7_2_Handler
                0x0000000000002502                CAN1_Handler
                0x0000000000002502                TCC0_OTHER_Handler
                0x0000000000002502                EIC_EXTINT_10_Handler
                0x0000000000002502                TCC1_MC3_Handler
                0x0000000000002502                OSCCTRL_XOSC0_Handler
                0x0000000000002502                TCC0_MC0_Handler
                0x0000000000002502                EIC_EXTINT_2_Handler
                0x0000000000002502                SDHC0_Handler
                0x0000000000002502                SERCOM1_1_Handler
                0x0000000000002502                I2S_Handler
                0x0000000000002502                PCC_Handler
                0x0000000000002502                TCC3_OTHER_Handler
                0x0000000000002502                EIC_EXTINT_13_Handler
                0x0000000000002502                SERCOM1_0_Handler
                0x0000000000002502                PUKCC_Handler
                0x0000000000002502                SERCOM2_1_Handler
                0x0000000000002502                SERCOM1_2_Handler
                0x0000000000002502                SERCOM3_0_Handler
                0x0000000000002502                SERCOM4_2_Handler
                0x0000000000002502                TCC1_MC2_Handler
                0x0000000000002502                ADC1_RESRDY_Handler
                0x0000000000002502                NVMCTRL_1_Handler
                0x0000000000002502                SERCOM5_2_Handler
                0x0000000000002502                SERCOM2_2_Handler
                0x0000000000002502                DAC_EMPTY_1_Handler
                0x0000000000002502                ADC1_OTHER_Handler
                0x0000000000002502                OSCCTRL_DPLL1_Handler
                0x0000000000002502                EIC_EXTINT_3_Handler
                0x0000000000002502                SERCOM3_OTHER_Handler
                0x0000000000002502                EIC_EXTINT_8_Handler
                0x0000000000002502                NVMCTRL_0_Handler
                0x0000000000002502                ADC0_RESRDY_Handler
                0x0000000000002502                ADC0_OTHER_Handler
                0x0000000000002502                MCLK_Handler
                0x0000000000002502                SERCOM7_OTHER_Handler
                0x0000000000002502                EVSYS_2_Handler
                0x0000000000002502                SERCOM2_OTHER_Handler
                0x0000000000002502                FREQM_Handler
                0x0000000000002502                TC0_Handler
                0x0000000000002502                TCC0_MC1_Handler
                0x0000000000002502                DMAC_3_Handler
                0x0000000000002502                RAMECC_Handler
                0x0000000000002502                TC5_Handler
                0x0000000000002502                SERCOM2_0_Handler
                0x0000000000002502                AES_Handler
                0x0000000000002502                ICM_Handler
                0x0000000000002502                TCC0_MC2_Handler

.text.NonMaskableInt_Handler%114
                0x0000000000002706        0x2
 .text.NonMaskableInt_Handler
                0x0000000000002706        0x2 build/sam_e54_cult/production/_ext/67477800/exceptions.o
                0x0000000000002706                NonMaskableInt_Handler

.text.HardFault_Handler%115
                0x0000000000002742        0x2
 .text.HardFault_Handler
                0x0000000000002742        0x2 build/sam_e54_cult/production/_ext/67477800/exceptions.o
                0x0000000000002742                HardFault_Handler

.text.DebugMonitor_Handler%116