Archive member included to satisfy reference by file (symbol)

c:/program files/microchip/xc32/v4.60/bin/bin/../../lib/gcc/pic32c/8.3.1/../../../../pic32c/lib/thumb/v7e-m+fp/hard\libpic32c.a(data_init.o)
                              build/sam_e54_cult/production/_ext/67477800/startup_xc32.o (__pic32c_data_initialization)
c:/program files/microchip/xc32/v4.60/bin/bin/../../lib/gcc/pic32c/8.3.1/../../../../pic32c/lib/thumb/v7e-m+fp/hard\libc-size-musl.a(memcpy.o)
                              build/sam_e54_cult/production/_ext/1320929860/plib_nvmctrl.o (memcpy)
c:/program files/microchip/xc32/v4.60/bin/bin/../../lib/gcc/pic32c/8.3.1/../../../../pic32c/lib/thumb/v7e-m+fp/hard\libc-size-musl.a(memset.o)
                              build/sam_e54_cult/production/_ext/1360937237/ptp.o (memset)
c:/program files/microchip/xc32/v4.60/bin/bin/../../lib/gcc/pic32c/8.3.1/../../../../pic32c/lib/thumb/v7e-m+fp/hard\libc-size-musl.a(strlen.o)
                              build/sam_e54_cult/production/_ext/1360937237/main.o (strlen)
c:/program files/microchip/xc32/v4.60/bin/bin/../../lib/gcc/pic32c/8.3.1/../../../../pic32c/lib/thumb/v7e-m+fp/hard\libc-musl.a(__libc_start_main.o)
                              build/sam_e54_cult/production/_ext/67477800/startup_xc32.o (__libc_init_array)
c:/program files/microchip/xc32/v4.60/bin/bin/../../lib/gcc/pic32c/8.3.1/../../../../pic32c/lib/thumb/v7e-m+fp/hard\libc-musl.a(libc.o)
                              c:/program files/microchip/xc32/v4.60/bin/bin/../../lib/gcc/pic32c/8.3.1/../../../../pic32c/lib/thumb/v7e-m+fp/hard\libc-musl.a(__libc_start_main.o) (__progname_full)
c:/program files/microchip/xc32/v4.60/bin/bin/../../lib/gcc/pic32c/8.3.1/../../../../pic32c/lib/thumb/v7e-m+fp/hard\libc-musl.a(__sio_sprintf_nu.o)
                              (_sprintf_nu)
c:/program files/microchip/xc32/v4.60/bin/bin/../../lib/gcc/pic32c/8.3.1/../../../../pic32c/lib/thumb/v7e-m+fp/hard\libc-musl.a(__fmt_u.o)
                              c:/program files/microchip/xc32/v4.60/bin/bin/../../lib/gcc/pic32c/8.3.1/../../../../pic32c/lib/thumb/v7e-m+fp/hard\libc-musl.a(__sio_sprintf_nu.o) (__fmt_u_needed)
c:/program files/microchip/xc32/v4.60/bin/bin/../../lib/gcc/pic32c/8.3.1/../../../../pic32c/lib/thumb/v7e-m+fp/hard\libc-musl.a(__pop_int.o)
                              c:/program files/microchip/xc32/v4.60/bin/bin/../../lib/gcc/pic32c/8.3.1/../../../../pic32c/lib/thumb/v7e-m+fp/hard\libc-musl.a(__sio_sprintf_nu.o) (__pop_int_needed)
c:/program files/microchip/xc32/v4.60/bin/bin/../../lib/gcc/pic32c/8.3.1/../../../../pic32c/lib/thumb/v7e-m+fp/hard\libc-musl.a(__pop_ptr.o)
                              c:/program files/microchip/xc32/v4.60/bin/bin/../../lib/gcc/pic32c/8.3.1/../../../../pic32c/lib/thumb/v7e-m+fp/hard\libc-musl.a(__sio_sprintf_nu.o) (__pop_ptr_needed)
c:/program files/microchip/xc32/v4.60/bin/bin/../../lib/gcc/pic32c/8.3.1/../../../../pic32c/lib/thumb/v7e-m+fp/hard\libc-musl.a(__printf_core.o)
                              c:/program files/microchip/xc32/v4.60/bin/bin/../../lib/gcc/pic32c/8.3.1/../../../../pic32c/lib/thumb/v7e-m+fp/hard\libc-musl.a(__fmt_u.o) (__pad)
c:/program files/microchip/xc32/v4.60/bin/bin/../../lib/gcc/pic32c/8.3.1/../../../../pic32c/lib/thumb/v7e-m+fp/hard\libc-musl.a(atoi.o)
                              c:/program files/microchip/xc32/v4.60/bin/bin/../../lib/gcc/pic32c/8.3.1/../../../../pic32c/lib/thumb/v7e-m+fp/hard\libc-musl.a(__printf_core.o) (atoi)
c:/program files/microchip/xc32/v4.60/bin/bin/../../lib/gcc/pic32c/8.3.1/../../../../pic32c/lib/thumb/v7e-m+fp/hard\libc-musl.a(tolower.o)
                              c:/program files/microchip/xc32/v4.60/bin/bin/../../lib/gcc/pic32c/8.3.1/../../../../pic32c/lib/thumb/v7e-m+fp/hard\libc-musl.a(__printf_core.o) (tolower)
c:/program files/microchip/xc32/v4.60/bin/bin/../../lib/gcc/pic32c/8.3.1/../../../../pic32c/lib/thumb/v7e-m+fp/hard\libc-musl.a(__environ.o)
                              c:/program files/microchip/xc32/v4.60/bin/bin/../../lib/gcc/pic32c/8.3.1/../../../../pic32c/lib/thumb/v7e-m+fp/hard\libc-musl.a(__libc_start_main.o) (__environ)
c:/program files/microchip/xc32/v4.60/bin/bin/../../lib/gcc/pic32c/8.3.1/../../../../pic32c/lib/thumb/v7e-m+fp/hard\libc-musl.a(__errno_location.o)
                              c:/program files/microchip/xc32/v4.60/bin/bin/../../lib/gcc/pic32c/8.3.1/../../../../pic32c/lib/thumb/v7e-m+fp/hard\libc-musl.a(__printf_core.o) (__errno_val)
c:/program files/microchip/xc32/v4.60/bin/bin/../../lib/gcc/pic32c/8.3.1/../../../../pic32c/lib/thumb/v7e-m+fp/hard\libc-musl.a(__int_vsprintf.o)
                              c:/program files/microchip/xc32/v4.60/bin/bin/../../lib/gcc/pic32c/8.3.1/../../../../pic32c/lib/thumb/v7e-m+fp/hard\libc-musl.a(__sio_sprintf_nu.o) (__vsprintf)
c:/program files/microchip/xc32/v4.60/bin/bin/../../lib/gcc/pic32c/8.3.1/../../../../pic32c/lib/thumb/v7e-m+fp/hard\libc-musl.a(__cvt_u.o)
[...]
Memory Configuration

Name             Origin             Length             Attributes
rom              0x0000000000000000 0x0000000000100000 xrl
ram              0x0000000020000000 0x0000000000040000 xw !r
tcm              0x0000000003000000 0x0000000000000000 xw
bkupram          0x0000000047000000 0x0000000000002000
config_00804000  0x0000000000804000 0x0000000000000004
config_00804004  0x0000000000804004 0x0000000000000004
config_00804008  0x0000000000804008 0x0000000000000004
*default*        0x0000000000000000 0xffffffffffffffff

Linker script and memory map

LOAD c:/program files/microchip/xc32/v4.60/bin/bin/../../lib/gcc/pic32c/8.3.1/thumb/v7e-m+fp/hard/crti.o
LOAD c:/program files/microchip/xc32/v4.60/bin/bin/../../lib/gcc/pic32c/8.3.1/thumb/v7e-m+fp/hard/crtbegin.o
LOAD build/sam_e54_cult/production/_ext/49303614/plib_clock.o
LOAD build/sam_e54_cult/production/_ext/417231850/plib_cmcc.o
LOAD build/sam_e54_cult/production/_ext/417202121/plib_dmac.o
LOAD build/sam_e54_cult/production/_ext/125090035/plib_eic.o
LOAD build/sam_e54_cult/production/_ext/47154128/plib_evsys.o
LOAD build/sam_e54_cult/production/_ext/416895314/plib_nvic.o
LOAD build/sam_e54_cult/production/_ext/1320929860/plib_nvmctrl.o
LOAD build/sam_e54_cult/production/_ext/416842163/plib_port.o
LOAD build/sam_e54_cult/production/_ext/125102869/plib_rtc_timer.o
LOAD build/sam_e54_cult/production/_ext/666506505/plib_sercom6_i2c_master.o
LOAD build/sam_e54_cult/production/_ext/1820158563/plib_sercom1_usart.o
LOAD build/sam_e54_cult/production/_ext/1841252638/xc32_monitor.o
LOAD build/sam_e54_cult/production/_ext/67477800/initialization.o
LOAD build/sam_e54_cult/production/_ext/67477800/interrupts.o
LOAD build/sam_e54_cult/production/_ext/67477800/exceptions.o
LOAD build/sam_e54_cult/production/_ext/67477800/startup_xc32.o
LOAD build/sam_e54_cult/production/_ext/67477800/libc_syscalls.o
LOAD build/sam_e54_cult/production/_ext/1360937237/main.o
LOAD build/sam_e54_cult/production/_ext/1360937237/port.o
LOAD build/sam_e54_cult/production/_ext/1360937237/phy_driver.o
LOAD build/sam_e54_cult/production/_ext/1360937237/mclk.o
LOAD build/sam_e54_cult/production/_ext/1360937237/glck.o
LOAD build/sam_e54_cult/production/_ext/1360937237/gmac.o
LOAD build/sam_e54_cult/production/_ext/1360937237/ptp.o
LOAD build/sam_e54_cult/production/_ext/1360937237/ethernet.o
LOAD build/sam_e54_cult/production/_ext/1360937237/ptp_algo.o
                0x0000000000000001                __MPLAB_BUILD = 0x1
                0x0000000000100000                __rom_end = (ORIGIN (rom) + LENGTH (rom))
                0x0000000020040000                __ram_end = (ORIGIN (ram) + LENGTH (ram))

.config_00804000
 *(.config_00804000)

.config_00804004
 *(.config_00804004)

.config_00804008
 *(.config_00804008)

.vectors        0x0000000000000000      0x264
                0x0000000000000000                . = ALIGN (0x4)
                0x0000000000000000                _sfixed = .
 *(.vectors .vectors.* .vectors_default .vectors_default.*)
 .vectors.exception_table
                0x0000000000000000      0x264 build/sam_e54_cult/production/_ext/67477800/interrupts.o
                0x0000000000000000                exception_table
 *(.isr_vector)
 *(.reset*)
 *(.after_vectors)

.text           0x0000000000000264       0x20
                0x0000000000000264                . = ALIGN (0x4)
 *(.glue_7t)
 .glue_7t       0x0000000000000264        0x0 linker stubs
 *(.glue_7)
 .glue_7        0x0000000000000264        0x0 linker stubs
 *(.gnu.linkonce.r.*)
 *(.ARM.extab* .gnu.linkonce.armextab.*)
                0x0000000000000264                . = ALIGN (0x4)
 *(.init)
 .init          0x0000000000000264        0x4 c:/program files/microchip/xc32/v4.60/bin/bin/../../lib/gcc/pic32c/8.3.1/thumb/v7e-m+fp/hard/crti.o
                0x0000000000000264                _init
 .init          0x0000000000000268        0x8 c:/program files/microchip/xc32/v4.60/bin/bin/../../lib/gcc/pic32c/8.3.1/thumb/v7e-m+fp/hard/crtn.o
                0x0000000000000270                . = ALIGN (0x4)
                0x0000000000000270                __preinit_array_start = .
 *(.preinit_array)
                0x0000000000000270                __preinit_array_end = .
                0x0000000000000270                . = ALIGN (0x4)
                0x0000000000000270                __init_array_start = .
 *(SORT_BY_NAME(.init_array.*))
 *(.init_array)
 .init_array    0x0000000000000270        0x4 c:/program files/microchip/xc32/v4.60/bin/bin/../../lib/gcc/pic32c/8.3.1/thumb/v7e-m+fp/hard/crtbegin.o
                0x0000000000000274                __init_array_end = .
                0x0000000000000274                . = ALIGN (0x4)
 *crtbegin.o(.ctors)
 *(EXCLUDE_FILE(*crtend.o) .ctors)
 *(SORT_BY_NAME(.ctors.*))
 *crtend.o(.ctors)
                0x0000000000000274                . = ALIGN (0x4)
 *(.fini)
 .fini          0x0000000000000274        0x4 c:/program files/microchip/xc32/v4.60/bin/bin/../../lib/gcc/pic32c/8.3.1/thumb/v7e-m+fp/hard/crti.o
                0x0000000000000274                _fini
 .fini          0x0000000000000278        0x8 c:/program files/microchip/xc32/v4.60/bin/bin/../../lib/gcc/pic32c/8.3.1/thumb/v7e-m+fp/hard/crtn.o
                0x0000000000000280                . = ALIGN (0x4)
                0x0000000000000280                __fini_array_start = .
 *(.fini_array)
 .fini_array    0x0000000000000280        0x4 c:/program files/microchip/xc32/v4.60/bin/bin/../../lib/gcc/pic32c/8.3.1/thumb/v7e-m+fp/hard/crtbegin.o
 *(SORT_BY_NAME(.fini_array.*))
                0x0000000000000284                __fini_array_end = .
 *crtbegin.o(.dtors)
 *(EXCLUDE_FILE(*crtend.o) .dtors)
 *(SORT_BY_NAME(.dtors.*))
 *crtend.o(.dtors)
                0x0000000000000284                . = ALIGN (0x4)
                0x0000000000000284                _efixed = .
                [!provide]                        PROVIDE (__exidx_start = .)

.ARM.exidx      0x0000000000000284        0x8
 *(.ARM.exidx* .gnu.linkonce.armexidx.*)
 .ARM.exidx     0x0000000000000284        0x8 c:/program files/microchip/xc32/v4.60/bin/bin/../../lib/gcc/pic32c/8.3.1/thumb/v7e-m+fp/hard\libgcc.a(_udivmoddi4.o)
                [!provide]                        PROVIDE (__exidx_end = .)
                0x000000000000028c                . = ALIGN (0x4)
                0x000000000000028c                _etext = .

.bss            0x0000000020000000    0x16d88
                0x0000000020000000                . = ALIGN (0x4)
                0x0000000020000000                __bss_start__ = .
                0x0000000020000000                _sbss = .
                0x0000000020000000                _szero = .
 *(COMMON)
 COMMON         0x0000000020000000    0x168b4 build/sam_e54_cult/production/_ext/67477800/interrupts.o
                0x0000000020000000                rx_descriptor_list
                0x00000000200000f0                tx_descriptor_list
                0x00000000200001e0                rx_frame_buffer
                0x000000002000b5e0                tx_frame_buffer
 *fill*         0x00000000200168b4        0x4 
 COMMON         0x00000000200168b8       0x20 build/sam_e54_cult/production/_ext/1360937237/main.o
                0x00000000200168b8                task_2_offset
                0x00000000200168c0                curr_time
                0x00000000200168c8                task_1_offset
                0x00000000200168d0                task_3_offset
 COMMON         0x00000000200168d8      0x4b0 build/sam_e54_cult/production/_ext/1360937237/gmac.o
                0x00000000200168d8                tx_op_descr_queue
                0x0000000020016b30                rx_op_descr_queue
                0x0000000020016d88                . = ALIGN (0x4)
                0x0000000020016d88                __bss_end__ = .
                0x0000000020016d88                _ebss = .
                0x0000000020016d88                _ezero = .
                0x0000000020016d88                . = ALIGN (0x4)
                0x0000000020016d88                _end = .
                0x000000002003ffff                _ram_end_ = ((ORIGIN (ram) + LENGTH (ram)) - 0x1)

.bkupram_bss
 *(.bkupram_bss .bkupram_bss.*)
 *(.pbss .pbss.*)
                0x0000000000000200                _min_heap_size = 0x200
START GROUP
LOAD c:/program files/microchip/xc32/v4.60/bin/bin/../../lib/gcc/pic32c/8.3.1/../../../../pic32c/lib/thumb/v7e-m+fp/hard\libpic32c.a
LOAD c:/program files/microchip/xc32/v4.60/bin/bin/../../lib/gcc/pic32c/8.3.1/../../../../pic32c/lib/thumb/v7e-m+fp/hard\libc-size-musl.a
LOAD c:/program files/microchip/xc32/v4.60/bin/bin/../../lib/gcc/pic32c/8.3.1/../../../../pic32c/lib/thumb/v7e-m+fp/hard\liblmalloc-musl.a
LOAD c:/program files/microchip/xc32/v4.60/bin/bin/../../lib/gcc/pic32c/8.3.1/../../../../pic32c/lib/thumb/v7e-m+fp/hard\libm-fast-emfloat.a
LOAD c:/program files/microchip/xc32/v4.60/bin/bin/../../lib/gcc/pic32c/8.3.1/../../../../pic32c/lib/thumb/v7e-m+fp/hard\libm-musl.a
LOAD c:/program files/microchip/xc32/v4.60/bin/bin/../../lib/gcc/pic32c/8.3.1/../../../../pic32c/lib/thumb/v7e-m+fp/hard\libc-musl.a
LOAD c:/program files/microchip/xc32/v4.60/bin/bin/../../lib/gcc/pic32c/8.3.1/../../../../pic32c/lib/thumb/v7e-m+fp/hard\libm-fast-emfloat.a
LOAD c:/program files/microchip/xc32/v4.60/bin/bin/../../lib/gcc/pic32c/8.3.1/../../../../pic32c/lib/thumb/v7e-m+fp/hard\libm-musl.a
LOAD c:/program files/microchip/xc32/v4.60/bin/bin/../../lib/gcc/pic32c/8.3.1/thumb/v7e-m+fp/hard\libgcc.a
END GROUP
LOAD c:/program files/microchip/xc32/v4.60/bin/bin/../../lib/gcc/pic32c/8.3.1/thumb/v7e-m+fp/hard/crtend.o
LOAD c:/program files/microchip/xc32/v4.60/bin/bin/../../lib/gcc/pic32c/8.3.1/thumb/v7e-m+fp/hard/crtn.o
OUTPUT(dist/sam_e54_cult/production/10Base.X.production.elf elf32-littlearm)
LOAD data_init
LOAD stack

.ARM.attributes
                0x0000000000000000       0x34
 .ARM.attributes
                0x0000000000000000       0x1e c:/program files/microchip/xc32/v4.60/bin/bin/../../lib/gcc/pic32c/8.3.1/thumb/v7e-m+fp/hard/crti.o
 .ARM.attributes
                0x000000000000001e       0x34 c:/program files/microchip/xc32/v4.60/bin/bin/../../lib/gcc/pic32c/8.3.1/thumb/v7e-m+fp/hard/crtbegin.o
 .ARM.attributes
                0x0000000000000052       0x34 build/sam_e54_cult/production/_ext/49303614/plib_clock.o
 .ARM.attributes
                0x0000000000000086       0x34 build/sam_e54_cult/production/_ext/417202121/plib_dmac.o
 .ARM.attributes
                0x00000000000000ba       0x34 build/sam_e54_cult/production/_ext/125090035/plib_eic.o
 .ARM.attributes
                0x00000000000000ee       0x34 build/sam_e54_cult/production/_ext/47154128/plib_evsys.o
 .ARM.attributes
                0x0000000000000122       0x34 build/sam_e54_cult/production/_ext/416895314/plib_nvic.o
 .ARM.attributes
                0x0000000000000156       0x34 build/sam_e54_cult/production/_ext/1320929860/plib_nvmctrl.o
 .ARM.attributes
                0x000000000000018a       0x34 build/sam_e54_cult/production/_ext/416842163/plib_port.o
 .ARM.attributes
                0x00000000000001be       0x34 build/sam_e54_cult/production/_ext/125102869/plib_rtc_timer.o
 .ARM.attributes
                0x00000000000001f2       0x34 build/sam_e54_cult/production/_ext/666506505/plib_sercom6_i2c_master.o
 .ARM.attributes
                0x0000000000000226       0x34 build/sam_e54_cult/production/_ext/1820158563/plib_sercom1_usart.o
 .ARM.attributes
                0x000000000000025a       0x34 build/sam_e54_cult/production/_ext/67477800/initialization.o
 .ARM.attributes
                0x000000000000028e       0x34 build/sam_e54_cult/production/_ext/67477800/interrupts.o
 .ARM.attributes
                0x00000000000002c2       0x34 build/sam_e54_cult/production/_ext/67477800/exceptions.o
 .ARM.attributes
                0x00000000000002f6       0x34 build/sam_e54_cult/production/_ext/67477800/startup_xc32.o
 .ARM.attributes
                0x000000000000032a       0x34 build/sam_e54_cult/production/_ext/1360937237/main.o
 .ARM.attributes
                0x000000000000035e       0x34 build/sam_e54_cult/production/_ext/1360937237/port.o
 .ARM.attributes
                0x0000000000000392       0x34 build/sam_e54_cult/production/_ext/1360937237/phy_driver.o
 .ARM.attributes
                0x00000000000003c6       0x34 build/sam_e54_cult/production/_ext/1360937237/mclk.o
 .ARM.attributes
                0x00000000000003fa       0x34 build/sam_e54_cult/production/_ext/1360937237/gmac.o
 .ARM.attributes
                0x000000000000042e       0x34 build/sam_e54_cult/production/_ext/1360937237/ptp.o
 .ARM.attributes
                0x0000000000000462       0x34 build/sam_e54_cult/production/_ext/1360937237/ethernet.o
 .ARM.attributes
                0x0000000000000496       0x34 c:/program files/microchip/xc32/v4.60/bin/bin/../../lib/gcc/pic32c/8.3.1/../../../../pic32c/lib/thumb/v7e-m+fp/hard\libpic32c.a(data_init.o)
 .ARM.attributes
                0x00000000000004ca       0x36 c:/program files/microchip/xc32/v4.60/bin/bin/../../lib/gcc/pic32c/8.3.1/../../../../pic32c/lib/thumb/v7e-m+fp/hard\libc-size-musl.a(memcpy.o)
 .ARM.attributes
                0x0000000000000500       0x36 c:/program files/microchip/xc32/v4.60/bin/bin/../../lib/gcc/pic32c/8.3.1/../../../../pic32c/lib/thumb/v7e-m+fp/hard\libc-size-musl.a(memset.o)
 .ARM.attributes
                0x0000000000000536       0x36 c:/program files/microchip/xc32/v4.60/bin/bin/../../lib/gcc/pic32c/8.3.1/../../../../pic32c/lib/thumb/v7e-m+fp/hard\libc-size-musl.a(strlen.o)
 .ARM.attributes
                0x000000000000056c       0x36 c:/program files/microchip/xc32/v4.60/bin/bin/../../lib/gcc/pic32c/8.3.1/../../../../pic32c/lib/thumb/v7e-m+fp/hard\libc-musl.a(__libc_start_main.o)
 .ARM.attributes
                0x00000000000005a2       0x34 c:/program files/microchip/xc32/v4.60/bin/bin/../../lib/gcc/pic32c/8.3.1/../../../../pic32c/lib/thumb/v7e-m+fp/hard\libc-musl.a(libc.o)
 .ARM.attributes
                0x00000000000005d6       0x36 c:/program files/microchip/xc32/v4.60/bin/bin/../../lib/gcc/pic32c/8.3.1/../../../../pic32c/lib/thumb/v7e-m+fp/hard\libc-musl.a(__sio_sprintf_nu.o)
 .ARM.attributes
                0x000000000000060c       0x36 c:/program files/microchip/xc32/v4.60/bin/bin/../../lib/gcc/pic32c/8.3.1/../../../../pic32c/lib/thumb/v7e-m+fp/hard\libc-musl.a(__fmt_u.o)
 .ARM.attributes
                0x0000000000000642       0x36 c:/program files/microchip/xc32/v4.60/bin/bin/../../lib/gcc/pic32c/8.3.1/../../../../pic32c/lib/thumb/v7e-m+fp/hard\libc-musl.a(__pop_int.o)
 .ARM.attributes
                0x0000000000000678       0x36 c:/program files/microchip/xc32/v4.60/bin/bin/../../lib/gcc/pic32c/8.3.1/../../../../pic32c/lib/thumb/v7e-m+fp/hard\libc-musl.a(__pop_ptr.o)
 .ARM.attributes
                0x00000000000006ae       0x36 c:/program files/microchip/xc32/v4.60/bin/bin/../../lib/gcc/pic32c/8.3.1/../../../../pic32c/lib/thumb/v7e-m+fp/hard\libc-musl.a(__printf_core.o)
 .ARM.attributes
                0x00000000000006e4       0x36 c:/program files/microchip/xc32/v4.60/bin/bin/../../lib/gcc/pic32c/8.3.1/../../../../pic32c/lib/thumb/v7e-m+fp/hard\libc-musl.a(atoi.o)
 .ARM.attributes
                0x000000000000071a       0x36 c:/program files/microchip/xc32/v4.60/bin/bin/../../lib/gcc/pic32c/8.3.1/../../../../pic32c/lib/thumb/v7e-m+fp/hard\libc-musl.a(tolower.o)
 .ARM.attributes
                0x0000000000000750       0x34 c:/program files/microchip/xc32/v4.60/bin/bin/../../lib/gcc/pic32c/8.3.1/../../../../pic32c/lib/thumb/v7e-m+fp/hard\libc-musl.a(__environ.o)
 .ARM.attributes
                0x0000000000000784       0x34 c:/program files/microchip/xc32/v4.60/bin/bin/../../lib/gcc/pic32c/8.3.1/../../../../pic32c/lib/thumb/v7e-m+fp/hard\libc-musl.a(__errno_location.o)
 .ARM.attributes
                0x00000000000007b8       0x36 c:/program files/microchip/xc32/v4.60/bin/bin/../../lib/gcc/pic32c/8.3.1/../../../../pic32c/lib/thumb/v7e-m+fp/hard\libc-musl.a(__int_vsprintf.o)
 .ARM.attributes
                0x00000000000007ee       0x36 c:/program files/microchip/xc32/v4.60/bin/bin/../../lib/gcc/pic32c/8.3.1/../../../../pic32c/lib/thumb/v7e-m+fp/hard\libc-musl.a(__cvt_u.o)
 .ARM.attributes
                0x0000000000000824       0x36 c:/program files/microchip/xc32/v4.60/bin/bin/../../lib/gcc/pic32c/8.3.1/../../../../pic32c/lib/thumb/v7e-m+fp/hard\libc-musl.a(__pop_float.o)
 .ARM.attributes
                0x000000000000085a       0x36 c:/program files/microchip/xc32/v4.60/bin/bin/../../lib/gcc/pic32c/8.3.1/../../../../pic32c/lib/thumb/v7e-m+fp/hard\libc-musl.a(__int_vsnprintf.o)
 .ARM.attributes
                0x0000000000000890       0x36 c:/program files/microchip/xc32/v4.60/bin/bin/../../lib/gcc/pic32c/8.3.1/../../../../pic32c/lib/thumb/v7e-m+fp/hard\libc-musl.a(__int_vfprintf.o)
 .ARM.attributes
                0x00000000000008c6       0x1e c:/program files/microchip/xc32/v4.60/bin/bin/../../lib/gcc/pic32c/8.3.1/thumb/v7e-m+fp/hard\libgcc.a(_aeabi_uldivmod.o)
 .ARM.attributes
                0x00000000000008e4       0x34 c:/program files/microchip/xc32/v4.60/bin/bin/../../lib/gcc/pic32c/8.3.1/thumb/v7e-m+fp/hard\libgcc.a(_udivmoddi4.o)
 .ARM.attributes
                0x0000000000000918       0x1e c:/program files/microchip/xc32/v4.60/bin/bin/../../lib/gcc/pic32c/8.3.1/thumb/v7e-m+fp/hard\libgcc.a(_dvmd_tls.o)
 .ARM.attributes
                0x0000000000000936       0x1e c:/program files/microchip/xc32/v4.60/bin/bin/../../lib/gcc/pic32c/8.3.1/thumb/v7e-m+fp/hard/crtn.o
 .ARM.attributes
                0x0000000000000954       0x34 c:/program files/microchip/xc32/v4.60/bin/bin/../../lib/gcc/pic32c/8.3.1/../../../../pic32c/lib/thumb/v7e-m+fp/hard\libpic32c.a(pic32_data_init_clear.o)
 .ARM.attributes
                0x0000000000000988       0x34 c:/program files/microchip/xc32/v4.60/bin/bin/../../lib/gcc/pic32c/8.3.1/../../../../pic32c/lib/thumb/v7e-m+fp/hard\libpic32c.a(pic32_data_init_copy.o)

.comment        0x0000000000000000       0x2b
 .comment       0x0000000000000000       0x2b c:/program files/microchip/xc32/v4.60/bin/bin/../../lib/gcc/pic32c/8.3.1/thumb/v7e-m+fp/hard/crtbegin.o
                                         0x2c (size before relaxing)
 .comment       0x000000000000002b       0x2c build/sam_e54_cult/production/_ext/49303614/plib_clock.o
 .comment       0x000000000000002b       0x2c build/sam_e54_cult/production/_ext/417202121/plib_dmac.o
 .comment       0x000000000000002b       0x2c build/sam_e54_cult/production/_ext/125090035/plib_eic.o
 .comment       0x000000000000002b       0x2c build/sam_e54_cult/production/_ext/47154128/plib_evsys.o
 .comment       0x000000000000002b       0x2c build/sam_e54_cult/production/_ext/416895314/plib_nvic.o
 .comment       0x000000000000002b       0x2c build/sam_e54_cult/production/_ext/1320929860/plib_nvmctrl.o
 .comment       0x000000000000002b       0x2c build/sam_e54_cult/production/_ext/416842163/plib_port.o
 .comment       0x000000000000002b       0x2c build/sam_e54_cult/production/_ext/125102869/plib_rtc_timer.o
 .comment       0x000000000000002b       0x2c build/sam_e54_cult/production/_ext/666506505/plib_sercom6_i2c_master.o
 .comment       0x000000000000002b       0x2c build/sam_e54_cult/production/_ext/1820158563/plib_sercom1_usart.o
 .comment       0x000000000000002b       0x2c build/sam_e54_cult/production/_ext/67477800/initialization.o
 .comment       0x000000000000002b       0x2c build/sam_e54_cult/production/_ext/67477800/interrupts.o
 .comment       0x000000000000002b       0x2c build/sam_e54_cult/production/_ext/67477800/exceptions.o
 .comment       0x000000000000002b       0x2c build/sam_e54_cult/production/_ext/67477800/startup_xc32.o
 .comment       0x000000000000002b       0x2c build/sam_e54_cult/production/_ext/1360937237/main.o
 .comment       0x000000000000002b       0x2c build/sam_e54_cult/production/_ext/1360937237/port.o
 .comment       0x000000000000002b       0x2c build/sam_e54_cult/production/_ext/1360937237/phy_driver.o
 .comment       0x000000000000002b       0x2c build/sam_e54_cult/production/_ext/1360937237/mclk.o
 .comment       0x000000000000002b       0x2c build/sam_e54_cult/production/_ext/1360937237/gmac.o
 .comment       0x000000000000002b       0x2c build/sam_e54_cult/production/_ext/1360937237/ptp.o
 .comment       0x000000000000002b       0x2c build/sam_e54_cult/production/_ext/1360937237/ethernet.o
 .comment       0x000000000000002b       0x2c c:/program files/microchip/xc32/v4.60/bin/bin/../../lib/gcc/pic32c/8.3.1/../../../../pic32c/lib/thumb/v7e-m+fp/hard\libpic32c.a(data_init.o)
 .comment       0x000000000000002b       0x2c c:/program files/microchip/xc32/v4.60/bin/bin/../../lib/gcc/pic32c/8.3.1/../../../../pic32c/lib/thumb/v7e-m+fp/hard\libc-size-musl.a(memcpy.o)
 .comment       0x000000000000002b       0x2c c:/program files/microchip/xc32/v4.60/bin/bin/../../lib/gcc/pic32c/8.3.1/../../../../pic32c/lib/thumb/v7e-m+fp/hard\libc-size-musl.a(memset.o)
 .comment       0x000000000000002b       0x2c c:/program files/microchip/xc32/v4.60/bin/bin/../../lib/gcc/pic32c/8.3.1/../../../../pic32c/lib/thumb/v7e-m+fp/hard\libc-size-musl.a(strlen.o)
 .comment       0x000000000000002b       0x2c c:/program files/microchip/xc32/v4.60/bin/bin/../../lib/gcc/pic32c/8.3.1/../../../../pic32c/lib/thumb/v7e-m+fp/hard\libc-musl.a(__libc_start_main.o)
 .comment       0x000000000000002b       0x2c c:/program files/microchip/xc32/v4.60/bin/bin/../../lib/gcc/pic32c/8.3.1/../../../../pic32c/lib/thumb/v7e-m+fp/hard\libc-musl.a(libc.o)
 .comment       0x000000000000002b       0x2c c:/program files/microchip/xc32/v4.60/bin/bin/../../lib/gcc/pic32c/8.3.1/../../../../pic32c/lib/thumb/v7e-m+fp/hard\libc-musl.a(__sio_sprintf_nu.o)
 .comment       0x000000000000002b       0x2c c:/program files/microchip/xc32/v4.60/bin/bin/../../lib/gcc/pic32c/8.3.1/../../../../pic32c/lib/thumb/v7e-m+fp/hard\libc-musl.a(__fmt_u.o)
 .comment       0x000000000000002b       0x2c c:/program files/microchip/xc32/v4.60/bin/bin/../../lib/gcc/pic32c/8.3.1/../../../../pic32c/lib/thumb/v7e-m+fp/hard\libc-musl.a(__pop_int.o)
 .comment       0x000000000000002b       0x2c c:/program files/microchip/xc32/v4.60/bin/bin/../../lib/gcc/pic32c/8.3.1/../../../../pic32c/lib/thumb/v7e-m+fp/hard\libc-musl.a(__pop_ptr.o)
 .comment       0x000000000000002b       0x2c c:/program files/microchip/xc32/v4.60/bin/bin/../../lib/gcc/pic32c/8.3.1/../../../../pic32c/lib/thumb/v7e-m+fp/hard\libc-musl.a(__printf_core.o)
 .comment       0x000000000000002b       0x2c c:/program files/microchip/xc32/v4.60/bin/bin/../../lib/gcc/pic32c/8.3.1/../../../../pic32c/lib/thumb/v7e-m+fp/hard\libc-musl.a(atoi.o)
 .comment       0x000000000000002b       0x2c c:/program files/microchip/xc32/v4.60/bin/bin/../../lib/gcc/pic32c/8.3.1/../../../../pic32c/lib/thumb/v7e-m+fp/hard\libc-musl.a(tolower.o)
 .comment       0x000000000000002b       0x2c c:/program files/microchip/xc32/v4.60/bin/bin/../../lib/gcc/pic32c/8.3.1/../../../../pic32c/lib/thumb/v7e-m+fp/hard\libc-musl.a(__environ.o)
 .comment       0x000000000000002b       0x2c c:/program files/microchip/xc32/v4.60/bin/bin/../../lib/gcc/pic32c/8.3.1/../../../../pic32c/lib/thumb/v7e-m+fp/hard\libc-musl.a(__errno_location.o)
 .comment       0x000000000000002b       0x2c c:/program files/microchip/xc32/v4.60/bin/bin/../../lib/gcc/pic32c/8.3.1/../../../../pic32c/lib/thumb/v7e-m+fp/hard\libc-musl.a(__int_vsprintf.o)
 .comment       0x000000000000002b       0x2c c:/program files/microchip/xc32/v4.60/bin/bin/../../lib/gcc/pic32c/8.3.1/../../../../pic32c/lib/thumb/v7e-m+fp/hard\libc-musl.a(__cvt_u.o)
 .comment       0x000000000000002b       0x2c c:/program files/microchip/xc32/v4.60/bin/bin/../../lib/gcc/pic32c/8.3.1/../../../../pic32c/lib/thumb/v7e-m+fp/hard\libc-musl.a(__pop_float.o)
 .comment       0x000000000000002b       0x2c c:/program files/microchip/xc32/v4.60/bin/bin/../../lib/gcc/pic32c/8.3.1/../../../../pic32c/lib/thumb/v7e-m+fp/hard\libc-musl.a(__int_vsnprintf.o)
 .comment       0x000000000000002b       0x2c c:/program files/microchip/xc32/v4.60/bin/bin/../../lib/gcc/pic32c/8.3.1/../../../../pic32c/lib/thumb/v7e-m+fp/hard\libc-musl.a(__int_vfprintf.o)
 .comment       0x000000000000002b       0x2c c:/program files/microchip/xc32/v4.60/bin/bin/../../lib/gcc/pic32c/8.3.1/thumb/v7e-m+fp/hard\libgcc.a(_udivmoddi4.o)
 .comment       0x000000000000002b       0x2c c:/program files/microchip/xc32/v4.60/bin/bin/../../lib/gcc/pic32c/8.3.1/../../../../pic32c/lib/thumb/v7e-m+fp/hard\libpic32c.a(pic32_data_init_clear.o)
 .comment       0x000000000000002b       0x2c c:/program files/microchip/xc32/v4.60/bin/bin/../../lib/gcc/pic32c/8.3.1/../../../../pic32c/lib/thumb/v7e-m+fp/hard\libpic32c.a(pic32_data_init_copy.o)

.debug_info     0x0000000000000000     0xed2b
 .debug_info    0x0000000000000000      0x639 build/sam_e54_cult/production/_ext/49303614/plib_clock.o
 .debug_info    0x0000000000000639      0xb9c build/sam_e54_cult/production/_ext/417202121/plib_dmac.o
 .debug_info    0x00000000000011d5      0x3c4 build/sam_e54_cult/production/_ext/125090035/plib_eic.o
 .debug_info    0x0000000000001599       0x9b build/sam_e54_cult/production/_ext/47154128/plib_evsys.o
 .debug_info    0x0000000000001634      0xd93 build/sam_e54_cult/production/_ext/416895314/plib_nvic.o
 .debug_info    0x00000000000023c7      0x8e5 build/sam_e54_cult/production/_ext/1320929860/plib_nvmctrl.o
 .debug_info    0x0000000000002cac      0x7f7 build/sam_e54_cult/production/_ext/416842163/plib_port.o
 .debug_info    0x00000000000034a3      0xad8 build/sam_e54_cult/production/_ext/125102869/plib_rtc_timer.o
 .debug_info    0x0000000000003f7b     0x12c1 build/sam_e54_cult/production/_ext/666506505/plib_sercom6_i2c_master.o
 .debug_info    0x000000000000523c      0xe33 build/sam_e54_cult/production/_ext/1820158563/plib_sercom1_usart.o
 .debug_info    0x000000000000606f      0x1a5 build/sam_e54_cult/production/_ext/67477800/initialization.o
 .debug_info    0x0000000000006214      0xb67 build/sam_e54_cult/production/_ext/67477800/interrupts.o
 .debug_info    0x0000000000006d7b      0x116 build/sam_e54_cult/production/_ext/67477800/exceptions.o
 .debug_info    0x0000000000006e91      0x55b build/sam_e54_cult/production/_ext/67477800/startup_xc32.o
 .debug_info    0x00000000000073ec     0x1d03 build/sam_e54_cult/production/_ext/1360937237/main.o
 .debug_info    0x00000000000090ef      0x2af build/sam_e54_cult/production/_ext/1360937237/port.o
 .debug_info    0x000000000000939e      0xdd9 build/sam_e54_cult/production/_ext/1360937237/phy_driver.o
 .debug_info    0x000000000000a177      0x2cf build/sam_e54_cult/production/_ext/1360937237/mclk.o
 .debug_info    0x000000000000a446     0x12c1 build/sam_e54_cult/production/_ext/1360937237/gmac.o
 .debug_info    0x000000000000b707      0x808 build/sam_e54_cult/production/_ext/1360937237/ptp.o
 .debug_info    0x000000000000bf0f      0x250 build/sam_e54_cult/production/_ext/1360937237/ethernet.o
 .debug_info    0x000000000000c15f       0x68 c:/program files/microchip/xc32/v4.60/bin/bin/../../lib/gcc/pic32c/8.3.1/../../../../pic32c/lib/thumb/v7e-m+fp/hard\libpic32c.a(data_init.o)
 .debug_info    0x000000000000c1c7       0xf3 c:/program files/microchip/xc32/v4.60/bin/bin/../../lib/gcc/pic32c/8.3.1/../../../../pic32c/lib/thumb/v7e-m+fp/hard\libc-size-musl.a(memcpy.o)
 .debug_info    0x000000000000c2ba       0xbb c:/program files/microchip/xc32/v4.60/bin/bin/../../lib/gcc/pic32c/8.3.1/../../../../pic32c/lib/thumb/v7e-m+fp/hard\libc-size-musl.a(memset.o)
 .debug_info    0x000000000000c375       0xa4 c:/program files/microchip/xc32/v4.60/bin/bin/../../lib/gcc/pic32c/8.3.1/../../../../pic32c/lib/thumb/v7e-m+fp/hard\libc-size-musl.a(strlen.o)
 .debug_info    0x000000000000c419      0x2fb c:/program files/microchip/xc32/v4.60/bin/bin/../../lib/gcc/pic32c/8.3.1/../../../../pic32c/lib/thumb/v7e-m+fp/hard\libc-musl.a(__libc_start_main.o)
 .debug_info    0x000000000000c714      0x276 c:/program files/microchip/xc32/v4.60/bin/bin/../../lib/gcc/pic32c/8.3.1/../../../../pic32c/lib/thumb/v7e-m+fp/hard\libc-musl.a(libc.o)
 .debug_info    0x000000000000c98a      0x1a8 c:/program files/microchip/xc32/v4.60/bin/bin/../../lib/gcc/pic32c/8.3.1/../../../../pic32c/lib/thumb/v7e-m+fp/hard\libc-musl.a(__sio_sprintf_nu.o)
 .debug_info    0x000000000000cb32      0x301 c:/program files/microchip/xc32/v4.60/bin/bin/../../lib/gcc/pic32c/8.3.1/../../../../pic32c/lib/thumb/v7e-m+fp/hard\libc-musl.a(__fmt_u.o)
 .debug_info    0x000000000000ce33      0x183 c:/program files/microchip/xc32/v4.60/bin/bin/../../lib/gcc/pic32c/8.3.1/../../../../pic32c/lib/thumb/v7e-m+fp/hard\libc-musl.a(__pop_int.o)
 .debug_info    0x000000000000cfb6      0x187 c:/program files/microchip/xc32/v4.60/bin/bin/../../lib/gcc/pic32c/8.3.1/../../../../pic32c/lib/thumb/v7e-m+fp/hard\libc-musl.a(__pop_ptr.o)
 .debug_info    0x000000000000d13d      0xa5d c:/program files/microchip/xc32/v4.60/bin/bin/../../lib/gcc/pic32c/8.3.1/../../../../pic32c/lib/thumb/v7e-m+fp/hard\libc-musl.a(__printf_core.o)
 .debug_info    0x000000000000db9a       0xf4 c:/program files/microchip/xc32/v4.60/bin/bin/../../lib/gcc/pic32c/8.3.1/../../../../pic32c/lib/thumb/v7e-m+fp/hard\libc-musl.a(atoi.o)
 .debug_info    0x000000000000dc8e      0x12b c:/program files/microchip/xc32/v4.60/bin/bin/../../lib/gcc/pic32c/8.3.1/../../../../pic32c/lib/thumb/v7e-m+fp/hard\libc-musl.a(tolower.o)
 .debug_info    0x000000000000ddb9       0x97 c:/program files/microchip/xc32/v4.60/bin/bin/../../lib/gcc/pic32c/8.3.1/../../../../pic32c/lib/thumb/v7e-m+fp/hard\libc-musl.a(__environ.o)
 .debug_info    0x000000000000de50       0x5b c:/program files/microchip/xc32/v4.60/bin/bin/../../lib/gcc/pic32c/8.3.1/../../../../pic32c/lib/thumb/v7e-m+fp/hard\libc-musl.a(__errno_location.o)
 .debug_info    0x000000000000deab      0x13f c:/program files/microchip/xc32/v4.60/bin/bin/../../lib/gcc/pic32c/8.3.1/../../../../pic32c/lib/thumb/v7e-m+fp/hard\libc-musl.a(__int_vsprintf.o)
 .debug_info    0x000000000000dfea      0x1d9 c:/program files/microchip/xc32/v4.60/bin/bin/../../lib/gcc/pic32c/8.3.1/../../../../pic32c/lib/thumb/v7e-m+fp/hard\libc-musl.a(__cvt_u.o)
 .debug_info    0x000000000000e1c3      0x162 c:/program files/microchip/xc32/v4.60/bin/bin/../../lib/gcc/pic32c/8.3.1/../../../../pic32c/lib/thumb/v7e-m+fp/hard\libc-musl.a(__pop_float.o)
 .debug_info    0x000000000000e325      0x21a c:/program files/microchip/xc32/v4.60/bin/bin/../../lib/gcc/pic32c/8.3.1/../../../../pic32c/lib/thumb/v7e-m+fp/hard\libc-musl.a(__int_vsnprintf.o)
 .debug_info    0x000000000000e53f      0x1f7 c:/program files/microchip/xc32/v4.60/bin/bin/../../lib/gcc/pic32c/8.3.1/../../../../pic32c/lib/thumb/v7e-m+fp/hard\libc-musl.a(__int_vfprintf.o)
 .debug_info    0x000000000000e736       0x26 c:/program files/microchip/xc32/v4.60/bin/bin/../../lib/gcc/pic32c/8.3.1/thumb/v7e-m+fp/hard\libgcc.a(_aeabi_uldivmod.o)
 .debug_info    0x000000000000e75c      0x52a c:/program files/microchip/xc32/v4.60/bin/bin/../../lib/gcc/pic32c/8.3.1/thumb/v7e-m+fp/hard\libgcc.a(_udivmoddi4.o)
 .debug_info    0x000000000000ec86       0x26 c:/program files/microchip/xc32/v4.60/bin/bin/../../lib/gcc/pic32c/8.3.1/thumb/v7e-m+fp/hard\libgcc.a(_dvmd_tls.o)
 .debug_info    0x000000000000ecac       0x3f c:/program files/microchip/xc32/v4.60/bin/bin/../../lib/gcc/pic32c/8.3.1/../../../../pic32c/lib/thumb/v7e-m+fp/hard\libpic32c.a(pic32_data_init_clear.o)
 .debug_info    0x000000000000eceb       0x40 c:/program files/microchip/xc32/v4.60/bin/bin/../../lib/gcc/pic32c/8.3.1/../../../../pic32c/lib/thumb/v7e-m+fp/hard\libpic32c.a(pic32_data_init_copy.o)

.debug_abbrev   0x0000000000000000     0x38c0
 .debug_abbrev  0x0000000000000000      0x10b build/sam_e54_cult/production/_ext/49303614/plib_clock.o
 .debug_abbrev  0x000000000000010b      0x35b build/sam_e54_cult/production/_ext/417202121/plib_dmac.o
 .debug_abbrev  0x0000000000000466      0x184 build/sam_e54_cult/production/_ext/125090035/plib_eic.o
 .debug_abbrev  0x00000000000005ea       0x46 build/sam_e54_cult/production/_ext/47154128/plib_evsys.o
 .debug_abbrev  0x0000000000000630      0x21a build/sam_e54_cult/production/_ext/416895314/plib_nvic.o
 .debug_abbrev  0x000000000000084a      0x23c build/sam_e54_cult/production/_ext/1320929860/plib_nvmctrl.o
 .debug_abbrev  0x0000000000000a86      0x1cd build/sam_e54_cult/production/_ext/416842163/plib_port.o
 .debug_abbrev  0x0000000000000c53      0x1f0 build/sam_e54_cult/production/_ext/125102869/plib_rtc_timer.o
 .debug_abbrev  0x0000000000000e43      0x3a5 build/sam_e54_cult/production/_ext/666506505/plib_sercom6_i2c_master.o
 .debug_abbrev  0x00000000000011e8      0x290 build/sam_e54_cult/production/_ext/1820158563/plib_sercom1_usart.o
 .debug_abbrev  0x0000000000001478       0x96 build/sam_e54_cult/production/_ext/67477800/initialization.o
 .debug_abbrev  0x000000000000150e      0x113 build/sam_e54_cult/production/_ext/67477800/interrupts.o
 .debug_abbrev  0x0000000000001621       0x49 build/sam_e54_cult/production/_ext/67477800/exceptions.o
 .debug_abbrev  0x000000000000166a      0x1e3 build/sam_e54_cult/production/_ext/67477800/startup_xc32.o
 .debug_abbrev  0x000000000000184d      0x2b1 build/sam_e54_cult/production/_ext/1360937237/main.o
 .debug_abbrev  0x0000000000001afe       0xc6 build/sam_e54_cult/production/_ext/1360937237/port.o
 .debug_abbrev  0x0000000000001bc4      0x1bc build/sam_e54_cult/production/_ext/1360937237/phy_driver.o
 .debug_abbrev  0x0000000000001d80       0xe8 build/sam_e54_cult/production/_ext/1360937237/mclk.o
 .debug_abbrev  0x0000000000001e68      0x2fa build/sam_e54_cult/production/_ext/1360937237/gmac.o
 .debug_abbrev  0x0000000000002162      0x13d build/sam_e54_cult/production/_ext/1360937237/ptp.o
 .debug_abbrev  0x000000000000229f      0x134 build/sam_e54_cult/production/_ext/1360937237/ethernet.o
 .debug_abbrev  0x00000000000023d3       0x44 c:/program files/microchip/xc32/v4.60/bin/bin/../../lib/gcc/pic32c/8.3.1/../../../../pic32c/lib/thumb/v7e-m+fp/hard\libpic32c.a(data_init.o)
 .debug_abbrev  0x0000000000002417       0xbb c:/program files/microchip/xc32/v4.60/bin/bin/../../lib/gcc/pic32c/8.3.1/../../../../pic32c/lib/thumb/v7e-m+fp/hard\libc-size-musl.a(memcpy.o)
 .debug_abbrev  0x00000000000024d2       0xa2 c:/program files/microchip/xc32/v4.60/bin/bin/../../lib/gcc/pic32c/8.3.1/../../../../pic32c/lib/thumb/v7e-m+fp/hard\libc-size-musl.a(memset.o)
 .debug_abbrev  0x0000000000002574       0x91 c:/program files/microchip/xc32/v4.60/bin/bin/../../lib/gcc/pic32c/8.3.1/../../../../pic32c/lib/thumb/v7e-m+fp/hard\libc-size-musl.a(strlen.o)
 .debug_abbrev  0x0000000000002605      0x133 c:/program files/microchip/xc32/v4.60/bin/bin/../../lib/gcc/pic32c/8.3.1/../../../../pic32c/lib/thumb/v7e-m+fp/hard\libc-musl.a(__libc_start_main.o)
 .debug_abbrev  0x0000000000002738       0xd4 c:/program files/microchip/xc32/v4.60/bin/bin/../../lib/gcc/pic32c/8.3.1/../../../../pic32c/lib/thumb/v7e-m+fp/hard\libc-musl.a(libc.o)
 .debug_abbrev  0x000000000000280c      0x139 c:/program files/microchip/xc32/v4.60/bin/bin/../../lib/gcc/pic32c/8.3.1/../../../../pic32c/lib/thumb/v7e-m+fp/hard\libc-musl.a(__sio_sprintf_nu.o)
 .debug_abbrev  0x0000000000002945      0x161 c:/program files/microchip/xc32/v4.60/bin/bin/../../lib/gcc/pic32c/8.3.1/../../../../pic32c/lib/thumb/v7e-m+fp/hard\libc-musl.a(__fmt_u.o)
 .debug_abbrev  0x0000000000002aa6       0xdc c:/program files/microchip/xc32/v4.60/bin/bin/../../lib/gcc/pic32c/8.3.1/../../../../pic32c/lib/thumb/v7e-m+fp/hard\libc-musl.a(__pop_int.o)
 .debug_abbrev  0x0000000000002b82       0xed c:/program files/microchip/xc32/v4.60/bin/bin/../../lib/gcc/pic32c/8.3.1/../../../../pic32c/lib/thumb/v7e-m+fp/hard\libc-musl.a(__pop_ptr.o)
 .debug_abbrev  0x0000000000002c6f      0x332 c:/program files/microchip/xc32/v4.60/bin/bin/../../lib/gcc/pic32c/8.3.1/../../../../pic32c/lib/thumb/v7e-m+fp/hard\libc-musl.a(__printf_core.o)
 .debug_abbrev  0x0000000000002fa1       0xc6 c:/program files/microchip/xc32/v4.60/bin/bin/../../lib/gcc/pic32c/8.3.1/../../../../pic32c/lib/thumb/v7e-m+fp/hard\libc-musl.a(atoi.o)
 .debug_abbrev  0x0000000000003067      0x108 c:/program files/microchip/xc32/v4.60/bin/bin/../../lib/gcc/pic32c/8.3.1/../../../../pic32c/lib/thumb/v7e-m+fp/hard\libc-musl.a(tolower.o)
 .debug_abbrev  0x000000000000316f       0x62 c:/program files/microchip/xc32/v4.60/bin/bin/../../lib/gcc/pic32c/8.3.1/../../../../pic32c/lib/thumb/v7e-m+fp/hard\libc-musl.a(__environ.o)
 .debug_abbrev  0x00000000000031d1       0x39 c:/program files/microchip/xc32/v4.60/bin/bin/../../lib/gcc/pic32c/8.3.1/../../../../pic32c/lib/thumb/v7e-m+fp/hard\libc-musl.a(__errno_location.o)
 .debug_abbrev  0x000000000000320a       0xce c:/program files/microchip/xc32/v4.60/bin/bin/../../lib/gcc/pic32c/8.3.1/../../../../pic32c/lib/thumb/v7e-m+fp/hard\libc-musl.a(__int_vsprintf.o)
 .debug_abbrev  0x00000000000032d8       0xe5 c:/program files/microchip/xc32/v4.60/bin/bin/../../lib/gcc/pic32c/8.3.1/../../../../pic32c/lib/thumb/v7e-m+fp/hard\libc-musl.a(__cvt_u.o)
 .debug_abbrev  0x00000000000033bd       0xdc c:/program files/microchip/xc32/v4.60/bin/bin/../../lib/gcc/pic32c/8.3.1/../../../../pic32c/lib/thumb/v7e-m+fp/hard\libc-musl.a(__pop_float.o)
 .debug_abbrev  0x0000000000003499      0x154 c:/program files/microchip/xc32/v4.60/bin/bin/../../lib/gcc/pic32c/8.3.1/../../../../pic32c/lib/thumb/v7e-m+fp/hard\libc-musl.a(__int_vsnprintf.o)
 .debug_abbrev  0x00000000000035ed      0x12d c:/program files/microchip/xc32/v4.60/bin/bin/../../lib/gcc/pic32c/8.3.1/../../../../pic32c/lib/thumb/v7e-m+fp/hard\libc-musl.a(__int_vfprintf.o)
 .debug_abbrev  0x000000000000371a       0x14 c:/program files/microchip/xc32/v4.60/bin/bin/../../lib/gcc/pic32c/8.3.1/thumb/v7e-m+fp/hard\libgcc.a(_aeabi_uldivmod.o)
 .debug_abbrev  0x000000000000372e      0x122 c:/program files/microchip/xc32/v4.60/bin/bin/../../lib/gcc/pic32c/8.3.1/thumb/v7e-m+fp/hard\libgcc.a(_udivmoddi4.o)
 .debug_abbrev  0x0000000000003850       0x14 c:/program files/microchip/xc32/v4.60/bin/bin/../../lib/gcc/pic32c/8.3.1/thumb/v7e-m+fp/hard\libgcc.a(_dvmd_tls.o)
 .debug_abbrev  0x0000000000003864       0x2e c:/program files/microchip/xc32/v4.60/bin/bin/../../lib/gcc/pic32c/8.3.1/../../../../pic32c/lib/thumb/v7e-m+fp/hard\libpic32c.a(pic32_data_init_clear.o)
 .debug_abbrev  0x0000000000003892       0x2e c:/program files/microchip/xc32/v4.60/bin/bin/../../lib/gcc/pic32c/8.3.1/../../../../pic32c/lib/thumb/v7e-m+fp/hard\libpic32c.a(pic32_data_init_copy.o)

.debug_aranges  0x0000000000000000      0xa60
 .debug_aranges
                0x0000000000000000       0x20 build/sam_e54_cult/production/_ext/49303614/plib_clock.o
 .debug_aranges
                0x0000000000000020       0xa0 build/sam_e54_cult/production/_ext/417202121/plib_dmac.o
 .debug_aranges
                0x00000000000000c0       0x48 build/sam_e54_cult/production/_ext/125090035/plib_eic.o
 .debug_aranges
                0x0000000000000108       0x20 build/sam_e54_cult/production/_ext/47154128/plib_evsys.o
 .debug_aranges
                0x0000000000000128       0x38 build/sam_e54_cult/production/_ext/416895314/plib_nvic.o
 .debug_aranges
                0x0000000000000160       0xd8 build/sam_e54_cult/production/_ext/1320929860/plib_nvmctrl.o
 .debug_aranges
                0x0000000000000238       0x70 build/sam_e54_cult/production/_ext/416842163/plib_port.o
 .debug_aranges
                0x00000000000002a8       0xb0 build/sam_e54_cult/production/_ext/125102869/plib_rtc_timer.o
 .debug_aranges
                0x0000000000000358       0x70 build/sam_e54_cult/production/_ext/666506505/plib_sercom6_i2c_master.o
 .debug_aranges
                0x00000000000003c8       0x78 build/sam_e54_cult/production/_ext/1820158563/plib_sercom1_usart.o
 .debug_aranges
                0x0000000000000440       0x20 build/sam_e54_cult/production/_ext/67477800/initialization.o
 .debug_aranges
                0x0000000000000460       0x20 build/sam_e54_cult/production/_ext/67477800/interrupts.o
 .debug_aranges
                0x0000000000000480       0x48 build/sam_e54_cult/production/_ext/67477800/exceptions.o
 .debug_aranges
                0x00000000000004c8       0x28 build/sam_e54_cult/production/_ext/67477800/startup_xc32.o
 .debug_aranges
                0x00000000000004f0       0x48 build/sam_e54_cult/production/_ext/1360937237/main.o
 .debug_aranges
                0x0000000000000538       0x48 build/sam_e54_cult/production/_ext/1360937237/port.o
 .debug_aranges
                0x0000000000000580       0x50 build/sam_e54_cult/production/_ext/1360937237/phy_driver.o
 .debug_aranges
                0x00000000000005d0       0x40 build/sam_e54_cult/production/_ext/1360937237/mclk.o
 .debug_aranges
                0x0000000000000610       0x70 build/sam_e54_cult/production/_ext/1360937237/gmac.o
 .debug_aranges
                0x0000000000000680       0x60 build/sam_e54_cult/production/_ext/1360937237/ptp.o
 .debug_aranges
                0x00000000000006e0       0x20 build/sam_e54_cult/production/_ext/1360937237/ethernet.o
 .debug_aranges
                0x0000000000000700       0x30 c:/program files/microchip/xc32/v4.60/bin/bin/../../lib/gcc/pic32c/8.3.1/../../../../pic32c/lib/thumb/v7e-m+fp/hard\libpic32c.a(data_init.o)
 .debug_aranges
                0x0000000000000730       0x20 c:/program files/microchip/xc32/v4.60/bin/bin/../../lib/gcc/pic32c/8.3.1/../../../../pic32c/lib/thumb/v7e-m+fp/hard\libc-size-musl.a(memcpy.o)
 .debug_aranges
                0x0000000000000750       0x20 c:/program files/microchip/xc32/v4.60/bin/bin/../../lib/gcc/pic32c/8.3.1/../../../../pic32c/lib/thumb/v7e-m+fp/hard\libc-size-musl.a(memset.o)
 .debug_aranges
                0x0000000000000770       0x20 c:/program files/microchip/xc32/v4.60/bin/bin/../../lib/gcc/pic32c/8.3.1/../../../../pic32c/lib/thumb/v7e-m+fp/hard\libc-size-musl.a(strlen.o)
 .debug_aranges
                0x0000000000000790       0x28 c:/program files/microchip/xc32/v4.60/bin/bin/../../lib/gcc/pic32c/8.3.1/../../../../pic32c/lib/thumb/v7e-m+fp/hard\libc-musl.a(__libc_start_main.o)
 .debug_aranges
                0x00000000000007b8       0x18 c:/program files/microchip/xc32/v4.60/bin/bin/../../lib/gcc/pic32c/8.3.1/../../../../pic32c/lib/thumb/v7e-m+fp/hard\libc-musl.a(libc.o)
 .debug_aranges
                0x00000000000007d0       0x28 c:/program files/microchip/xc32/v4.60/bin/bin/../../lib/gcc/pic32c/8.3.1/../../../../pic32c/lib/thumb/v7e-m+fp/hard\libc-musl.a(__sio_sprintf_nu.o)
 .debug_aranges
                0x00000000000007f8       0x20 c:/program files/microchip/xc32/v4.60/bin/bin/../../lib/gcc/pic32c/8.3.1/../../../../pic32c/lib/thumb/v7e-m+fp/hard\libc-musl.a(__fmt_u.o)
 .debug_aranges
                0x0000000000000818       0x20 c:/program files/microchip/xc32/v4.60/bin/bin/../../lib/gcc/pic32c/8.3.1/../../../../pic32c/lib/thumb/v7e-m+fp/hard\libc-musl.a(__pop_int.o)
 .debug_aranges
                0x0000000000000838       0x20 c:/program files/microchip/xc32/v4.60/bin/bin/../../lib/gcc/pic32c/8.3.1/../../../../pic32c/lib/thumb/v7e-m+fp/hard\libc-musl.a(__pop_ptr.o)
 .debug_aranges
                0x0000000000000858       0x50 c:/program files/microchip/xc32/v4.60/bin/bin/../../lib/gcc/pic32c/8.3.1/../../../../pic32c/lib/thumb/v7e-m+fp/hard\libc-musl.a(__printf_core.o)
 .debug_aranges
                0x00000000000008a8       0x20 c:/program files/microchip/xc32/v4.60/bin/bin/../../lib/gcc/pic32c/8.3.1/../../../../pic32c/lib/thumb/v7e-m+fp/hard\libc-musl.a(atoi.o)
 .debug_aranges
                0x00000000000008c8       0x28 c:/program files/microchip/xc32/v4.60/bin/bin/../../lib/gcc/pic32c/8.3.1/../../../../pic32c/lib/thumb/v7e-m+fp/hard\libc-musl.a(tolower.o)
 .debug_aranges
                0x00000000000008f0       0x18 c:/program files/microchip/xc32/v4.60/bin/bin/../../lib/gcc/pic32c/8.3.1/../../../../pic32c/lib/thumb/v7e-m+fp/hard\libc-musl.a(__environ.o)
 .debug_aranges
                0x0000000000000908       0x18 c:/program files/microchip/xc32/v4.60/bin/bin/../../lib/gcc/pic32c/8.3.1/../../../../pic32c/lib/thumb/v7e-m+fp/hard\libc-musl.a(__errno_location.o)
 .debug_aranges
                0x0000000000000920       0x20 c:/program files/microchip/xc32/v4.60/bin/bin/../../lib/gcc/pic32c/8.3.1/../../../../pic32c/lib/thumb/v7e-m+fp/hard\libc-musl.a(__int_vsprintf.o)
 .debug_aranges
                0x0000000000000940       0x20 c:/program files/microchip/xc32/v4.60/bin/bin/../../lib/gcc/pic32c/8.3.1/../../../../pic32c/lib/thumb/v7e-m+fp/hard\libc-musl.a(__cvt_u.o)
 .debug_aranges
                0x0000000000000960       0x20 c:/program files/microchip/xc32/v4.60/bin/bin/../../lib/gcc/pic32c/8.3.1/../../../../pic32c/lib/thumb/v7e-m+fp/hard\libc-musl.a(__pop_float.o)
 .debug_aranges
                0x0000000000000980       0x20 c:/program files/microchip/xc32/v4.60/bin/bin/../../lib/gcc/pic32c/8.3.1/../../../../pic32c/lib/thumb/v7e-m+fp/hard\libc-musl.a(__int_vsnprintf.o)
 .debug_aranges
                0x00000000000009a0       0x20 c:/program files/microchip/xc32/v4.60/bin/bin/../../lib/gcc/pic32c/8.3.1/../../../../pic32c/lib/thumb/v7e-m+fp/hard\libc-musl.a(__int_vfprintf.o)
 .debug_aranges
                0x00000000000009c0       0x20 c:/program files/microchip/xc32/v4.60/bin/bin/../../lib/gcc/pic32c/8.3.1/thumb/v7e-m+fp/hard\libgcc.a(_aeabi_uldivmod.o)
 .debug_aranges
                0x00000000000009e0       0x20 c:/program files/microchip/xc32/v4.60/bin/bin/../../lib/gcc/pic32c/8.3.1/thumb/v7e-m+fp/hard\libgcc.a(_udivmoddi4.o)
 .debug_aranges
                0x0000000000000a00       0x20 c:/program files/microchip/xc32/v4.60/bin/bin/../../lib/gcc/pic32c/8.3.1/thumb/v7e-m+fp/hard\libgcc.a(_dvmd_tls.o)
 .debug_aranges
                0x0000000000000a20       0x20 c:/program files/microchip/xc32/v4.60/bin/bin/../../lib/gcc/pic32c/8.3.1/../../../../pic32c/lib/thumb/v7e-m+fp/hard\libpic32c.a(pic32_data_init_clear.o)
 .debug_aranges
                0x0000000000000a40       0x20 c:/program files/microchip/xc32/v4.60/bin/bin/../../lib/gcc/pic32c/8.3.1/../../../../pic32c/lib/thumb/v7e-m+fp/hard\libpic32c.a(pic32_data_init_copy.o)

.debug_ranges   0x0000000000000000      0x958
 .debug_ranges  0x0000000000000000       0x10 build/sam_e54_cult/production/_ext/49303614/plib_clock.o
 .debug_ranges  0x0000000000000010       0xc8 build/sam_e54_cult/production/_ext/417202121/plib_dmac.o
 .debug_ranges  0x00000000000000d8       0x38 build/sam_e54_cult/production/_ext/125090035/plib_eic.o
 .debug_ranges  0x0000000000000110       0x10 build/sam_e54_cult/production/_ext/47154128/plib_evsys.o
 .debug_ranges  0x0000000000000120       0x28 build/sam_e54_cult/production/_ext/416895314/plib_nvic.o
 .debug_ranges  0x0000000000000148       0xc8 build/sam_e54_cult/production/_ext/1320929860/plib_nvmctrl.o
 .debug_ranges  0x0000000000000210       0x60 build/sam_e54_cult/production/_ext/416842163/plib_port.o
 .debug_ranges  0x0000000000000270       0xa0 build/sam_e54_cult/production/_ext/125102869/plib_rtc_timer.o
 .debug_ranges  0x0000000000000310      0x110 build/sam_e54_cult/production/_ext/666506505/plib_sercom6_i2c_master.o
 .debug_ranges  0x0000000000000420       0x68 build/sam_e54_cult/production/_ext/1820158563/plib_sercom1_usart.o
 .debug_ranges  0x0000000000000488       0x10 build/sam_e54_cult/production/_ext/67477800/initialization.o
 .debug_ranges  0x0000000000000498       0x10 build/sam_e54_cult/production/_ext/67477800/interrupts.o
 .debug_ranges  0x00000000000004a8       0x38 build/sam_e54_cult/production/_ext/67477800/exceptions.o
 .debug_ranges  0x00000000000004e0       0x18 build/sam_e54_cult/production/_ext/67477800/startup_xc32.o
 .debug_ranges  0x00000000000004f8       0x50 build/sam_e54_cult/production/_ext/1360937237/main.o
 .debug_ranges  0x0000000000000548       0x38 build/sam_e54_cult/production/_ext/1360937237/port.o
 .debug_ranges  0x0000000000000580       0x40 build/sam_e54_cult/production/_ext/1360937237/phy_driver.o
 .debug_ranges  0x00000000000005c0       0x30 build/sam_e54_cult/production/_ext/1360937237/mclk.o
 .debug_ranges  0x00000000000005f0       0x78 build/sam_e54_cult/production/_ext/1360937237/gmac.o
 .debug_ranges  0x0000000000000668       0x50 build/sam_e54_cult/production/_ext/1360937237/ptp.o
 .debug_ranges  0x00000000000006b8       0x28 build/sam_e54_cult/production/_ext/1360937237/ethernet.o
 .debug_ranges  0x00000000000006e0       0x20 c:/program files/microchip/xc32/v4.60/bin/bin/../../lib/gcc/pic32c/8.3.1/../../../../pic32c/lib/thumb/v7e-m+fp/hard\libpic32c.a(data_init.o)
 .debug_ranges  0x0000000000000700       0x10 c:/program files/microchip/xc32/v4.60/bin/bin/../../lib/gcc/pic32c/8.3.1/../../../../pic32c/lib/thumb/v7e-m+fp/hard\libc-size-musl.a(memcpy.o)
 .debug_ranges  0x0000000000000710       0x10 c:/program files/microchip/xc32/v4.60/bin/bin/../../lib/gcc/pic32c/8.3.1/../../../../pic32c/lib/thumb/v7e-m+fp/hard\libc-size-musl.a(memset.o)
 .debug_ranges  0x0000000000000720       0x10 c:/program files/microchip/xc32/v4.60/bin/bin/../../lib/gcc/pic32c/8.3.1/../../../../pic32c/lib/thumb/v7e-m+fp/hard\libc-size-musl.a(strlen.o)
 .debug_ranges  0x0000000000000730       0x40 c:/program files/microchip/xc32/v4.60/bin/bin/../../lib/gcc/pic32c/8.3.1/../../../../pic32c/lib/thumb/v7e-m+fp/hard\libc-musl.a(__libc_start_main.o)
 .debug_ranges  0x0000000000000770       0x18 c:/program files/microchip/xc32/v4.60/bin/bin/../../lib/gcc/pic32c/8.3.1/../../../../pic32c/lib/thumb/v7e-m+fp/hard\libc-musl.a(__sio_sprintf_nu.o)
 .debug_ranges  0x0000000000000788       0x10 c:/program files/microchip/xc32/v4.60/bin/bin/../../lib/gcc/pic32c/8.3.1/../../../../pic32c/lib/thumb/v7e-m+fp/hard\libc-musl.a(__fmt_u.o)
 .debug_ranges  0x0000000000000798       0x10 c:/program files/microchip/xc32/v4.60/bin/bin/../../lib/gcc/pic32c/8.3.1/../../../../pic32c/lib/thumb/v7e-m+fp/hard\libc-musl.a(__pop_int.o)
 .debug_ranges  0x00000000000007a8       0x10 c:/program files/microchip/xc32/v4.60/bin/bin/../../lib/gcc/pic32c/8.3.1/../../../../pic32c/lib/thumb/v7e-m+fp/hard\libc-musl.a(__pop_ptr.o)
 .debug_ranges  0x00000000000007b8       0x58 c:/program files/microchip/xc32/v4.60/bin/bin/../../lib/gcc/pic32c/8.3.1/../../../../pic32c/lib/thumb/v7e-m+fp/hard\libc-musl.a(__printf_core.o)
 .debug_ranges  0x0000000000000810       0x10 c:/program files/microchip/xc32/v4.60/bin/bin/../../lib/gcc/pic32c/8.3.1/../../../../pic32c/lib/thumb/v7e-m+fp/hard\libc-musl.a(atoi.o)
 .debug_ranges  0x0000000000000820       0x18 c:/program files/microchip/xc32/v4.60/bin/bin/../../lib/gcc/pic32c/8.3.1/../../../../pic32c/lib/thumb/v7e-m+fp/hard\libc-musl.a(tolower.o)
 .debug_ranges  0x0000000000000838       0x10 c:/program files/microchip/xc32/v4.60/bin/bin/../../lib/gcc/pic32c/8.3.1/../../../../pic32c/lib/thumb/v7e-m+fp/hard\libc-musl.a(__int_vsprintf.o)
 .debug_ranges  0x0000000000000848       0x10 c:/program files/microchip/xc32/v4.60/bin/bin/../../lib/gcc/pic32c/8.3.1/../../../../pic32c/lib/thumb/v7e-m+fp/hard\libc-musl.a(__cvt_u.o)
 .debug_ranges  0x0000000000000858       0x10 c:/program files/microchip/xc32/v4.60/bin/bin/../../lib/gcc/pic32c/8.3.1/../../../../pic32c/lib/thumb/v7e-m+fp/hard\libc-musl.a(__pop_float.o)
 .debug_ranges  0x0000000000000868       0x10 c:/program files/microchip/xc32/v4.60/bin/bin/../../lib/gcc/pic32c/8.3.1/../../../../pic32c/lib/thumb/v7e-m+fp/hard\libc-musl.a(__int_vsnprintf.o)
 .debug_ranges  0x0000000000000878       0x10 c:/program files/microchip/xc32/v4.60/bin/bin/../../lib/gcc/pic32c/8.3.1/../../../../pic32c/lib/thumb/v7e-m+fp/hard\libc-musl.a(__int_vfprintf.o)
 .debug_ranges  0x0000000000000888       0xb0 c:/program files/microchip/xc32/v4.60/bin/bin/../../lib/gcc/pic32c/8.3.1/thumb/v7e-m+fp/hard\libgcc.a(_udivmoddi4.o)
 .debug_ranges  0x0000000000000938       0x10 c:/program files/microchip/xc32/v4.60/bin/bin/../../lib/gcc/pic32c/8.3.1/../../../../pic32c/lib/thumb/v7e-m+fp/hard\libpic32c.a(pic32_data_init_clear.o)
 .debug_ranges  0x0000000000000948       0x10 c:/program files/microchip/xc32/v4.60/bin/bin/../../lib/gcc/pic32c/8.3.1/../../../../pic32c/lib/thumb/v7e-m+fp/hard\libpic32c.a(pic32_data_init_copy.o)

.debug_line     0x0000000000000000     0x72b9
 .debug_line    0x0000000000000000      0x292 build/sam_e54_cult/production/_ext/49303614/plib_clock.o
 .debug_line    0x0000000000000292      0x642 build/sam_e54_cult/production/_ext/417202121/plib_dmac.o
 .debug_line    0x00000000000008d4      0x2c2 build/sam_e54_cult/production/_ext/125090035/plib_eic.o
 .debug_line    0x0000000000000b96       0x6b build/sam_e54_cult/production/_ext/47154128/plib_evsys.o
 .debug_line    0x0000000000000c01      0x4f9 build/sam_e54_cult/production/_ext/416895314/plib_nvic.o
 .debug_line    0x00000000000010fa      0x5be build/sam_e54_cult/production/_ext/1320929860/plib_nvmctrl.o
 .debug_line    0x00000000000016b8      0x2ce build/sam_e54_cult/production/_ext/416842163/plib_port.o
 .debug_line    0x0000000000001986      0x439 build/sam_e54_cult/production/_ext/125102869/plib_rtc_timer.o
 .debug_line    0x0000000000001dbf      0x817 build/sam_e54_cult/production/_ext/666506505/plib_sercom6_i2c_master.o
 .debug_line    0x00000000000025d6      0x509 build/sam_e54_cult/production/_ext/1820158563/plib_sercom1_usart.o
 .debug_line    0x0000000000002adf      0x2e9 build/sam_e54_cult/production/_ext/67477800/initialization.o
 .debug_line    0x0000000000002dc8      0x12f build/sam_e54_cult/production/_ext/67477800/interrupts.o
 .debug_line    0x0000000000002ef7       0xcb build/sam_e54_cult/production/_ext/67477800/exceptions.o
 .debug_line    0x0000000000002fc2      0x240 build/sam_e54_cult/production/_ext/67477800/startup_xc32.o
 .debug_line    0x0000000000003202      0x604 build/sam_e54_cult/production/_ext/1360937237/main.o
 .debug_line    0x0000000000003806      0x1e7 build/sam_e54_cult/production/_ext/1360937237/port.o
 .debug_line    0x00000000000039ed      0x314 build/sam_e54_cult/production/_ext/1360937237/phy_driver.o
 .debug_line    0x0000000000003d01      0x5dd build/sam_e54_cult/production/_ext/1360937237/mclk.o
 .debug_line    0x00000000000042de      0x7c8 build/sam_e54_cult/production/_ext/1360937237/gmac.o
 .debug_line    0x0000000000004aa6      0x214 build/sam_e54_cult/production/_ext/1360937237/ptp.o
 .debug_line    0x0000000000004cba      0x124 build/sam_e54_cult/production/_ext/1360937237/ethernet.o
 .debug_line    0x0000000000004dde       0xa7 c:/program files/microchip/xc32/v4.60/bin/bin/../../lib/gcc/pic32c/8.3.1/../../../../pic32c/lib/thumb/v7e-m+fp/hard\libpic32c.a(data_init.o)
 .debug_line    0x0000000000004e85       0xf9 c:/program files/microchip/xc32/v4.60/bin/bin/../../lib/gcc/pic32c/8.3.1/../../../../pic32c/lib/thumb/v7e-m+fp/hard\libc-size-musl.a(memcpy.o)
 .debug_line    0x0000000000004f7e       0xe3 c:/program files/microchip/xc32/v4.60/bin/bin/../../lib/gcc/pic32c/8.3.1/../../../../pic32c/lib/thumb/v7e-m+fp/hard\libc-size-musl.a(memset.o)
 .debug_line    0x0000000000005061       0xe6 c:/program files/microchip/xc32/v4.60/bin/bin/../../lib/gcc/pic32c/8.3.1/../../../../pic32c/lib/thumb/v7e-m+fp/hard\libc-size-musl.a(strlen.o)
 .debug_line    0x0000000000005147      0x1c7 c:/program files/microchip/xc32/v4.60/bin/bin/../../lib/gcc/pic32c/8.3.1/../../../../pic32c/lib/thumb/v7e-m+fp/hard\libc-musl.a(__libc_start_main.o)
 .debug_line    0x000000000000530e       0xb5 c:/program files/microchip/xc32/v4.60/bin/bin/../../lib/gcc/pic32c/8.3.1/../../../../pic32c/lib/thumb/v7e-m+fp/hard\libc-musl.a(libc.o)
 .debug_line    0x00000000000053c3      0x19b c:/program files/microchip/xc32/v4.60/bin/bin/../../lib/gcc/pic32c/8.3.1/../../../../pic32c/lib/thumb/v7e-m+fp/hard\libc-musl.a(__sio_sprintf_nu.o)
 .debug_line    0x000000000000555e      0x188 c:/program files/microchip/xc32/v4.60/bin/bin/../../lib/gcc/pic32c/8.3.1/../../../../pic32c/lib/thumb/v7e-m+fp/hard\libc-musl.a(__fmt_u.o)
 .debug_line    0x00000000000056e6      0x200 c:/program files/microchip/xc32/v4.60/bin/bin/../../lib/gcc/pic32c/8.3.1/../../../../pic32c/lib/thumb/v7e-m+fp/hard\libc-musl.a(__pop_int.o)
 .debug_line    0x00000000000058e6      0x1e0 c:/program files/microchip/xc32/v4.60/bin/bin/../../lib/gcc/pic32c/8.3.1/../../../../pic32c/lib/thumb/v7e-m+fp/hard\libc-musl.a(__pop_ptr.o)
 .debug_line    0x0000000000005ac6      0x692 c:/program files/microchip/xc32/v4.60/bin/bin/../../lib/gcc/pic32c/8.3.1/../../../../pic32c/lib/thumb/v7e-m+fp/hard\libc-musl.a(__printf_core.o)
 .debug_line    0x0000000000006158      0x167 c:/program files/microchip/xc32/v4.60/bin/bin/../../lib/gcc/pic32c/8.3.1/../../../../pic32c/lib/thumb/v7e-m+fp/hard\libc-musl.a(atoi.o)
 .debug_line    0x00000000000062bf      0x157 c:/program files/microchip/xc32/v4.60/bin/bin/../../lib/gcc/pic32c/8.3.1/../../../../pic32c/lib/thumb/v7e-m+fp/hard\libc-musl.a(tolower.o)
 .debug_line    0x0000000000006416       0xfb c:/program files/microchip/xc32/v4.60/bin/bin/../../lib/gcc/pic32c/8.3.1/../../../../pic32c/lib/thumb/v7e-m+fp/hard\libc-musl.a(__environ.o)
 .debug_line    0x0000000000006511       0x9a c:/program files/microchip/xc32/v4.60/bin/bin/../../lib/gcc/pic32c/8.3.1/../../../../pic32c/lib/thumb/v7e-m+fp/hard\libc-musl.a(__errno_location.o)
 .debug_line    0x00000000000065ab      0x14d c:/program files/microchip/xc32/v4.60/bin/bin/../../lib/gcc/pic32c/8.3.1/../../../../pic32c/lib/thumb/v7e-m+fp/hard\libc-musl.a(__int_vsprintf.o)
 .debug_line    0x00000000000066f8      0x1cb c:/program files/microchip/xc32/v4.60/bin/bin/../../lib/gcc/pic32c/8.3.1/../../../../pic32c/lib/thumb/v7e-m+fp/hard\libc-musl.a(__cvt_u.o)
 .debug_line    0x00000000000068c3      0x165 c:/program files/microchip/xc32/v4.60/bin/bin/../../lib/gcc/pic32c/8.3.1/../../../../pic32c/lib/thumb/v7e-m+fp/hard\libc-musl.a(__pop_float.o)
 .debug_line    0x0000000000006a28      0x1bb c:/program files/microchip/xc32/v4.60/bin/bin/../../lib/gcc/pic32c/8.3.1/../../../../pic32c/lib/thumb/v7e-m+fp/hard\libc-musl.a(__int_vsnprintf.o)
 .debug_line    0x0000000000006be3      0x168 c:/program files/microchip/xc32/v4.60/bin/bin/../../lib/gcc/pic32c/8.3.1/../../../../pic32c/lib/thumb/v7e-m+fp/hard\libc-musl.a(__int_vfprintf.o)
 .debug_line    0x0000000000006d4b       0x91 c:/program files/microchip/xc32/v4.60/bin/bin/../../lib/gcc/pic32c/8.3.1/thumb/v7e-m+fp/hard\libgcc.a(_aeabi_uldivmod.o)
 .debug_line    0x0000000000006ddc      0x360 c:/program files/microchip/xc32/v4.60/bin/bin/../../lib/gcc/pic32c/8.3.1/thumb/v7e-m+fp/hard\libgcc.a(_udivmoddi4.o)
 .debug_line    0x000000000000713c       0x91 c:/program files/microchip/xc32/v4.60/bin/bin/../../lib/gcc/pic32c/8.3.1/thumb/v7e-m+fp/hard\libgcc.a(_dvmd_tls.o)
 .debug_line    0x00000000000071cd       0x72 c:/program files/microchip/xc32/v4.60/bin/bin/../../lib/gcc/pic32c/8.3.1/../../../../pic32c/lib/thumb/v7e-m+fp/hard\libpic32c.a(pic32_data_init_clear.o)
 .debug_line    0x000000000000723f       0x7a c:/program files/microchip/xc32/v4.60/bin/bin/../../lib/gcc/pic32c/8.3.1/../../../../pic32c/lib/thumb/v7e-m+fp/hard\libpic32c.a(pic32_data_init_copy.o)

.debug_str      0x0000000000000000     0xd1f5
 .debug_str     0x0000000000000000      0x665 build/sam_e54_cult/production/_ext/49303614/plib_clock.o
 .debug_str     0x0000000000000665      0x8fc build/sam_e54_cult/production/_ext/417202121/plib_dmac.o
 .debug_str     0x0000000000000f61      0x465 build/sam_e54_cult/production/_ext/125090035/plib_eic.o
 .debug_str     0x00000000000013c6      0x2c1 build/sam_e54_cult/production/_ext/47154128/plib_evsys.o
 .debug_str     0x0000000000001687      0xce1 build/sam_e54_cult/production/_ext/416895314/plib_nvic.o
 .debug_str     0x0000000000002368      0x6c2 build/sam_e54_cult/production/_ext/1320929860/plib_nvmctrl.o
 .debug_str     0x0000000000002a2a      0xb73 build/sam_e54_cult/production/_ext/416842163/plib_port.o
 .debug_str     0x000000000000359d      0x764 build/sam_e54_cult/production/_ext/125102869/plib_rtc_timer.o
 .debug_str     0x0000000000003d01      0x927 build/sam_e54_cult/production/_ext/666506505/plib_sercom6_i2c_master.o
 .debug_str     0x0000000000004628      0x829 build/sam_e54_cult/production/_ext/1820158563/plib_sercom1_usart.o
 .debug_str     0x0000000000004e51      0x370 build/sam_e54_cult/production/_ext/67477800/initialization.o
 .debug_str     0x00000000000051c1      0xfa0 build/sam_e54_cult/production/_ext/67477800/interrupts.o
 .debug_str     0x0000000000006161      0x320 build/sam_e54_cult/production/_ext/67477800/exceptions.o
 .debug_str     0x0000000000006481      0x45a build/sam_e54_cult/production/_ext/67477800/startup_xc32.o
 .debug_str     0x00000000000068db      0xbd1 build/sam_e54_cult/production/_ext/1360937237/main.o
 .debug_str     0x00000000000074ac      0x3a9 build/sam_e54_cult/production/_ext/1360937237/port.o
 .debug_str     0x0000000000007855      0x5e0 build/sam_e54_cult/production/_ext/1360937237/phy_driver.o
 .debug_str     0x0000000000007e35      0x3bd build/sam_e54_cult/production/_ext/1360937237/mclk.o
 .debug_str     0x00000000000081f2      0x96a build/sam_e54_cult/production/_ext/1360937237/gmac.o
 .debug_str     0x0000000000008b5c      0x4f7 build/sam_e54_cult/production/_ext/1360937237/ptp.o
 .debug_str     0x0000000000009053      0x341 build/sam_e54_cult/production/_ext/1360937237/ethernet.o
 .debug_str     0x0000000000009394      0x206 c:/program files/microchip/xc32/v4.60/bin/bin/../../lib/gcc/pic32c/8.3.1/../../../../pic32c/lib/thumb/v7e-m+fp/hard\libpic32c.a(data_init.o)
 .debug_str     0x000000000000959a      0x22f c:/program files/microchip/xc32/v4.60/bin/bin/../../lib/gcc/pic32c/8.3.1/../../../../pic32c/lib/thumb/v7e-m+fp/hard\libc-size-musl.a(memcpy.o)
 .debug_str     0x00000000000097c9      0x21b c:/program files/microchip/xc32/v4.60/bin/bin/../../lib/gcc/pic32c/8.3.1/../../../../pic32c/lib/thumb/v7e-m+fp/hard\libc-size-musl.a(memset.o)
 .debug_str     0x00000000000099e4      0x221 c:/program files/microchip/xc32/v4.60/bin/bin/../../lib/gcc/pic32c/8.3.1/../../../../pic32c/lib/thumb/v7e-m+fp/hard\libc-size-musl.a(strlen.o)
 .debug_str     0x0000000000009c05      0x3d4 c:/program files/microchip/xc32/v4.60/bin/bin/../../lib/gcc/pic32c/8.3.1/../../../../pic32c/lib/thumb/v7e-m+fp/hard\libc-musl.a(__libc_start_main.o)
 .debug_str     0x0000000000009fd9      0x33f c:/program files/microchip/xc32/v4.60/bin/bin/../../lib/gcc/pic32c/8.3.1/../../../../pic32c/lib/thumb/v7e-m+fp/hard\libc-musl.a(libc.o)
 .debug_str     0x000000000000a318      0x2f7 c:/program files/microchip/xc32/v4.60/bin/bin/../../lib/gcc/pic32c/8.3.1/../../../../pic32c/lib/thumb/v7e-m+fp/hard\libc-musl.a(__sio_sprintf_nu.o)
 .debug_str     0x000000000000a60f      0x2ff c:/program files/microchip/xc32/v4.60/bin/bin/../../lib/gcc/pic32c/8.3.1/../../../../pic32c/lib/thumb/v7e-m+fp/hard\libc-musl.a(__fmt_u.o)
 .debug_str     0x000000000000a90e      0x2d5 c:/program files/microchip/xc32/v4.60/bin/bin/../../lib/gcc/pic32c/8.3.1/../../../../pic32c/lib/thumb/v7e-m+fp/hard\libc-musl.a(__pop_int.o)
 .debug_str     0x000000000000abe3      0x2d7 c:/program files/microchip/xc32/v4.60/bin/bin/../../lib/gcc/pic32c/8.3.1/../../../../pic32c/lib/thumb/v7e-m+fp/hard\libc-musl.a(__pop_ptr.o)
 .debug_str     0x000000000000aeba      0x3f1 c:/program files/microchip/xc32/v4.60/bin/bin/../../lib/gcc/pic32c/8.3.1/../../../../pic32c/lib/thumb/v7e-m+fp/hard\libc-musl.a(__printf_core.o)
 .debug_str     0x000000000000b2ab      0x226 c:/program files/microchip/xc32/v4.60/bin/bin/../../lib/gcc/pic32c/8.3.1/../../../../pic32c/lib/thumb/v7e-m+fp/hard\libc-musl.a(atoi.o)
 .debug_str     0x000000000000b4d1      0x253 c:/program files/microchip/xc32/v4.60/bin/bin/../../lib/gcc/pic32c/8.3.1/../../../../pic32c/lib/thumb/v7e-m+fp/hard\libc-musl.a(tolower.o)
 .debug_str     0x000000000000b724      0x23f c:/program files/microchip/xc32/v4.60/bin/bin/../../lib/gcc/pic32c/8.3.1/../../../../pic32c/lib/thumb/v7e-m+fp/hard\libc-musl.a(__environ.o)
 .debug_str     0x000000000000b963      0x233 c:/program files/microchip/xc32/v4.60/bin/bin/../../lib/gcc/pic32c/8.3.1/../../../../pic32c/lib/thumb/v7e-m+fp/hard\libc-musl.a(__errno_location.o)
 .debug_str     0x000000000000bb96      0x2b0 c:/program files/microchip/xc32/v4.60/bin/bin/../../lib/gcc/pic32c/8.3.1/../../../../pic32c/lib/thumb/v7e-m+fp/hard\libc-musl.a(__int_vsprintf.o)
 .debug_str     0x000000000000be46      0x2bb c:/program files/microchip/xc32/v4.60/bin/bin/../../lib/gcc/pic32c/8.3.1/../../../../pic32c/lib/thumb/v7e-m+fp/hard\libc-musl.a(__cvt_u.o)
 .debug_str     0x000000000000c101      0x2ca c:/program files/microchip/xc32/v4.60/bin/bin/../../lib/gcc/pic32c/8.3.1/../../../../pic32c/lib/thumb/v7e-m+fp/hard\libc-musl.a(__pop_float.o)
 .debug_str     0x000000000000c3cb      0x2fe c:/program files/microchip/xc32/v4.60/bin/bin/../../lib/gcc/pic32c/8.3.1/../../../../pic32c/lib/thumb/v7e-m+fp/hard\libc-musl.a(__int_vsnprintf.o)
 .debug_str     0x000000000000c6c9      0x2f3 c:/program files/microchip/xc32/v4.60/bin/bin/../../lib/gcc/pic32c/8.3.1/../../../../pic32c/lib/thumb/v7e-m+fp/hard\libc-musl.a(__int_vfprintf.o)
 .debug_str     0x000000000000c9bc       0xd6 c:/program files/microchip/xc32/v4.60/bin/bin/../../lib/gcc/pic32c/8.3.1/thumb/v7e-m+fp/hard\libgcc.a(_aeabi_uldivmod.o)
 .debug_str     0x000000000000ca92      0x2cd c:/program files/microchip/xc32/v4.60/bin/bin/../../lib/gcc/pic32c/8.3.1/thumb/v7e-m+fp/hard\libgcc.a(_udivmoddi4.o)
 .debug_str     0x000000000000cd5f       0xda c:/program files/microchip/xc32/v4.60/bin/bin/../../lib/gcc/pic32c/8.3.1/thumb/v7e-m+fp/hard\libgcc.a(_dvmd_tls.o)
 .debug_str     0x000000000000ce39      0x1df c:/program files/microchip/xc32/v4.60/bin/bin/../../lib/gcc/pic32c/8.3.1/../../../../pic32c/lib/thumb/v7e-m+fp/hard\libpic32c.a(pic32_data_init_clear.o)
 .debug_str     0x000000000000d018      0x1dd c:/program files/microchip/xc32/v4.60/bin/bin/../../lib/gcc/pic32c/8.3.1/../../../../pic32c/lib/thumb/v7e-m+fp/hard\libpic32c.a(pic32_data_init_copy.o)

.debug_frame    0x0000000000000000     0x12dc
 .debug_frame   0x0000000000000000       0x20 build/sam_e54_cult/production/_ext/49303614/plib_clock.o
 .debug_frame   0x0000000000000020      0x178 build/sam_e54_cult/production/_ext/417202121/plib_dmac.o
 .debug_frame   0x0000000000000198       0x90 build/sam_e54_cult/production/_ext/125090035/plib_eic.o
 .debug_frame   0x0000000000000228       0x20 build/sam_e54_cult/production/_ext/47154128/plib_evsys.o
 .debug_frame   0x0000000000000248       0x5c build/sam_e54_cult/production/_ext/416895314/plib_nvic.o
 .debug_frame   0x00000000000002a4      0x1d8 build/sam_e54_cult/production/_ext/1320929860/plib_nvmctrl.o
 .debug_frame   0x000000000000047c       0xcc build/sam_e54_cult/production/_ext/416842163/plib_port.o
 .debug_frame   0x0000000000000548      0x148 build/sam_e54_cult/production/_ext/125102869/plib_rtc_timer.o
 .debug_frame   0x0000000000000690       0xe8 build/sam_e54_cult/production/_ext/666506505/plib_sercom6_i2c_master.o
 .debug_frame   0x0000000000000778      0x100 build/sam_e54_cult/production/_ext/1820158563/plib_sercom1_usart.o
 .debug_frame   0x0000000000000878       0x28 build/sam_e54_cult/production/_ext/67477800/initialization.o
 .debug_frame   0x00000000000008a0       0x20 build/sam_e54_cult/production/_ext/67477800/interrupts.o
 .debug_frame   0x00000000000008c0       0x70 build/sam_e54_cult/production/_ext/67477800/exceptions.o
 .debug_frame   0x0000000000000930       0x38 build/sam_e54_cult/production/_ext/67477800/startup_xc32.o
 .debug_frame   0x0000000000000968       0xa4 build/sam_e54_cult/production/_ext/1360937237/main.o
 .debug_frame   0x0000000000000a0c       0x70 build/sam_e54_cult/production/_ext/1360937237/port.o
 .debug_frame   0x0000000000000a7c       0xd4 build/sam_e54_cult/production/_ext/1360937237/phy_driver.o
 .debug_frame   0x0000000000000b50       0x68 build/sam_e54_cult/production/_ext/1360937237/mclk.o
 .debug_frame   0x0000000000000bb8      0x138 build/sam_e54_cult/production/_ext/1360937237/gmac.o
 .debug_frame   0x0000000000000cf0      0x138 build/sam_e54_cult/production/_ext/1360937237/ptp.o
 .debug_frame   0x0000000000000e28       0x38 build/sam_e54_cult/production/_ext/1360937237/ethernet.o
 .debug_frame   0x0000000000000e60       0x4c c:/program files/microchip/xc32/v4.60/bin/bin/../../lib/gcc/pic32c/8.3.1/../../../../pic32c/lib/thumb/v7e-m+fp/hard\libpic32c.a(data_init.o)
 .debug_frame   0x0000000000000eac       0x2c c:/program files/microchip/xc32/v4.60/bin/bin/../../lib/gcc/pic32c/8.3.1/../../../../pic32c/lib/thumb/v7e-m+fp/hard\libc-size-musl.a(memcpy.o)
 .debug_frame   0x0000000000000ed8       0x20 c:/program files/microchip/xc32/v4.60/bin/bin/../../lib/gcc/pic32c/8.3.1/../../../../pic32c/lib/thumb/v7e-m+fp/hard\libc-size-musl.a(memset.o)
 .debug_frame   0x0000000000000ef8       0x20 c:/program files/microchip/xc32/v4.60/bin/bin/../../lib/gcc/pic32c/8.3.1/../../../../pic32c/lib/thumb/v7e-m+fp/hard\libc-size-musl.a(strlen.o)
 .debug_frame   0x0000000000000f18       0x3c c:/program files/microchip/xc32/v4.60/bin/bin/../../lib/gcc/pic32c/8.3.1/../../../../pic32c/lib/thumb/v7e-m+fp/hard\libc-musl.a(__libc_start_main.o)
 .debug_frame   0x0000000000000f54       0x58 c:/program files/microchip/xc32/v4.60/bin/bin/../../lib/gcc/pic32c/8.3.1/../../../../pic32c/lib/thumb/v7e-m+fp/hard\libc-musl.a(__sio_sprintf_nu.o)
 .debug_frame   0x0000000000000fac       0x34 c:/program files/microchip/xc32/v4.60/bin/bin/../../lib/gcc/pic32c/8.3.1/../../../../pic32c/lib/thumb/v7e-m+fp/hard\libc-musl.a(__fmt_u.o)
 .debug_frame   0x0000000000000fe0       0x28 c:/program files/microchip/xc32/v4.60/bin/bin/../../lib/gcc/pic32c/8.3.1/../../../../pic32c/lib/thumb/v7e-m+fp/hard\libc-musl.a(__pop_int.o)
 .debug_frame   0x0000000000001008       0x28 c:/program files/microchip/xc32/v4.60/bin/bin/../../lib/gcc/pic32c/8.3.1/../../../../pic32c/lib/thumb/v7e-m+fp/hard\libc-musl.a(__pop_ptr.o)
 .debug_frame   0x0000000000001030       0xd0 c:/program files/microchip/xc32/v4.60/bin/bin/../../lib/gcc/pic32c/8.3.1/../../../../pic32c/lib/thumb/v7e-m+fp/hard\libc-musl.a(__printf_core.o)
 .debug_frame   0x0000000000001100       0x28 c:/program files/microchip/xc32/v4.60/bin/bin/../../lib/gcc/pic32c/8.3.1/../../../../pic32c/lib/thumb/v7e-m+fp/hard\libc-musl.a(atoi.o)
 .debug_frame   0x0000000000001128       0x30 c:/program files/microchip/xc32/v4.60/bin/bin/../../lib/gcc/pic32c/8.3.1/../../../../pic32c/lib/thumb/v7e-m+fp/hard\libc-musl.a(tolower.o)
 .debug_frame   0x0000000000001158       0x20 c:/program files/microchip/xc32/v4.60/bin/bin/../../lib/gcc/pic32c/8.3.1/../../../../pic32c/lib/thumb/v7e-m+fp/hard\libc-musl.a(__int_vsprintf.o)
 .debug_frame   0x0000000000001178       0x38 c:/program files/microchip/xc32/v4.60/bin/bin/../../lib/gcc/pic32c/8.3.1/../../../../pic32c/lib/thumb/v7e-m+fp/hard\libc-musl.a(__cvt_u.o)
 .debug_frame   0x00000000000011b0       0x20 c:/program files/microchip/xc32/v4.60/bin/bin/../../lib/gcc/pic32c/8.3.1/../../../../pic32c/lib/thumb/v7e-m+fp/hard\libc-musl.a(__pop_float.o)
 .debug_frame   0x00000000000011d0       0x34 c:/program files/microchip/xc32/v4.60/bin/bin/../../lib/gcc/pic32c/8.3.1/../../../../pic32c/lib/thumb/v7e-m+fp/hard\libc-musl.a(__int_vsnprintf.o)
 .debug_frame   0x0000000000001204       0x2c c:/program files/microchip/xc32/v4.60/bin/bin/../../lib/gcc/pic32c/8.3.1/../../../../pic32c/lib/thumb/v7e-m+fp/hard\libc-musl.a(__int_vfprintf.o)
 .debug_frame   0x0000000000001230       0x2c c:/program files/microchip/xc32/v4.60/bin/bin/../../lib/gcc/pic32c/8.3.1/thumb/v7e-m+fp/hard\libgcc.a(_aeabi_uldivmod.o)
 .debug_frame   0x000000000000125c       0x38 c:/program files/microchip/xc32/v4.60/bin/bin/../../lib/gcc/pic32c/8.3.1/thumb/v7e-m+fp/hard\libgcc.a(_udivmoddi4.o)
 .debug_frame   0x0000000000001294       0x20 c:/program files/microchip/xc32/v4.60/bin/bin/../../lib/gcc/pic32c/8.3.1/../../../../pic32c/lib/thumb/v7e-m+fp/hard\libpic32c.a(pic32_data_init_clear.o)
 .debug_frame   0x00000000000012b4       0x28 c:/program files/microchip/xc32/v4.60/bin/bin/../../lib/gcc/pic32c/8.3.1/../../../../pic32c/lib/thumb/v7e-m+fp/hard\libpic32c.a(pic32_data_init_copy.o)

.debug_loc      0x0000000000000000     0x72ed
 .debug_loc     0x0000000000000000      0x8e1 build/sam_e54_cult/production/_ext/417202121/plib_dmac.o
 .debug_loc     0x00000000000008e1      0x12e build/sam_e54_cult/production/_ext/125090035/plib_eic.o
 .debug_loc     0x0000000000000a0f      0x33f build/sam_e54_cult/production/_ext/416895314/plib_nvic.o
 .debug_loc     0x0000000000000d4e      0x83e build/sam_e54_cult/production/_ext/1320929860/plib_nvmctrl.o
 .debug_loc     0x000000000000158c      0x1bc build/sam_e54_cult/production/_ext/416842163/plib_port.o
 .debug_loc     0x0000000000001748       0xde build/sam_e54_cult/production/_ext/125102869/plib_rtc_timer.o
 .debug_loc     0x0000000000001826      0xcf9 build/sam_e54_cult/production/_ext/666506505/plib_sercom6_i2c_master.o
 .debug_loc     0x000000000000251f      0x649 build/sam_e54_cult/production/_ext/1820158563/plib_sercom1_usart.o
 .debug_loc     0x0000000000002b68       0x45 build/sam_e54_cult/production/_ext/67477800/initialization.o
 .debug_loc     0x0000000000002bad       0x4a build/sam_e54_cult/production/_ext/67477800/startup_xc32.o
 .debug_loc     0x0000000000002bf7      0x444 build/sam_e54_cult/production/_ext/1360937237/main.o
 .debug_loc     0x000000000000303b      0x702 build/sam_e54_cult/production/_ext/1360937237/phy_driver.o
 .debug_loc     0x000000000000373d      0xa3e build/sam_e54_cult/production/_ext/1360937237/mclk.o
 .debug_loc     0x000000000000417b      0x768 build/sam_e54_cult/production/_ext/1360937237/gmac.o
 .debug_loc     0x00000000000048e3      0x5d7 build/sam_e54_cult/production/_ext/1360937237/ptp.o
 .debug_loc     0x0000000000004eba      0x170 build/sam_e54_cult/production/_ext/1360937237/ethernet.o
 .debug_loc     0x000000000000502a       0x14 c:/program files/microchip/xc32/v4.60/bin/bin/../../lib/gcc/pic32c/8.3.1/../../../../pic32c/lib/thumb/v7e-m+fp/hard\libpic32c.a(data_init.o)
 .debug_loc     0x000000000000503e      0x10b c:/program files/microchip/xc32/v4.60/bin/bin/../../lib/gcc/pic32c/8.3.1/../../../../pic32c/lib/thumb/v7e-m+fp/hard\libc-size-musl.a(memcpy.o)
 .debug_loc     0x0000000000005149       0x7d c:/program files/microchip/xc32/v4.60/bin/bin/../../lib/gcc/pic32c/8.3.1/../../../../pic32c/lib/thumb/v7e-m+fp/hard\libc-size-musl.a(memset.o)
 .debug_loc     0x00000000000051c6       0x90 c:/program files/microchip/xc32/v4.60/bin/bin/../../lib/gcc/pic32c/8.3.1/../../../../pic32c/lib/thumb/v7e-m+fp/hard\libc-size-musl.a(strlen.o)
 .debug_loc     0x0000000000005256       0x51 c:/program files/microchip/xc32/v4.60/bin/bin/../../lib/gcc/pic32c/8.3.1/../../../../pic32c/lib/thumb/v7e-m+fp/hard\libc-musl.a(__libc_start_main.o)
 .debug_loc     0x00000000000052a7       0xb6 c:/program files/microchip/xc32/v4.60/bin/bin/../../lib/gcc/pic32c/8.3.1/../../../../pic32c/lib/thumb/v7e-m+fp/hard\libc-musl.a(__sio_sprintf_nu.o)
 .debug_loc     0x000000000000535d      0x10a c:/program files/microchip/xc32/v4.60/bin/bin/../../lib/gcc/pic32c/8.3.1/../../../../pic32c/lib/thumb/v7e-m+fp/hard\libc-musl.a(__fmt_u.o)
 .debug_loc     0x0000000000005467      0x2f5 c:/program files/microchip/xc32/v4.60/bin/bin/../../lib/gcc/pic32c/8.3.1/../../../../pic32c/lib/thumb/v7e-m+fp/hard\libc-musl.a(__pop_int.o)
 .debug_loc     0x000000000000575c      0x1db c:/program files/microchip/xc32/v4.60/bin/bin/../../lib/gcc/pic32c/8.3.1/../../../../pic32c/lib/thumb/v7e-m+fp/hard\libc-musl.a(__pop_ptr.o)
 .debug_loc     0x0000000000005937      0x5e9 c:/program files/microchip/xc32/v4.60/bin/bin/../../lib/gcc/pic32c/8.3.1/../../../../pic32c/lib/thumb/v7e-m+fp/hard\libc-musl.a(__printf_core.o)
 .debug_loc     0x0000000000005f20       0xd8 c:/program files/microchip/xc32/v4.60/bin/bin/../../lib/gcc/pic32c/8.3.1/../../../../pic32c/lib/thumb/v7e-m+fp/hard\libc-musl.a(atoi.o)
 .debug_loc     0x0000000000005ff8       0x4a c:/program files/microchip/xc32/v4.60/bin/bin/../../lib/gcc/pic32c/8.3.1/../../../../pic32c/lib/thumb/v7e-m+fp/hard\libc-musl.a(tolower.o)
 .debug_loc     0x0000000000006042       0x6c c:/program files/microchip/xc32/v4.60/bin/bin/../../lib/gcc/pic32c/8.3.1/../../../../pic32c/lib/thumb/v7e-m+fp/hard\libc-musl.a(__int_vsprintf.o)
 .debug_loc     0x00000000000060ae      0x197 c:/program files/microchip/xc32/v4.60/bin/bin/../../lib/gcc/pic32c/8.3.1/../../../../pic32c/lib/thumb/v7e-m+fp/hard\libc-musl.a(__cvt_u.o)
 .debug_loc     0x0000000000006245       0xa6 c:/program files/microchip/xc32/v4.60/bin/bin/../../lib/gcc/pic32c/8.3.1/../../../../pic32c/lib/thumb/v7e-m+fp/hard\libc-musl.a(__pop_float.o)
 .debug_loc     0x00000000000062eb       0xfd c:/program files/microchip/xc32/v4.60/bin/bin/../../lib/gcc/pic32c/8.3.1/../../../../pic32c/lib/thumb/v7e-m+fp/hard\libc-musl.a(__int_vsnprintf.o)
 .debug_loc     0x00000000000063e8       0x88 c:/program files/microchip/xc32/v4.60/bin/bin/../../lib/gcc/pic32c/8.3.1/../../../../pic32c/lib/thumb/v7e-m+fp/hard\libc-musl.a(__int_vfprintf.o)
 .debug_loc     0x0000000000006470      0xe69 c:/program files/microchip/xc32/v4.60/bin/bin/../../lib/gcc/pic32c/8.3.1/thumb/v7e-m+fp/hard\libgcc.a(_udivmoddi4.o)
 .debug_loc     0x00000000000072d9       0x14 c:/program files/microchip/xc32/v4.60/bin/bin/../../lib/gcc/pic32c/8.3.1/../../../../pic32c/lib/thumb/v7e-m+fp/hard\libpic32c.a(pic32_data_init_copy.o)

.note.GNU-stack
                0x0000000000000000        0x0
 .note.GNU-stack
                0x0000000000000000        0x0 c:/program files/microchip/xc32/v4.60/bin/bin/../../lib/gcc/pic32c/8.3.1/../../../../pic32c/lib/thumb/v7e-m+fp/hard\libc-size-musl.a(memcpy.o)
 .note.GNU-stack
                0x0000000000000000        0x0 c:/program files/microchip/xc32/v4.60/bin/bin/../../lib/gcc/pic32c/8.3.1/../../../../pic32c/lib/thumb/v7e-m+fp/hard\libc-size-musl.a(memset.o)
 .note.GNU-stack
                0x0000000000000000        0x0 c:/program files/microchip/xc32/v4.60/bin/bin/../../lib/gcc/pic32c/8.3.1/../../../../pic32c/lib/thumb/v7e-m+fp/hard\libc-size-musl.a(strlen.o)
 .note.GNU-stack
                0x0000000000000000        0x0 c:/program files/microchip/xc32/v4.60/bin/bin/../../lib/gcc/pic32c/8.3.1/../../../../pic32c/lib/thumb/v7e-m+fp/hard\libc-musl.a(__libc_start_main.o)
 .note.GNU-stack
                0x0000000000000000        0x0 c:/program files/microchip/xc32/v4.60/bin/bin/../../lib/gcc/pic32c/8.3.1/../../../../pic32c/lib/thumb/v7e-m+fp/hard\libc-musl.a(libc.o)
 .note.GNU-stack
                0x0000000000000000        0x0 c:/program files/microchip/xc32/v4.60/bin/bin/../../lib/gcc/pic32c/8.3.1/../../../../pic32c/lib/thumb/v7e-m+fp/hard\libc-musl.a(__sio_sprintf_nu.o)
 .note.GNU-stack
                0x0000000000000000        0x0 c:/program files/microchip/xc32/v4.60/bin/bin/../../lib/gcc/pic32c/8.3.1/../../../../pic32c/lib/thumb/v7e-m+fp/hard\libc-musl.a(__fmt_u.o)
 .note.GNU-stack
                0x0000000000000000        0x0 c:/program files/microchip/xc32/v4.60/bin/bin/../../lib/gcc/pic32c/8.3.1/../../../../pic32c/lib/thumb/v7e-m+fp/hard\libc-musl.a(__pop_int.o)
 .note.GNU-stack
                0x0000000000000000        0x0 c:/program files/microchip/xc32/v4.60/bin/bin/../../lib/gcc/pic32c/8.3.1/../../../../pic32c/lib/thumb/v7e-m+fp/hard\libc-musl.a(__pop_ptr.o)
 .note.GNU-stack
                0x0000000000000000        0x0 c:/program files/microchip/xc32/v4.60/bin/bin/../../lib/gcc/pic32c/8.3.1/../../../../pic32c/lib/thumb/v7e-m+fp/hard\libc-musl.a(__printf_core.o)
 .note.GNU-stack
                0x0000000000000000        0x0 c:/program files/microchip/xc32/v4.60/bin/bin/../../lib/gcc/pic32c/8.3.1/../../../../pic32c/lib/thumb/v7e-m+fp/hard\libc-musl.a(atoi.o)
 .note.GNU-stack
                0x0000000000000000        0x0 c:/program files/microchip/xc32/v4.60/bin/bin/../../lib/gcc/pic32c/8.3.1/../../../../pic32c/lib/thumb/v7e-m+fp/hard\libc-musl.a(tolower.o)
 .note.GNU-stack
                0x0000000000000000        0x0 c:/program files/microchip/xc32/v4.60/bin/bin/../../lib/gcc/pic32c/8.3.1/../../../../pic32c/lib/thumb/v7e-m+fp/hard\libc-musl.a(__environ.o)
 .note.GNU-stack
                0x0000000000000000        0x0 c:/program files/microchip/xc32/v4.60/bin/bin/../../lib/gcc/pic32c/8.3.1/../../../../pic32c/lib/thumb/v7e-m+fp/hard\libc-musl.a(__errno_location.o)
 .note.GNU-stack
                0x0000000000000000        0x0 c:/program files/microchip/xc32/v4.60/bin/bin/../../lib/gcc/pic32c/8.3.1/../../../../pic32c/lib/thumb/v7e-m+fp/hard\libc-musl.a(__int_vsprintf.o)
 .note.GNU-stack
                0x0000000000000000        0x0 c:/program files/microchip/xc32/v4.60/bin/bin/../../lib/gcc/pic32c/8.3.1/../../../../pic32c/lib/thumb/v7e-m+fp/hard\libc-musl.a(__cvt_u.o)
 .note.GNU-stack
                0x0000000000000000        0x0 c:/program files/microchip/xc32/v4.60/bin/bin/../../lib/gcc/pic32c/8.3.1/../../../../pic32c/lib/thumb/v7e-m+fp/hard\libc-musl.a(__pop_float.o)
 .note.GNU-stack
                0x0000000000000000        0x0 c:/program files/microchip/xc32/v4.60/bin/bin/../../lib/gcc/pic32c/8.3.1/../../../../pic32c/lib/thumb/v7e-m+fp/hard\libc-musl.a(__int_vsnprintf.o)
 .note.GNU-stack
                0x0000000000000000        0x0 c:/program files/microchip/xc32/v4.60/bin/bin/../../lib/gcc/pic32c/8.3.1/../../../../pic32c/lib/thumb/v7e-m+fp/hard\libc-musl.a(__int_vfprintf.o)

.stack          0x0000000020017168      0x100
 .stack         0x0000000020017168      0x100 stack

.bss.eicCallbackObject%1
                0x0000000020016d88       0xc0
 .bss.eicCallbackObject
                0x0000000020016d88       0xc0 build/sam_e54_cult/production/_ext/125090035/plib_eic.o

.bss%2          0x0000000020016e48       0x50
 .bss           0x0000000020016e48       0x50 c:/program files/microchip/xc32/v4.60/bin/bin/../../lib/gcc/pic32c/8.3.1/../../../../pic32c/lib/thumb/v7e-m+fp/hard\libc-musl.a(libc.o)
                0x0000000020016e48                __progname_full
                0x0000000020016e48                program_invocation_name
                0x0000000020016e4c                program_invocation_short_name
                0x0000000020016e4c                __progname
                0x0000000020016e50                __sysinfo
                0x0000000020016e54                __hwcap
                0x0000000020016e58                __libc

.bss.sercom6I2CObj%3
                0x0000000020016e98       0x2c
 .bss.sercom6I2CObj
                0x0000000020016e98       0x2c build/sam_e54_cult/production/_ext/666506505/plib_sercom6_i2c_master.o

.bss%4          0x0000000020016ec4       0x1c
 .bss           0x0000000020016ec4       0x1c c:/program files/microchip/xc32/v4.60/bin/bin/../../lib/gcc/pic32c/8.3.1/thumb/v7e-m+fp/hard/crtbegin.o

.bss.descriptor_section%5
                0x0000000020016ee0       0x10
 .bss.descriptor_section
                0x0000000020016ee0       0x10 build/sam_e54_cult/production/_ext/417202121/plib_dmac.o

.bss.dmacChannelObj%6
                0x0000000020016ef0       0x10
 .bss.dmacChannelObj
                0x0000000020016ef0       0x10 build/sam_e54_cult/production/_ext/417202121/plib_dmac.o

.bss.write_back_section%7
                0x0000000020016f00       0x10
 .bss.write_back_section
                0x0000000020016f00       0x10 build/sam_e54_cult/production/_ext/417202121/plib_dmac.o

.bss.rtcObj%8   0x0000000020016f10        0xc
 .bss.rtcObj    0x0000000020016f10        0xc build/sam_e54_cult/production/_ext/125102869/plib_rtc_timer.o

.bss.op_number%9
                0x0000000020016f1c        0x4
 .bss.op_number
                0x0000000020016f1c        0x4 build/sam_e54_cult/production/_ext/1360937237/main.o
                0x0000000020016f1c                op_number

.bss.nanoseconds%10
                0x0000000020016f20        0x4
 .bss.nanoseconds
                0x0000000020016f20        0x4 build/sam_e54_cult/production/_ext/1360937237/gmac.o
                0x0000000020016f20                nanoseconds

.bss.seconds_low%11
                0x0000000020016f24        0x4
 .bss.seconds_low
                0x0000000020016f24        0x4 build/sam_e54_cult/production/_ext/1360937237/gmac.o
                0x0000000020016f24                seconds_low

.bss%12         0x0000000020016f28        0x4
 .bss           0x0000000020016f28        0x4 c:/program files/microchip/xc32/v4.60/bin/bin/../../lib/gcc/pic32c/8.3.1/../../../../pic32c/lib/thumb/v7e-m+fp/hard\libpic32c.a(data_init.o)

.bss%13         0x0000000020016f2c        0x4
 .bss           0x0000000020016f2c        0x4 c:/program files/microchip/xc32/v4.60/bin/bin/../../lib/gcc/pic32c/8.3.1/../../../../pic32c/lib/thumb/v7e-m+fp/hard\libc-musl.a(__environ.o)
                0x0000000020016f2c                __environ
                0x0000000020016f2c                environ
                0x0000000020016f2c                ___environ
                0x0000000020016f2c                _environ

.bss%14         0x0000000020016f30        0x4
 .bss           0x0000000020016f30        0x4 c:/program files/microchip/xc32/v4.60/bin/bin/../../lib/gcc/pic32c/8.3.1/../../../../pic32c/lib/thumb/v7e-m+fp/hard\libc-musl.a(__errno_location.o)
                0x0000000020016f30                __errno_val

.bss.finished_rx_ops%15
                0x0000000020016f34        0x2
 .bss.finished_rx_ops
                0x0000000020016f34        0x2 build/sam_e54_cult/production/_ext/1360937237/main.o
                0x0000000020016f34                finished_rx_ops

.bss.finished_tx_ops%16
                0x0000000020016f36        0x2
 .bss.finished_tx_ops
                0x0000000020016f36        0x2 build/sam_e54_cult/production/_ext/1360937237/main.o
                0x0000000020016f36                finished_tx_ops

.bss.next_rx_op_idx%17
                0x0000000020016f38        0x2
 .bss.next_rx_op_idx
                0x0000000020016f38        0x2 build/sam_e54_cult/production/_ext/1360937237/main.o
                0x0000000020016f38                next_rx_op_idx

.bss.next_tx_op_idx%18
                0x0000000020016f3a        0x2
 .bss.next_tx_op_idx
                0x0000000020016f3a        0x2 build/sam_e54_cult/production/_ext/1360937237/main.o
                0x0000000020016f3a                next_tx_op_idx

.bss.rx_op_dequeue%19
                0x0000000020016f3c        0x1
 .bss.rx_op_dequeue
                0x0000000020016f3c        0x1 build/sam_e54_cult/production/_ext/1360937237/main.o
                0x0000000020016f3c                rx_op_dequeue

.bss.stop%20    0x0000000020016f3d        0x1
 .bss.stop      0x0000000020016f3d        0x1 build/sam_e54_cult/production/_ext/1360937237/main.o
                0x0000000020016f3d                stop

.bss.tx_op_dequeue%21
                0x0000000020016f3e        0x1
 .bss.tx_op_dequeue
                0x0000000020016f3e        0x1 build/sam_e54_cult/production/_ext/1360937237/main.o
                0x0000000020016f3e                tx_op_dequeue

.bss.free_next%22
                0x0000000020016f3f        0x1
 .bss.free_next
                0x0000000020016f3f        0x1 build/sam_e54_cult/production/_ext/1360937237/gmac.o
                0x0000000020016f3f                free_next

.bss.rx_descr_idx%23
                0x0000000020016f40        0x1
 .bss.rx_descr_idx
                0x0000000020016f40        0x1 build/sam_e54_cult/production/_ext/1360937237/gmac.o
                0x0000000020016f40                rx_descr_idx

.bss.rx_enqueue%24
                0x0000000020016f41        0x1
 .bss.rx_enqueue
                0x0000000020016f41        0x1 build/sam_e54_cult/production/_ext/1360937237/gmac.o
                0x0000000020016f41                rx_enqueue

.bss.rx_op_complete%25
                0x0000000020016f42        0x1
 .bss.rx_op_complete
                0x0000000020016f42        0x1 build/sam_e54_cult/production/_ext/1360937237/gmac.o
                0x0000000020016f42                rx_op_complete

.bss.tsr_status%26
                0x0000000020016f43        0x1
 .bss.tsr_status
                0x0000000020016f43        0x1 build/sam_e54_cult/production/_ext/1360937237/gmac.o
                0x0000000020016f43                tsr_status

.bss.tx_op_complete%27
                0x0000000020016f44        0x1
 .bss.tx_op_complete
                0x0000000020016f44        0x1 build/sam_e54_cult/production/_ext/1360937237/gmac.o
                0x0000000020016f44                tx_op_complete

.bss.tx_queue_idx%28
                0x0000000020016f45        0x1
 .bss.tx_queue_idx
                0x0000000020016f45        0x1 build/sam_e54_cult/production/_ext/1360937237/gmac.o
                0x0000000020016f45                tx_queue_idx

.bss.use_next%29
                0x0000000020016f46        0x1
 .bss.use_next  0x0000000020016f46        0x1 build/sam_e54_cult/production/_ext/1360937237/gmac.o
                0x0000000020016f46                use_next

.data.isUARTTxComplete%30
                0x0000000020016f47        0x1
 .data.isUARTTxComplete
                0x0000000020016f47        0x1 build/sam_e54_cult/production/_ext/1360937237/main.o

.data.send%31   0x0000000020016f48        0x1
 .data.send     0x0000000020016f48        0x1 build/sam_e54_cult/production/_ext/1360937237/main.o
                0x0000000020016f48                send

.data.buffer_space%32
                0x0000000020016f49        0x1
 .data.buffer_space
                0x0000000020016f49        0x1 build/sam_e54_cult/production/_ext/1360937237/gmac.o
                0x0000000020016f49                buffer_space

.eh_frame%z1    0x0000000000000000        0x0
 .eh_frame      0x0000000000000000        0x0 c:/program files/microchip/xc32/v4.60/bin/bin/../../lib/gcc/pic32c/8.3.1/thumb/v7e-m+fp/hard/crtbegin.o

.config_00804000.__config_00804000%33
                0x0000000000804000        0x4
 .config_00804000.__config_00804000
                0x0000000000804000        0x4 build/sam_e54_cult/production/_ext/67477800/initialization.o
                0x0000000000804000                __config_00804000

.config_00804004.__config_00804004%34
                0x0000000000804004        0x4
 .config_00804004.__config_00804004
                0x0000000000804004        0x4 build/sam_e54_cult/production/_ext/67477800/initialization.o
                0x0000000000804004                __config_00804004

.config_00804008.__config_00804008%35
                0x0000000000804008        0x4
 .config_00804008.__config_00804008
                0x0000000000804008        0x4 build/sam_e54_cult/production/_ext/67477800/initialization.o
                0x0000000000804008                __config_00804008

.text.main%36   0x000000000000028c      0x3d4
 .text.main     0x000000000000028c      0x3d4 build/sam_e54_cult/production/_ext/1360937237/main.o
                0x000000000000028c                main

.text.__printf_core%37
                0x0000000000000660      0x308
 .text.__printf_core
                0x0000000000000660      0x308 c:/program files/microchip/xc32/v4.60/bin/bin/../../lib/gcc/pic32c/8.3.1/../../../../pic32c/lib/thumb/v7e-m+fp/hard\libc-musl.a(__printf_core.o)
                0x0000000000000660                __printf_core

.text%38        0x0000000000000968      0x2bc
 .text          0x0000000000000968      0x2bc c:/program files/microchip/xc32/v4.60/bin/bin/../../lib/gcc/pic32c/8.3.1/thumb/v7e-m+fp/hard\libgcc.a(_udivmoddi4.o)
                0x0000000000000968                __udivmoddi4

.text.GMAC_Handler%39
                0x0000000000000c24      0x294
 .text.GMAC_Handler
                0x0000000000000c24      0x294 build/sam_e54_cult/production/_ext/1360937237/gmac.o
                0x0000000000000c24                GMAC_Handler

.text.SERCOM6_I2C_InterruptHandler%40
                0x0000000000000eb8      0x1bc
 .text.SERCOM6_I2C_InterruptHandler
                0x0000000000000eb8      0x1bc build/sam_e54_cult/production/_ext/666506505/plib_sercom6_i2c_master.o
                0x0000000000000eb8                SERCOM6_I2C_InterruptHandler

.text._mclk_enable_apba_peripheral%41
                0x0000000000001074      0x190
 .text._mclk_enable_apba_peripheral
                0x0000000000001074      0x190 build/sam_e54_cult/production/_ext/1360937237/mclk.o
                0x0000000000001074                _mclk_enable_apba_peripheral

.text._mclk_enable_apbb_peripheral%42
                0x0000000000001204      0x180
 .text._mclk_enable_apbb_peripheral
                0x0000000000001204      0x180 build/sam_e54_cult/production/_ext/1360937237/mclk.o
                0x0000000000001204                _mclk_enable_apbb_peripheral

.text._mclk_enable_apbc_peripheral%43
                0x0000000000001384      0x148
 .text._mclk_enable_apbc_peripheral
                0x0000000000001384      0x148 build/sam_e54_cult/production/_ext/1360937237/mclk.o
                0x0000000000001384                _mclk_enable_apbc_peripheral

.text._mclk_enable_apbd_peripheral%44
                0x00000000000014cc      0x128
 .text._mclk_enable_apbd_peripheral
                0x00000000000014cc      0x128 build/sam_e54_cult/production/_ext/1360937237/mclk.o
                0x00000000000014cc                _mclk_enable_apbd_peripheral

.text.gmac_config_address_registers%45
                0x00000000000015f4      0x124
 .text.gmac_config_address_registers
                0x00000000000015f4      0x124 build/sam_e54_cult/production/_ext/1360937237/gmac.o
                0x00000000000015f4                gmac_config_address_registers

.text.LAN867x_init%46
                0x0000000000001718      0x11c
 .text.LAN867x_init
                0x0000000000001718      0x11c build/sam_e54_cult/production/_ext/1360937237/phy_driver.o
                0x0000000000001718                LAN867x_init

.dinit%47       0x0000000000001834      0x110
 .dinit         0x0000000000001834      0x110 data_init

.text.CLOCK_Initialize%48
                0x0000000000001944      0x100
 .text.CLOCK_Initialize
                0x0000000000001944      0x100 build/sam_e54_cult/production/_ext/49303614/plib_clock.o
                0x0000000000001944                CLOCK_Initialize

.text.port_set_rmii_pins%49
                0x0000000000001a44       0xf8
 .text.port_set_rmii_pins
                0x0000000000001a44       0xf8 build/sam_e54_cult/production/_ext/1360937237/port.o
                0x0000000000001a44                port_set_rmii_pins

.text.DMAC_ChannelTransfer%50
                0x0000000000001b3c       0xe8
 .text.DMAC_ChannelTransfer
                0x0000000000001b3c       0xe8 build/sam_e54_cult/production/_ext/417202121/plib_dmac.o
                0x0000000000001b3c                DMAC_ChannelTransfer

.text.gmac_send_frame%51
                0x0000000000001c24       0xdc
 .text.gmac_send_frame